../PeripheralDriver/Src/oled.c:8:6:OLED_Refresh_Gram	16	static
../PeripheralDriver/Src/oled.c:21:6:OLED_WR_Byte	24	static
../PeripheralDriver/Src/oled.c:44:6:OLED_Clear	16	static
../PeripheralDriver/Src/oled.c:56:6:OLED_Display_On	8	static
../PeripheralDriver/Src/oled.c:65:6:OLED_Display_Off	8	static
../PeripheralDriver/Src/oled.c:75:6:OLED_DrawPoint	24	static
../PeripheralDriver/Src/oled.c:91:6:OLED_ShowChar	32	static
../PeripheralDriver/Src/oled.c:120:10:oled_pow	24	static
../PeripheralDriver/Src/oled.c:131:6:OLED_ShowNumber	40	static
../PeripheralDriver/Src/oled.c:154:6:OLED_ShowString	24	static
../PeripheralDriver/Src/oled.c:176:6:OLED_ShowDecimal	56	static
../PeripheralDriver/Src/oled.c:215:6:OLED_Init	8	static
