Archive member included to satisfy reference by file (symbol)

/Applications/STM32CubeIDE.app/Contents/Eclipse/plugins/com.st.stm32cube.ide.mcu.externaltools.gnu-tools-for-stm32.11.3.rel1.macos64_1.1.0.202305231506/tools/bin/../lib/gcc/arm-none-eabi/11.3.1/../../../../arm-none-eabi/lib/thumb/v7e-m+fp/hard/libc_nano.a(libc_a-exit.o)
                              /Applications/STM32CubeIDE.app/Contents/Eclipse/plugins/com.st.stm32cube.ide.mcu.externaltools.gnu-tools-for-stm32.11.3.rel1.macos64_1.1.0.202305231506/tools/bin/../lib/gcc/arm-none-eabi/11.3.1/../../../../arm-none-eabi/lib/thumb/v7e-m+fp/hard/crt0.o (exit)
/Applications/STM32CubeIDE.app/Contents/Eclipse/plugins/com.st.stm32cube.ide.mcu.externaltools.gnu-tools-for-stm32.11.3.rel1.macos64_1.1.0.202305231506/tools/bin/../lib/gcc/arm-none-eabi/11.3.1/../../../../arm-none-eabi/lib/thumb/v7e-m+fp/hard/libc_nano.a(libc_a-snprintf.o)
                              ./Core/Src/main.o (snprintf)
/Applications/STM32CubeIDE.app/Contents/Eclipse/plugins/com.st.stm32cube.ide.mcu.externaltools.gnu-tools-for-stm32.11.3.rel1.macos64_1.1.0.202305231506/tools/bin/../lib/gcc/arm-none-eabi/11.3.1/../../../../arm-none-eabi/lib/thumb/v7e-m+fp/hard/libc_nano.a(libc_a-findfp.o)
                              /Applications/STM32CubeIDE.app/Contents/Eclipse/plugins/com.st.stm32cube.ide.mcu.externaltools.gnu-tools-for-stm32.11.3.rel1.macos64_1.1.0.202305231506/tools/bin/../lib/gcc/arm-none-eabi/11.3.1/../../../../arm-none-eabi/lib/thumb/v7e-m+fp/hard/libc_nano.a(libc_a-exit.o) (__stdio_exit_handler)
/Applications/STM32CubeIDE.app/Contents/Eclipse/plugins/com.st.stm32cube.ide.mcu.externaltools.gnu-tools-for-stm32.11.3.rel1.macos64_1.1.0.202305231506/tools/bin/../lib/gcc/arm-none-eabi/11.3.1/../../../../arm-none-eabi/lib/thumb/v7e-m+fp/hard/libc_nano.a(libc_a-fwalk.o)
                              /Applications/STM32CubeIDE.app/Contents/Eclipse/plugins/com.st.stm32cube.ide.mcu.externaltools.gnu-tools-for-stm32.11.3.rel1.macos64_1.1.0.202305231506/tools/bin/../lib/gcc/arm-none-eabi/11.3.1/../../../../arm-none-eabi/lib/thumb/v7e-m+fp/hard/libc_nano.a(libc_a-findfp.o) (_fwalk_sglue)
/Applications/STM32CubeIDE.app/Contents/Eclipse/plugins/com.st.stm32cube.ide.mcu.externaltools.gnu-tools-for-stm32.11.3.rel1.macos64_1.1.0.202305231506/tools/bin/../lib/gcc/arm-none-eabi/11.3.1/../../../../arm-none-eabi/lib/thumb/v7e-m+fp/hard/libc_nano.a(libc_a-memset.o)
                              /Applications/STM32CubeIDE.app/Contents/Eclipse/plugins/com.st.stm32cube.ide.mcu.externaltools.gnu-tools-for-stm32.11.3.rel1.macos64_1.1.0.202305231506/tools/bin/../lib/gcc/arm-none-eabi/11.3.1/../../../../arm-none-eabi/lib/thumb/v7e-m+fp/hard/crt0.o (memset)
/Applications/STM32CubeIDE.app/Contents/Eclipse/plugins/com.st.stm32cube.ide.mcu.externaltools.gnu-tools-for-stm32.11.3.rel1.macos64_1.1.0.202305231506/tools/bin/../lib/gcc/arm-none-eabi/11.3.1/../../../../arm-none-eabi/lib/thumb/v7e-m+fp/hard/libc_nano.a(libc_a-impure.o)
                              /Applications/STM32CubeIDE.app/Contents/Eclipse/plugins/com.st.stm32cube.ide.mcu.externaltools.gnu-tools-for-stm32.11.3.rel1.macos64_1.1.0.202305231506/tools/bin/../lib/gcc/arm-none-eabi/11.3.1/../../../../arm-none-eabi/lib/thumb/v7e-m+fp/hard/libc_nano.a(libc_a-snprintf.o) (_impure_ptr)
/Applications/STM32CubeIDE.app/Contents/Eclipse/plugins/com.st.stm32cube.ide.mcu.externaltools.gnu-tools-for-stm32.11.3.rel1.macos64_1.1.0.202305231506/tools/bin/../lib/gcc/arm-none-eabi/11.3.1/../../../../arm-none-eabi/lib/thumb/v7e-m+fp/hard/libc_nano.a(libc_a-errno.o)
                              ./Core/Src/syscalls.o (__errno)
/Applications/STM32CubeIDE.app/Contents/Eclipse/plugins/com.st.stm32cube.ide.mcu.externaltools.gnu-tools-for-stm32.11.3.rel1.macos64_1.1.0.202305231506/tools/bin/../lib/gcc/arm-none-eabi/11.3.1/../../../../arm-none-eabi/lib/thumb/v7e-m+fp/hard/libc_nano.a(libc_a-init.o)
                              /Applications/STM32CubeIDE.app/Contents/Eclipse/plugins/com.st.stm32cube.ide.mcu.externaltools.gnu-tools-for-stm32.11.3.rel1.macos64_1.1.0.202305231506/tools/bin/../lib/gcc/arm-none-eabi/11.3.1/../../../../arm-none-eabi/lib/thumb/v7e-m+fp/hard/crt0.o (__libc_init_array)
/Applications/STM32CubeIDE.app/Contents/Eclipse/plugins/com.st.stm32cube.ide.mcu.externaltools.gnu-tools-for-stm32.11.3.rel1.macos64_1.1.0.202305231506/tools/bin/../lib/gcc/arm-none-eabi/11.3.1/../../../../arm-none-eabi/lib/thumb/v7e-m+fp/hard/libc_nano.a(libc_a-lock.o)
                              /Applications/STM32CubeIDE.app/Contents/Eclipse/plugins/com.st.stm32cube.ide.mcu.externaltools.gnu-tools-for-stm32.11.3.rel1.macos64_1.1.0.202305231506/tools/bin/../lib/gcc/arm-none-eabi/11.3.1/../../../../arm-none-eabi/lib/thumb/v7e-m+fp/hard/libc_nano.a(libc_a-findfp.o) (__retarget_lock_init_recursive)
[...]
Memory Configuration

Name             Origin             Length             Attributes
CCMRAM           0x0000000010000000 0x0000000000010000 xrw
RAM              0x0000000020000000 0x0000000000020000 xrw
FLASH            0x0000000008000000 0x0000000000080000 xr
*default*        0x0000000000000000 0xffffffffffffffff

Linker script and memory map

LOAD /Applications/STM32CubeIDE.app/Contents/Eclipse/plugins/com.st.stm32cube.ide.mcu.externaltools.gnu-tools-for-stm32.11.3.rel1.macos64_1.1.0.202305231506/tools/bin/../lib/gcc/arm-none-eabi/11.3.1/thumb/v7e-m+fp/hard/crti.o
LOAD /Applications/STM32CubeIDE.app/Contents/Eclipse/plugins/com.st.stm32cube.ide.mcu.externaltools.gnu-tools-for-stm32.11.3.rel1.macos64_1.1.0.202305231506/tools/bin/../lib/gcc/arm-none-eabi/11.3.1/thumb/v7e-m+fp/hard/crtbegin.o
LOAD /Applications/STM32CubeIDE.app/Contents/Eclipse/plugins/com.st.stm32cube.ide.mcu.externaltools.gnu-tools-for-stm32.11.3.rel1.macos64_1.1.0.202305231506/tools/bin/../lib/gcc/arm-none-eabi/11.3.1/../../../../arm-none-eabi/lib/thumb/v7e-m+fp/hard/crt0.o
LOAD ./Core/Src/freertos.o
LOAD ./Core/Src/main.o
LOAD ./Core/Src/stm32f4xx_hal_msp.o
LOAD ./Core/Src/stm32f4xx_hal_timebase_tim.o
LOAD ./Core/Src/stm32f4xx_it.o
LOAD ./Core/Src/syscalls.o
LOAD ./Core/Src/sysmem.o
LOAD ./Core/Src/system_stm32f4xx.o
LOAD ./Core/Startup/startup_stm32f407vetx.o
LOAD ./Drivers/STM32F4xx_HAL_Driver/Src/stm32f4xx_hal.o
LOAD ./Drivers/STM32F4xx_HAL_Driver/Src/stm32f4xx_hal_cortex.o
LOAD ./Drivers/STM32F4xx_HAL_Driver/Src/stm32f4xx_hal_dma.o
LOAD ./Drivers/STM32F4xx_HAL_Driver/Src/stm32f4xx_hal_dma_ex.o
LOAD ./Drivers/STM32F4xx_HAL_Driver/Src/stm32f4xx_hal_exti.o
LOAD ./Drivers/STM32F4xx_HAL_Driver/Src/stm32f4xx_hal_flash.o
LOAD ./Drivers/STM32F4xx_HAL_Driver/Src/stm32f4xx_hal_flash_ex.o
LOAD ./Drivers/STM32F4xx_HAL_Driver/Src/stm32f4xx_hal_flash_ramfunc.o
LOAD ./Drivers/STM32F4xx_HAL_Driver/Src/stm32f4xx_hal_gpio.o
LOAD ./Drivers/STM32F4xx_HAL_Driver/Src/stm32f4xx_hal_i2c.o
LOAD ./Drivers/STM32F4xx_HAL_Driver/Src/stm32f4xx_hal_i2c_ex.o
LOAD ./Drivers/STM32F4xx_HAL_Driver/Src/stm32f4xx_hal_pwr.o
LOAD ./Drivers/STM32F4xx_HAL_Driver/Src/stm32f4xx_hal_pwr_ex.o
LOAD ./Drivers/STM32F4xx_HAL_Driver/Src/stm32f4xx_hal_rcc.o
LOAD ./Drivers/STM32F4xx_HAL_Driver/Src/stm32f4xx_hal_rcc_ex.o
LOAD ./Drivers/STM32F4xx_HAL_Driver/Src/stm32f4xx_hal_tim.o
LOAD ./Drivers/STM32F4xx_HAL_Driver/Src/stm32f4xx_hal_tim_ex.o
LOAD ./Drivers/STM32F4xx_HAL_Driver/Src/stm32f4xx_hal_uart.o
LOAD ./Middlewares/Third_Party/FreeRTOS/Source/CMSIS_RTOS_V2/cmsis_os2.o
LOAD ./Middlewares/Third_Party/FreeRTOS/Source/croutine.o
LOAD ./Middlewares/Third_Party/FreeRTOS/Source/event_groups.o
LOAD ./Middlewares/Third_Party/FreeRTOS/Source/list.o
LOAD ./Middlewares/Third_Party/FreeRTOS/Source/queue.o
LOAD ./Middlewares/Third_Party/FreeRTOS/Source/stream_buffer.o
LOAD ./Middlewares/Third_Party/FreeRTOS/Source/tasks.o
LOAD ./Middlewares/Third_Party/FreeRTOS/Source/timers.o
LOAD ./Middlewares/Third_Party/FreeRTOS/Source/portable/GCC/ARM_CM4F/port.o
LOAD ./Middlewares/Third_Party/FreeRTOS/Source/portable/MemMang/heap_4.o
LOAD ./PeripheralDriver/Src/ICM20948.o
LOAD ./PeripheralDriver/Src/oled.o
START GROUP
LOAD /Applications/STM32CubeIDE.app/Contents/Eclipse/plugins/com.st.stm32cube.ide.mcu.externaltools.gnu-tools-for-stm32.11.3.rel1.macos64_1.1.0.202305231506/tools/bin/../lib/gcc/arm-none-eabi/11.3.1/../../../../arm-none-eabi/lib/thumb/v7e-m+fp/hard/libc_nano.a
LOAD /Applications/STM32CubeIDE.app/Contents/Eclipse/plugins/com.st.stm32cube.ide.mcu.externaltools.gnu-tools-for-stm32.11.3.rel1.macos64_1.1.0.202305231506/tools/bin/../lib/gcc/arm-none-eabi/11.3.1/../../../../arm-none-eabi/lib/thumb/v7e-m+fp/hard/libm.a
END GROUP
START GROUP
LOAD /Applications/STM32CubeIDE.app/Contents/Eclipse/plugins/com.st.stm32cube.ide.mcu.externaltools.gnu-tools-for-stm32.11.3.rel1.macos64_1.1.0.202305231506/tools/bin/../lib/gcc/arm-none-eabi/11.3.1/thumb/v7e-m+fp/hard/libgcc.a
LOAD /Applications/STM32CubeIDE.app/Contents/Eclipse/plugins/com.st.stm32cube.ide.mcu.externaltools.gnu-tools-for-stm32.11.3.rel1.macos64_1.1.0.202305231506/tools/bin/../lib/gcc/arm-none-eabi/11.3.1/../../../../arm-none-eabi/lib/thumb/v7e-m+fp/hard/libc_nano.a
END GROUP
START GROUP
LOAD /Applications/STM32CubeIDE.app/Contents/Eclipse/plugins/com.st.stm32cube.ide.mcu.externaltools.gnu-tools-for-stm32.11.3.rel1.macos64_1.1.0.202305231506/tools/bin/../lib/gcc/arm-none-eabi/11.3.1/thumb/v7e-m+fp/hard/libgcc.a
LOAD /Applications/STM32CubeIDE.app/Contents/Eclipse/plugins/com.st.stm32cube.ide.mcu.externaltools.gnu-tools-for-stm32.11.3.rel1.macos64_1.1.0.202305231506/tools/bin/../lib/gcc/arm-none-eabi/11.3.1/../../../../arm-none-eabi/lib/thumb/v7e-m+fp/hard/libc_nano.a
LOAD /Applications/STM32CubeIDE.app/Contents/Eclipse/plugins/com.st.stm32cube.ide.mcu.externaltools.gnu-tools-for-stm32.11.3.rel1.macos64_1.1.0.202305231506/tools/bin/../lib/gcc/arm-none-eabi/11.3.1/../../../../arm-none-eabi/lib/thumb/v7e-m+fp/hard/libnosys.a
END GROUP
START GROUP
LOAD /Applications/STM32CubeIDE.app/Contents/Eclipse/plugins/com.st.stm32cube.ide.mcu.externaltools.gnu-tools-for-stm32.11.3.rel1.macos64_1.1.0.202305231506/tools/bin/../lib/gcc/arm-none-eabi/11.3.1/thumb/v7e-m+fp/hard/libgcc.a
LOAD /Applications/STM32CubeIDE.app/Contents/Eclipse/plugins/com.st.stm32cube.ide.mcu.externaltools.gnu-tools-for-stm32.11.3.rel1.macos64_1.1.0.202305231506/tools/bin/../lib/gcc/arm-none-eabi/11.3.1/../../../../arm-none-eabi/lib/thumb/v7e-m+fp/hard/libc_nano.a
LOAD /Applications/STM32CubeIDE.app/Contents/Eclipse/plugins/com.st.stm32cube.ide.mcu.externaltools.gnu-tools-for-stm32.11.3.rel1.macos64_1.1.0.202305231506/tools/bin/../lib/gcc/arm-none-eabi/11.3.1/../../../../arm-none-eabi/lib/thumb/v7e-m+fp/hard/libnosys.a
END GROUP
LOAD /Applications/STM32CubeIDE.app/Contents/Eclipse/plugins/com.st.stm32cube.ide.mcu.externaltools.gnu-tools-for-stm32.11.3.rel1.macos64_1.1.0.202305231506/tools/bin/../lib/gcc/arm-none-eabi/11.3.1/thumb/v7e-m+fp/hard/crtend.o
LOAD /Applications/STM32CubeIDE.app/Contents/Eclipse/plugins/com.st.stm32cube.ide.mcu.externaltools.gnu-tools-for-stm32.11.3.rel1.macos64_1.1.0.202305231506/tools/bin/../lib/gcc/arm-none-eabi/11.3.1/thumb/v7e-m+fp/hard/crtn.o
                0x0000000020020000                _estack = (ORIGIN (RAM) + LENGTH (RAM))
                0x0000000000000200                _Min_Heap_Size = 0x200
                0x0000000000000400                _Min_Stack_Size = 0x400

.isr_vector     0x0000000008000000      0x188
                0x0000000008000000                . = ALIGN (0x4)
 *(.isr_vector)
 .isr_vector    0x0000000008000000      0x188 ./Core/Startup/startup_stm32f407vetx.o
                0x0000000008000000                g_pfnVectors
                0x0000000008000188                . = ALIGN (0x4)

.text           0x0000000008000190     0xdb08
                0x0000000008000190                . = ALIGN (0x4)
 *(.text)
 .text          0x0000000008000190       0x40 /Applications/STM32CubeIDE.app/Contents/Eclipse/plugins/com.st.stm32cube.ide.mcu.externaltools.gnu-tools-for-stm32.11.3.rel1.macos64_1.1.0.202305231506/tools/bin/../lib/gcc/arm-none-eabi/11.3.1/thumb/v7e-m+fp/hard/crtbegin.o
 .text          0x00000000080001d0       0xa0 /Applications/STM32CubeIDE.app/Contents/Eclipse/plugins/com.st.stm32cube.ide.mcu.externaltools.gnu-tools-for-stm32.11.3.rel1.macos64_1.1.0.202305231506/tools/bin/../lib/gcc/arm-none-eabi/11.3.1/../../../../arm-none-eabi/lib/thumb/v7e-m+fp/hard/libc_nano.a(libc_a-memchr.o)
                0x00000000080001d0                memchr
 .text          0x0000000008000270      0x378 /Applications/STM32CubeIDE.app/Contents/Eclipse/plugins/com.st.stm32cube.ide.mcu.externaltools.gnu-tools-for-stm32.11.3.rel1.macos64_1.1.0.202305231506/tools/bin/../lib/gcc/arm-none-eabi/11.3.1/thumb/v7e-m+fp/hard/libgcc.a(_arm_addsubdf3.o)
                0x0000000008000270                __aeabi_drsub
                0x0000000008000278                __subdf3
                0x0000000008000278                __aeabi_dsub
                0x000000000800027c                __aeabi_dadd
                0x000000000800027c                __adddf3
                0x00000000080004f4                __aeabi_ui2d
                0x00000000080004f4                __floatunsidf
                0x0000000008000514                __floatsidf
                0x0000000008000514                __aeabi_i2d
                0x0000000008000538                __extendsfdf2
                0x0000000008000538                __aeabi_f2d
                0x000000000800057c                __aeabi_ul2d
                0x000000000800057c                __floatundidf
                0x000000000800058c                __aeabi_l2d
                0x000000000800058c                __floatdidf
 .text          0x00000000080005e8      0x424 /Applications/STM32CubeIDE.app/Contents/Eclipse/plugins/com.st.stm32cube.ide.mcu.externaltools.gnu-tools-for-stm32.11.3.rel1.macos64_1.1.0.202305231506/tools/bin/../lib/gcc/arm-none-eabi/11.3.1/thumb/v7e-m+fp/hard/libgcc.a(_arm_muldivdf3.o)
                0x00000000080005e8                __aeabi_dmul
                0x00000000080005e8                __muldf3
                0x000000000800083c                __aeabi_ddiv
                0x000000000800083c                __divdf3
 .text          0x0000000008000a0c      0x110 /Applications/STM32CubeIDE.app/Contents/Eclipse/plugins/com.st.stm32cube.ide.mcu.externaltools.gnu-tools-for-stm32.11.3.rel1.macos64_1.1.0.202305231506/tools/bin/../lib/gcc/arm-none-eabi/11.3.1/thumb/v7e-m+fp/hard/libgcc.a(_arm_cmpdf2.o)
                0x0000000008000a0c                __gedf2
                0x0000000008000a0c                __gtdf2
                0x0000000008000a14                __ledf2
                0x0000000008000a14                __ltdf2
                0x0000000008000a1c                __cmpdf2
                0x0000000008000a1c                __eqdf2
                0x0000000008000a1c                __nedf2
                0x0000000008000a98                __aeabi_cdrcmple
                0x0000000008000aa8                __aeabi_cdcmple
                0x0000000008000aa8                __aeabi_cdcmpeq
                0x0000000008000ab8                __aeabi_dcmpeq
                0x0000000008000acc                __aeabi_dcmplt
                0x0000000008000ae0                __aeabi_dcmple
                0x0000000008000af4                __aeabi_dcmpge
                0x0000000008000b08                __aeabi_dcmpgt
 .text          0x0000000008000b1c       0x40 /Applications/STM32CubeIDE.app/Contents/Eclipse/plugins/com.st.stm32cube.ide.mcu.externaltools.gnu-tools-for-stm32.11.3.rel1.macos64_1.1.0.202305231506/tools/bin/../lib/gcc/arm-none-eabi/11.3.1/thumb/v7e-m+fp/hard/libgcc.a(_arm_fixunsdfsi.o)
                0x0000000008000b1c                __fixunsdfsi
                0x0000000008000b1c                __aeabi_d2uiz
 .text          0x0000000008000b5c       0xa0 /Applications/STM32CubeIDE.app/Contents/Eclipse/plugins/com.st.stm32cube.ide.mcu.externaltools.gnu-tools-for-stm32.11.3.rel1.macos64_1.1.0.202305231506/tools/bin/../lib/gcc/arm-none-eabi/11.3.1/thumb/v7e-m+fp/hard/libgcc.a(_arm_truncdfsf2.o)
                0x0000000008000b5c                __aeabi_d2f
                0x0000000008000b5c                __truncdfsf2
 .text          0x0000000008000bfc       0x30 /Applications/STM32CubeIDE.app/Contents/Eclipse/plugins/com.st.stm32cube.ide.mcu.externaltools.gnu-tools-for-stm32.11.3.rel1.macos64_1.1.0.202305231506/tools/bin/../lib/gcc/arm-none-eabi/11.3.1/thumb/v7e-m+fp/hard/libgcc.a(_aeabi_uldivmod.o)
                0x0000000008000bfc                __aeabi_uldivmod
 .text          0x0000000008000c2c      0x2c8 /Applications/STM32CubeIDE.app/Contents/Eclipse/plugins/com.st.stm32cube.ide.mcu.externaltools.gnu-tools-for-stm32.11.3.rel1.macos64_1.1.0.202305231506/tools/bin/../lib/gcc/arm-none-eabi/11.3.1/thumb/v7e-m+fp/hard/libgcc.a(_udivmoddi4.o)
                0x0000000008000c2c                __udivmoddi4
 .text          0x0000000008000ef4        0x4 /Applications/STM32CubeIDE.app/Contents/Eclipse/plugins/com.st.stm32cube.ide.mcu.externaltools.gnu-tools-for-stm32.11.3.rel1.macos64_1.1.0.202305231506/tools/bin/../lib/gcc/arm-none-eabi/11.3.1/thumb/v7e-m+fp/hard/libgcc.a(_dvmd_tls.o)
                0x0000000008000ef4                __aeabi_ldiv0
                0x0000000008000ef4                __aeabi_idiv0
 *(.text*)
 .text.main     0x0000000008000ef8      0x2dc ./Core/Src/main.o
                0x0000000008000ef8                main
 .text.SystemClock_Config
                0x00000000080011d4       0xbc ./Core/Src/main.o
                0x00000000080011d4                SystemClock_Config
 .text.MX_I2C1_Init
                0x0000000008001290       0x5c ./Core/Src/main.o
 .text.MX_TIM1_Init
                0x00000000080012ec      0x13c ./Core/Src/main.o
 .text.MX_TIM2_Init
                0x0000000008001428       0xa8 ./Core/Src/main.o
 .text.MX_TIM3_Init
                0x00000000080014d0       0xe0 ./Core/Src/main.o
 .text.MX_TIM6_Init
                0x00000000080015b0       0x6c ./Core/Src/main.o
 .text.MX_TIM8_Init
                0x000000000800161c      0x154 ./Core/Src/main.o
 .text.MX_USART3_UART_Init
                0x0000000008001770       0x54 ./Core/Src/main.o
 .text.MX_GPIO_Init
                0x00000000080017c4      0x108 ./Core/Src/main.o
 *fill*         0x00000000080018cc        0x4 
 .text.HAL_TIM_IC_CaptureCallback
                0x00000000080018d0      0x154 ./Core/Src/main.o
                0x00000000080018d0                HAL_TIM_IC_CaptureCallback
 .text.HAL_UART_RxCpltCallback
                0x0000000008001a24      0x8dc ./Core/Src/main.o
                0x0000000008001a24                HAL_UART_RxCpltCallback
 .text.PIDConfigInit
                0x0000000008002300       0x42 ./Core/Src/main.o
                0x0000000008002300                PIDConfigInit
 .text.PIDConfigReset
                0x0000000008002342       0x24 ./Core/Src/main.o
                0x0000000008002342                PIDConfigReset
 *fill*         0x0000000008002366        0x2 
 .text.HCSR04_Read
                0x0000000008002368       0x80 ./Core/Src/main.o
                0x0000000008002368                HCSR04_Read
 .text.StraightLineMove
                0x00000000080023e8      0x370 ./Core/Src/main.o
                0x00000000080023e8                StraightLineMove
 .text.RobotMoveDist
                0x0000000008002758      0x32c ./Core/Src/main.o
                0x0000000008002758                RobotMoveDist
 .text.StraightLineMoveSpeedScale
                0x0000000008002a84      0x2bc ./Core/Src/main.o
                0x0000000008002a84                StraightLineMoveSpeedScale
 .text.RobotTurn
                0x0000000008002d40      0x154 ./Core/Src/main.o
                0x0000000008002d40                RobotTurn
 *fill*         0x0000000008002e94        0x4 
 .text.RobotMoveDistObstacle
                0x0000000008002e98      0x2b8 ./Core/Src/main.o
                0x0000000008002e98                RobotMoveDistObstacle
 .text.runEncoder
                0x0000000008003150       0x10 ./Core/Src/main.o
                0x0000000008003150                runEncoder
 .text.runOledTask
                0x0000000008003160       0x24 ./Core/Src/main.o
                0x0000000008003160                runOledTask
 .text.runFWTask
                0x0000000008003184      0x228 ./Core/Src/main.o
                0x0000000008003184                runFWTask
 .text.runBWTask
                0x00000000080033ac      0x228 ./Core/Src/main.o
                0x00000000080033ac                runBWTask
 .text.runFLTask
                0x00000000080035d4      0x3f0 ./Core/Src/main.o
                0x00000000080035d4                runFLTask
 .text.runFRTask
                0x00000000080039c4      0x3f0 ./Core/Src/main.o
                0x00000000080039c4                runFRTask
 .text.runBLTask
                0x0000000008003db4      0x3f4 ./Core/Src/main.o
                0x0000000008003db4                runBLTask
 .text.runBRTask
                0x00000000080041a8      0x3dc ./Core/Src/main.o
                0x00000000080041a8                runBRTask
 .text.runADCTask
                0x0000000008004584       0xd4 ./Core/Src/main.o
                0x0000000008004584                runADCTask
 .text.runCmdTask
                0x0000000008004658      0x608 ./Core/Src/main.o
                0x0000000008004658                runCmdTask
 .text.runMoveDistObsTask
                0x0000000008004c60       0xf0 ./Core/Src/main.o
                0x0000000008004c60                runMoveDistObsTask
 .text.runNavArdObsTask
                0x0000000008004d50       0x10 ./Core/Src/main.o
                0x0000000008004d50                runNavArdObsTask
 .text.HAL_TIM_PeriodElapsedCallback
                0x0000000008004d60       0x24 ./Core/Src/main.o
                0x0000000008004d60                HAL_TIM_PeriodElapsedCallback
 .text.Error_Handler
                0x0000000008004d84        0xa ./Core/Src/main.o
                0x0000000008004d84                Error_Handler
 *fill*         0x0000000008004d8e        0x2 
 .text.HAL_MspInit
                0x0000000008004d90       0x58 ./Core/Src/stm32f4xx_hal_msp.o
                0x0000000008004d90                HAL_MspInit
 .text.HAL_I2C_MspInit
                0x0000000008004de8       0x90 ./Core/Src/stm32f4xx_hal_msp.o
                0x0000000008004de8                HAL_I2C_MspInit
 .text.HAL_TIM_Base_MspInit
                0x0000000008004e78      0x174 ./Core/Src/stm32f4xx_hal_msp.o
                0x0000000008004e78                HAL_TIM_Base_MspInit
 .text.HAL_TIM_Encoder_MspInit
                0x0000000008004fec       0xcc ./Core/Src/stm32f4xx_hal_msp.o
                0x0000000008004fec                HAL_TIM_Encoder_MspInit
 .text.HAL_TIM_MspPostInit
                0x00000000080050b8       0x74 ./Core/Src/stm32f4xx_hal_msp.o
                0x00000000080050b8                HAL_TIM_MspPostInit
 .text.HAL_UART_MspInit
                0x000000000800512c       0xa0 ./Core/Src/stm32f4xx_hal_msp.o
                0x000000000800512c                HAL_UART_MspInit
 .text.HAL_InitTick
                0x00000000080051cc       0xb0 ./Core/Src/stm32f4xx_hal_timebase_tim.o
                0x00000000080051cc                HAL_InitTick
 .text.NMI_Handler
                0x000000000800527c        0x6 ./Core/Src/stm32f4xx_it.o
                0x000000000800527c                NMI_Handler
 .text.HardFault_Handler
                0x0000000008005282        0x6 ./Core/Src/stm32f4xx_it.o
                0x0000000008005282                HardFault_Handler
 .text.MemManage_Handler
                0x0000000008005288        0x6 ./Core/Src/stm32f4xx_it.o
                0x0000000008005288                MemManage_Handler
 .text.BusFault_Handler
                0x000000000800528e        0x6 ./Core/Src/stm32f4xx_it.o
                0x000000000800528e                BusFault_Handler
 .text.UsageFault_Handler
                0x0000000008005294        0x6 ./Core/Src/stm32f4xx_it.o
                0x0000000008005294                UsageFault_Handler
 .text.DebugMon_Handler
                0x000000000800529a        0xe ./Core/Src/stm32f4xx_it.o
                0x000000000800529a                DebugMon_Handler
 .text.TIM1_CC_IRQHandler
                0x00000000080052a8       0x14 ./Core/Src/stm32f4xx_it.o
                0x00000000080052a8                TIM1_CC_IRQHandler
 .text.TIM3_IRQHandler
                0x00000000080052bc       0x14 ./Core/Src/stm32f4xx_it.o
                0x00000000080052bc                TIM3_IRQHandler
 .text.TIM4_IRQHandler
                0x00000000080052d0       0x14 ./Core/Src/stm32f4xx_it.o
                0x00000000080052d0                TIM4_IRQHandler
 .text.USART3_IRQHandler
                0x00000000080052e4       0x14 ./Core/Src/stm32f4xx_it.o
                0x00000000080052e4                USART3_IRQHandler
 .text._sbrk    0x00000000080052f8       0x6c ./Core/Src/sysmem.o
                0x00000000080052f8                _sbrk
 .text.SystemInit
                0x0000000008005364       0x24 ./Core/Src/system_stm32f4xx.o
                0x0000000008005364                SystemInit
 .text.Reset_Handler
                0x0000000008005388       0x50 ./Core/Startup/startup_stm32f407vetx.o
                0x0000000008005388                Reset_Handler
 .text.Default_Handler
                0x00000000080053d8        0x2 ./Core/Startup/startup_stm32f407vetx.o
                0x00000000080053d8                DMA1_Stream3_IRQHandler
                0x00000000080053d8                HASH_RNG_IRQHandler
                0x00000000080053d8                EXTI2_IRQHandler
                0x00000000080053d8                TIM8_CC_IRQHandler
                0x00000000080053d8                DMA2_Stream5_IRQHandler
                0x00000000080053d8                DMA1_Stream5_IRQHandler
                0x00000000080053d8                PVD_IRQHandler
                0x00000000080053d8                SDIO_IRQHandler
                0x00000000080053d8                TAMP_STAMP_IRQHandler
                0x00000000080053d8                CAN2_RX1_IRQHandler
                0x00000000080053d8                EXTI3_IRQHandler
                0x00000000080053d8                TIM8_TRG_COM_TIM14_IRQHandler
                0x00000000080053d8                TIM1_UP_TIM10_IRQHandler
                0x00000000080053d8                TIM8_UP_TIM13_IRQHandler
                0x00000000080053d8                I2C3_ER_IRQHandler
                0x00000000080053d8                EXTI0_IRQHandler
                0x00000000080053d8                I2C2_EV_IRQHandler
                0x00000000080053d8                DMA1_Stream2_IRQHandler
                0x00000000080053d8                CAN1_RX0_IRQHandler
                0x00000000080053d8                FPU_IRQHandler
                0x00000000080053d8                OTG_HS_WKUP_IRQHandler
                0x00000000080053d8                CAN2_SCE_IRQHandler
                0x00000000080053d8                DMA2_Stream2_IRQHandler
                0x00000000080053d8                SPI1_IRQHandler
                0x00000000080053d8                TIM6_DAC_IRQHandler
                0x00000000080053d8                TIM1_BRK_TIM9_IRQHandler
                0x00000000080053d8                DCMI_IRQHandler
                0x00000000080053d8                CAN2_RX0_IRQHandler
                0x00000000080053d8                DMA2_Stream3_IRQHandler
                0x00000000080053d8                USART6_IRQHandler
                0x00000000080053d8                CAN1_RX1_IRQHandler
                0x00000000080053d8                UART5_IRQHandler
                0x00000000080053d8                DMA2_Stream0_IRQHandler
                0x00000000080053d8                I2C1_EV_IRQHandler
                0x00000000080053d8                DMA1_Stream6_IRQHandler
                0x00000000080053d8                DMA1_Stream1_IRQHandler
                0x00000000080053d8                UART4_IRQHandler
                0x00000000080053d8                RCC_IRQHandler
                0x00000000080053d8                TIM8_BRK_TIM12_IRQHandler
                0x00000000080053d8                Default_Handler
                0x00000000080053d8                EXTI15_10_IRQHandler
                0x00000000080053d8                ADC_IRQHandler
                0x00000000080053d8                DMA1_Stream7_IRQHandler
                0x00000000080053d8                TIM7_IRQHandler
                0x00000000080053d8                CAN2_TX_IRQHandler
                0x00000000080053d8                TIM5_IRQHandler
                0x00000000080053d8                DMA2_Stream7_IRQHandler
                0x00000000080053d8                I2C3_EV_IRQHandler
                0x00000000080053d8                EXTI9_5_IRQHandler
                0x00000000080053d8                RTC_WKUP_IRQHandler
                0x00000000080053d8                ETH_WKUP_IRQHandler
                0x00000000080053d8                SPI2_IRQHandler
                0x00000000080053d8                OTG_HS_EP1_IN_IRQHandler
                0x00000000080053d8                DMA1_Stream0_IRQHandler
                0x00000000080053d8                CAN1_TX_IRQHandler
                0x00000000080053d8                EXTI4_IRQHandler
                0x00000000080053d8                FSMC_IRQHandler
                0x00000000080053d8                ETH_IRQHandler
                0x00000000080053d8                OTG_HS_EP1_OUT_IRQHandler
                0x00000000080053d8                WWDG_IRQHandler
                0x00000000080053d8                TIM2_IRQHandler
                0x00000000080053d8                OTG_FS_WKUP_IRQHandler
                0x00000000080053d8                TIM1_TRG_COM_TIM11_IRQHandler
                0x00000000080053d8                OTG_HS_IRQHandler
                0x00000000080053d8                EXTI1_IRQHandler
                0x00000000080053d8                USART2_IRQHandler
                0x00000000080053d8                I2C2_ER_IRQHandler
                0x00000000080053d8                DMA2_Stream1_IRQHandler
                0x00000000080053d8                CAN1_SCE_IRQHandler
                0x00000000080053d8                FLASH_IRQHandler
                0x00000000080053d8                DMA2_Stream4_IRQHandler
                0x00000000080053d8                USART1_IRQHandler
                0x00000000080053d8                OTG_FS_IRQHandler
                0x00000000080053d8                SPI3_IRQHandler
                0x00000000080053d8                DMA1_Stream4_IRQHandler
                0x00000000080053d8                I2C1_ER_IRQHandler
                0x00000000080053d8                DMA2_Stream6_IRQHandler
                0x00000000080053d8                RTC_Alarm_IRQHandler
 *fill*         0x00000000080053da        0x2 
 .text.HAL_Init
                0x00000000080053dc       0x44 ./Drivers/STM32F4xx_HAL_Driver/Src/stm32f4xx_hal.o
                0x00000000080053dc                HAL_Init
 .text.HAL_IncTick
                0x0000000008005420       0x28 ./Drivers/STM32F4xx_HAL_Driver/Src/stm32f4xx_hal.o
                0x0000000008005420                HAL_IncTick
 .text.HAL_GetTick
                0x0000000008005448       0x18 ./Drivers/STM32F4xx_HAL_Driver/Src/stm32f4xx_hal.o
                0x0000000008005448                HAL_GetTick
 .text.HAL_Delay
                0x0000000008005460       0x48 ./Drivers/STM32F4xx_HAL_Driver/Src/stm32f4xx_hal.o
                0x0000000008005460                HAL_Delay
 .text.__NVIC_SetPriorityGrouping
                0x00000000080054a8       0x48 ./Drivers/STM32F4xx_HAL_Driver/Src/stm32f4xx_hal_cortex.o
 .text.__NVIC_GetPriorityGrouping
                0x00000000080054f0       0x1c ./Drivers/STM32F4xx_HAL_Driver/Src/stm32f4xx_hal_cortex.o
 .text.__NVIC_EnableIRQ
                0x000000000800550c       0x3c ./Drivers/STM32F4xx_HAL_Driver/Src/stm32f4xx_hal_cortex.o
 .text.__NVIC_SetPriority
                0x0000000008005548       0x54 ./Drivers/STM32F4xx_HAL_Driver/Src/stm32f4xx_hal_cortex.o
 .text.NVIC_EncodePriority
                0x000000000800559c       0x66 ./Drivers/STM32F4xx_HAL_Driver/Src/stm32f4xx_hal_cortex.o
 .text.HAL_NVIC_SetPriorityGrouping
                0x0000000008005602       0x16 ./Drivers/STM32F4xx_HAL_Driver/Src/stm32f4xx_hal_cortex.o
                0x0000000008005602                HAL_NVIC_SetPriorityGrouping
 .text.HAL_NVIC_SetPriority
                0x0000000008005618       0x38 ./Drivers/STM32F4xx_HAL_Driver/Src/stm32f4xx_hal_cortex.o
                0x0000000008005618                HAL_NVIC_SetPriority
 .text.HAL_NVIC_EnableIRQ
                0x0000000008005650       0x1c ./Drivers/STM32F4xx_HAL_Driver/Src/stm32f4xx_hal_cortex.o
                0x0000000008005650                HAL_NVIC_EnableIRQ
 .text.HAL_DMA_Abort
                0x000000000800566c       0xe0 ./Drivers/STM32F4xx_HAL_Driver/Src/stm32f4xx_hal_dma.o
                0x000000000800566c                HAL_DMA_Abort
 .text.HAL_DMA_Abort_IT
                0x000000000800574c       0x44 ./Drivers/STM32F4xx_HAL_Driver/Src/stm32f4xx_hal_dma.o
                0x000000000800574c                HAL_DMA_Abort_IT
 .text.HAL_GPIO_Init
                0x0000000008005790      0x338 ./Drivers/STM32F4xx_HAL_Driver/Src/stm32f4xx_hal_gpio.o
                0x0000000008005790                HAL_GPIO_Init
 .text.HAL_GPIO_WritePin
                0x0000000008005ac8       0x32 ./Drivers/STM32F4xx_HAL_Driver/Src/stm32f4xx_hal_gpio.o
                0x0000000008005ac8                HAL_GPIO_WritePin
 *fill*         0x0000000008005afa        0x2 
 .text.HAL_I2C_Init
                0x0000000008005afc      0x288 ./Drivers/STM32F4xx_HAL_Driver/Src/stm32f4xx_hal_i2c.o
                0x0000000008005afc                HAL_I2C_Init
 .text.HAL_I2C_Mem_Write
                0x0000000008005d84      0x1f4 ./Drivers/STM32F4xx_HAL_Driver/Src/stm32f4xx_hal_i2c.o
                0x0000000008005d84                HAL_I2C_Mem_Write
 .text.HAL_I2C_Mem_Read
                0x0000000008005f78      0x44c ./Drivers/STM32F4xx_HAL_Driver/Src/stm32f4xx_hal_i2c.o
                0x0000000008005f78                HAL_I2C_Mem_Read
 .text.I2C_RequestMemoryWrite
                0x00000000080063c4      0x12c ./Drivers/STM32F4xx_HAL_Driver/Src/stm32f4xx_hal_i2c.o
 .text.I2C_RequestMemoryRead
                0x00000000080064f0      0x1d0 ./Drivers/STM32F4xx_HAL_Driver/Src/stm32f4xx_hal_i2c.o
 .text.I2C_WaitOnFlagUntilTimeout
                0x00000000080066c0       0xae ./Drivers/STM32F4xx_HAL_Driver/Src/stm32f4xx_hal_i2c.o
 .text.I2C_WaitOnMasterAddressFlagUntilTimeout
                0x000000000800676e       0xfe ./Drivers/STM32F4xx_HAL_Driver/Src/stm32f4xx_hal_i2c.o
 .text.I2C_WaitOnTXEFlagUntilTimeout
                0x000000000800686c       0x82 ./Drivers/STM32F4xx_HAL_Driver/Src/stm32f4xx_hal_i2c.o
 .text.I2C_WaitOnBTFFlagUntilTimeout
                0x00000000080068ee       0x82 ./Drivers/STM32F4xx_HAL_Driver/Src/stm32f4xx_hal_i2c.o
 .text.I2C_WaitOnRXNEFlagUntilTimeout
                0x0000000008006970       0xac ./Drivers/STM32F4xx_HAL_Driver/Src/stm32f4xx_hal_i2c.o
 .text.I2C_IsAcknowledgeFailed
                0x0000000008006a1c       0x5e ./Drivers/STM32F4xx_HAL_Driver/Src/stm32f4xx_hal_i2c.o
 *fill*         0x0000000008006a7a        0x2 
 .text.HAL_PWR_EnableBkUpAccess
                0x0000000008006a7c       0x28 ./Drivers/STM32F4xx_HAL_Driver/Src/stm32f4xx_hal_pwr.o
                0x0000000008006a7c                HAL_PWR_EnableBkUpAccess
 .text.HAL_PWR_DisableBkUpAccess
                0x0000000008006aa4       0x28 ./Drivers/STM32F4xx_HAL_Driver/Src/stm32f4xx_hal_pwr.o
                0x0000000008006aa4                HAL_PWR_DisableBkUpAccess
 .text.HAL_RCC_OscConfig
                0x0000000008006acc      0x4f0 ./Drivers/STM32F4xx_HAL_Driver/Src/stm32f4xx_hal_rcc.o
                0x0000000008006acc                HAL_RCC_OscConfig
 .text.HAL_RCC_ClockConfig
                0x0000000008006fbc      0x1cc ./Drivers/STM32F4xx_HAL_Driver/Src/stm32f4xx_hal_rcc.o
                0x0000000008006fbc                HAL_RCC_ClockConfig
 .text.HAL_RCC_GetSysClockFreq
                0x0000000008007188      0x18c ./Drivers/STM32F4xx_HAL_Driver/Src/stm32f4xx_hal_rcc.o
                0x0000000008007188                HAL_RCC_GetSysClockFreq
 .text.HAL_RCC_GetHCLKFreq
                0x0000000008007314       0x18 ./Drivers/STM32F4xx_HAL_Driver/Src/stm32f4xx_hal_rcc.o
                0x0000000008007314                HAL_RCC_GetHCLKFreq
 .text.HAL_RCC_GetPCLK1Freq
                0x000000000800732c       0x28 ./Drivers/STM32F4xx_HAL_Driver/Src/stm32f4xx_hal_rcc.o
                0x000000000800732c                HAL_RCC_GetPCLK1Freq
 .text.HAL_RCC_GetPCLK2Freq
                0x0000000008007354       0x28 ./Drivers/STM32F4xx_HAL_Driver/Src/stm32f4xx_hal_rcc.o
                0x0000000008007354                HAL_RCC_GetPCLK2Freq
 .text.HAL_RCC_GetClockConfig
                0x000000000800737c       0x64 ./Drivers/STM32F4xx_HAL_Driver/Src/stm32f4xx_hal_rcc.o
                0x000000000800737c                HAL_RCC_GetClockConfig
 .text.HAL_TIM_Base_Init
                0x00000000080073e0       0x9e ./Drivers/STM32F4xx_HAL_Driver/Src/stm32f4xx_hal_tim.o
                0x00000000080073e0                HAL_TIM_Base_Init
 *fill*         0x000000000800747e        0x2 
 .text.HAL_TIM_Base_Start
                0x0000000008007480       0xd0 ./Drivers/STM32F4xx_HAL_Driver/Src/stm32f4xx_hal_tim.o
                0x0000000008007480                HAL_TIM_Base_Start
 .text.HAL_TIM_Base_Start_IT
                0x0000000008007550       0xe0 ./Drivers/STM32F4xx_HAL_Driver/Src/stm32f4xx_hal_tim.o
                0x0000000008007550                HAL_TIM_Base_Start_IT
 .text.HAL_TIM_PWM_Init
                0x0000000008007630       0x9e ./Drivers/STM32F4xx_HAL_Driver/Src/stm32f4xx_hal_tim.o
                0x0000000008007630                HAL_TIM_PWM_Init
 .text.HAL_TIM_PWM_MspInit
                0x00000000080076ce       0x14 ./Drivers/STM32F4xx_HAL_Driver/Src/stm32f4xx_hal_tim.o
                0x00000000080076ce                HAL_TIM_PWM_MspInit
 *fill*         0x00000000080076e2        0x2 
 .text.HAL_TIM_PWM_Start
                0x00000000080076e4      0x190 ./Drivers/STM32F4xx_HAL_Driver/Src/stm32f4xx_hal_tim.o
                0x00000000080076e4                HAL_TIM_PWM_Start
 .text.HAL_TIM_IC_Init
                0x0000000008007874       0x9e ./Drivers/STM32F4xx_HAL_Driver/Src/stm32f4xx_hal_tim.o
                0x0000000008007874                HAL_TIM_IC_Init
 .text.HAL_TIM_IC_MspInit
                0x0000000008007912       0x14 ./Drivers/STM32F4xx_HAL_Driver/Src/stm32f4xx_hal_tim.o
                0x0000000008007912                HAL_TIM_IC_MspInit
 *fill*         0x0000000008007926        0x2 
 .text.HAL_TIM_IC_Start_IT
                0x0000000008007928      0x250 ./Drivers/STM32F4xx_HAL_Driver/Src/stm32f4xx_hal_tim.o
                0x0000000008007928                HAL_TIM_IC_Start_IT
 .text.HAL_TIM_IC_Stop_IT
                0x0000000008007b78      0x15c ./Drivers/STM32F4xx_HAL_Driver/Src/stm32f4xx_hal_tim.o
                0x0000000008007b78                HAL_TIM_IC_Stop_IT
 .text.HAL_TIM_Encoder_Init
                0x0000000008007cd4      0x14c ./Drivers/STM32F4xx_HAL_Driver/Src/stm32f4xx_hal_tim.o
                0x0000000008007cd4                HAL_TIM_Encoder_Init
 .text.HAL_TIM_Encoder_Start
                0x0000000008007e20      0x11c ./Drivers/STM32F4xx_HAL_Driver/Src/stm32f4xx_hal_tim.o
                0x0000000008007e20                HAL_TIM_Encoder_Start
 .text.HAL_TIM_IRQHandler
                0x0000000008007f3c      0x210 ./Drivers/STM32F4xx_HAL_Driver/Src/stm32f4xx_hal_tim.o
                0x0000000008007f3c                HAL_TIM_IRQHandler
 .text.HAL_TIM_IC_ConfigChannel
                0x000000000800814c      0x138 ./Drivers/STM32F4xx_HAL_Driver/Src/stm32f4xx_hal_tim.o
                0x000000000800814c                HAL_TIM_IC_ConfigChannel
 .text.HAL_TIM_PWM_ConfigChannel
                0x0000000008008284      0x184 ./Drivers/STM32F4xx_HAL_Driver/Src/stm32f4xx_hal_tim.o
                0x0000000008008284                HAL_TIM_PWM_ConfigChannel
 .text.HAL_TIM_ConfigClockSource
                0x0000000008008408      0x18e ./Drivers/STM32F4xx_HAL_Driver/Src/stm32f4xx_hal_tim.o
                0x0000000008008408                HAL_TIM_ConfigClockSource
 *fill*         0x0000000008008596        0x2 
 .text.HAL_TIM_ReadCapturedValue
                0x0000000008008598       0x88 ./Drivers/STM32F4xx_HAL_Driver/Src/stm32f4xx_hal_tim.o
                0x0000000008008598                HAL_TIM_ReadCapturedValue
 .text.HAL_TIM_OC_DelayElapsedCallback
                0x0000000008008620       0x14 ./Drivers/STM32F4xx_HAL_Driver/Src/stm32f4xx_hal_tim.o
                0x0000000008008620                HAL_TIM_OC_DelayElapsedCallback
 .text.HAL_TIM_PWM_PulseFinishedCallback
                0x0000000008008634       0x14 ./Drivers/STM32F4xx_HAL_Driver/Src/stm32f4xx_hal_tim.o
                0x0000000008008634                HAL_TIM_PWM_PulseFinishedCallback
 .text.HAL_TIM_TriggerCallback
                0x0000000008008648       0x14 ./Drivers/STM32F4xx_HAL_Driver/Src/stm32f4xx_hal_tim.o
                0x0000000008008648                HAL_TIM_TriggerCallback
 .text.TIM_Base_SetConfig
                0x000000000800865c      0x140 ./Drivers/STM32F4xx_HAL_Driver/Src/stm32f4xx_hal_tim.o
                0x000000000800865c                TIM_Base_SetConfig
 .text.TIM_OC1_SetConfig
                0x000000000800879c       0xe0 ./Drivers/STM32F4xx_HAL_Driver/Src/stm32f4xx_hal_tim.o
 .text.TIM_OC2_SetConfig
                0x000000000800887c       0xec ./Drivers/STM32F4xx_HAL_Driver/Src/stm32f4xx_hal_tim.o
                0x000000000800887c                TIM_OC2_SetConfig
 .text.TIM_OC3_SetConfig
                0x0000000008008968       0xe8 ./Drivers/STM32F4xx_HAL_Driver/Src/stm32f4xx_hal_tim.o
 .text.TIM_OC4_SetConfig
                0x0000000008008a50       0xac ./Drivers/STM32F4xx_HAL_Driver/Src/stm32f4xx_hal_tim.o
 .text.TIM_TI1_SetConfig
                0x0000000008008afc       0xe8 ./Drivers/STM32F4xx_HAL_Driver/Src/stm32f4xx_hal_tim.o
                0x0000000008008afc                TIM_TI1_SetConfig
 .text.TIM_TI1_ConfigInputStage
                0x0000000008008be4       0x5e ./Drivers/STM32F4xx_HAL_Driver/Src/stm32f4xx_hal_tim.o
 .text.TIM_TI2_SetConfig
                0x0000000008008c42       0x7a ./Drivers/STM32F4xx_HAL_Driver/Src/stm32f4xx_hal_tim.o
 .text.TIM_TI2_ConfigInputStage
                0x0000000008008cbc       0x60 ./Drivers/STM32F4xx_HAL_Driver/Src/stm32f4xx_hal_tim.o
 .text.TIM_TI3_SetConfig
                0x0000000008008d1c       0x78 ./Drivers/STM32F4xx_HAL_Driver/Src/stm32f4xx_hal_tim.o
 .text.TIM_TI4_SetConfig
                0x0000000008008d94       0x7a ./Drivers/STM32F4xx_HAL_Driver/Src/stm32f4xx_hal_tim.o
 .text.TIM_ITRx_SetConfig
                0x0000000008008e0e       0x36 ./Drivers/STM32F4xx_HAL_Driver/Src/stm32f4xx_hal_tim.o
 .text.TIM_ETR_SetConfig
                0x0000000008008e44       0x40 ./Drivers/STM32F4xx_HAL_Driver/Src/stm32f4xx_hal_tim.o
                0x0000000008008e44                TIM_ETR_SetConfig
 .text.TIM_CCxChannelCmd
                0x0000000008008e84       0x4a ./Drivers/STM32F4xx_HAL_Driver/Src/stm32f4xx_hal_tim.o
                0x0000000008008e84                TIM_CCxChannelCmd
 *fill*         0x0000000008008ece        0x2 
 .text.HAL_TIMEx_MasterConfigSynchronization
                0x0000000008008ed0       0xf8 ./Drivers/STM32F4xx_HAL_Driver/Src/stm32f4xx_hal_tim_ex.o
                0x0000000008008ed0                HAL_TIMEx_MasterConfigSynchronization
 .text.HAL_TIMEx_ConfigBreakDeadTime
                0x0000000008008fc8       0xa4 ./Drivers/STM32F4xx_HAL_Driver/Src/stm32f4xx_hal_tim_ex.o
                0x0000000008008fc8                HAL_TIMEx_ConfigBreakDeadTime
 .text.HAL_TIMEx_CommutCallback
                0x000000000800906c       0x14 ./Drivers/STM32F4xx_HAL_Driver/Src/stm32f4xx_hal_tim_ex.o
                0x000000000800906c                HAL_TIMEx_CommutCallback
 .text.HAL_TIMEx_BreakCallback
                0x0000000008009080       0x14 ./Drivers/STM32F4xx_HAL_Driver/Src/stm32f4xx_hal_tim_ex.o
                0x0000000008009080                HAL_TIMEx_BreakCallback
 .text.HAL_UART_Init
                0x0000000008009094       0x9a ./Drivers/STM32F4xx_HAL_Driver/Src/stm32f4xx_hal_uart.o
                0x0000000008009094                HAL_UART_Init
 .text.HAL_UART_Transmit
                0x000000000800912e      0x124 ./Drivers/STM32F4xx_HAL_Driver/Src/stm32f4xx_hal_uart.o
                0x000000000800912e                HAL_UART_Transmit
 .text.HAL_UART_Receive_IT
                0x0000000008009252       0x60 ./Drivers/STM32F4xx_HAL_Driver/Src/stm32f4xx_hal_uart.o
                0x0000000008009252                HAL_UART_Receive_IT
 *fill*         0x00000000080092b2        0x2 
 .text.HAL_UART_IRQHandler
                0x00000000080092b4      0x51c ./Drivers/STM32F4xx_HAL_Driver/Src/stm32f4xx_hal_uart.o
                0x00000000080092b4                HAL_UART_IRQHandler
 .text.HAL_UART_TxCpltCallback
                0x00000000080097d0       0x14 ./Drivers/STM32F4xx_HAL_Driver/Src/stm32f4xx_hal_uart.o
                0x00000000080097d0                HAL_UART_TxCpltCallback
 .text.HAL_UART_ErrorCallback
                0x00000000080097e4       0x14 ./Drivers/STM32F4xx_HAL_Driver/Src/stm32f4xx_hal_uart.o
                0x00000000080097e4                HAL_UART_ErrorCallback
 .text.HAL_UARTEx_RxEventCallback
                0x00000000080097f8       0x18 ./Drivers/STM32F4xx_HAL_Driver/Src/stm32f4xx_hal_uart.o
                0x00000000080097f8                HAL_UARTEx_RxEventCallback
 .text.UART_WaitOnFlagUntilTimeout
                0x0000000008009810       0xdc ./Drivers/STM32F4xx_HAL_Driver/Src/stm32f4xx_hal_uart.o
 .text.UART_Start_Receive_IT
                0x00000000080098ec       0x7c ./Drivers/STM32F4xx_HAL_Driver/Src/stm32f4xx_hal_uart.o
                0x00000000080098ec                UART_Start_Receive_IT
 .text.UART_EndRxTransfer
                0x0000000008009968       0xc6 ./Drivers/STM32F4xx_HAL_Driver/Src/stm32f4xx_hal_uart.o
 .text.UART_DMAAbortOnError
                0x0000000008009a2e       0x28 ./Drivers/STM32F4xx_HAL_Driver/Src/stm32f4xx_hal_uart.o
 .text.UART_Transmit_IT
                0x0000000008009a56       0xa0 ./Drivers/STM32F4xx_HAL_Driver/Src/stm32f4xx_hal_uart.o
 .text.UART_EndTransmit_IT
                0x0000000008009af6       0x30 ./Drivers/STM32F4xx_HAL_Driver/Src/stm32f4xx_hal_uart.o
 .text.UART_Receive_IT
                0x0000000008009b26      0x176 ./Drivers/STM32F4xx_HAL_Driver/Src/stm32f4xx_hal_uart.o
 .text.UART_SetConfig
                0x0000000008009c9c      0x4e8 ./Drivers/STM32F4xx_HAL_Driver/Src/stm32f4xx_hal_uart.o
 .text.__NVIC_SetPriority
                0x000000000800a184       0x54 ./Middlewares/Third_Party/FreeRTOS/Source/CMSIS_RTOS_V2/cmsis_os2.o
 .text.SysTick_Handler
                0x000000000800a1d8       0x20 ./Middlewares/Third_Party/FreeRTOS/Source/CMSIS_RTOS_V2/cmsis_os2.o
                0x000000000800a1d8                SysTick_Handler
 .text.SVC_Setup
                0x000000000800a1f8       0x12 ./Middlewares/Third_Party/FreeRTOS/Source/CMSIS_RTOS_V2/cmsis_os2.o
 *fill*         0x000000000800a20a        0x2 
 .text.osKernelInitialize
                0x000000000800a20c       0x48 ./Middlewares/Third_Party/FreeRTOS/Source/CMSIS_RTOS_V2/cmsis_os2.o
                0x000000000800a20c                osKernelInitialize
 .text.osKernelStart
                0x000000000800a254       0x4c ./Middlewares/Third_Party/FreeRTOS/Source/CMSIS_RTOS_V2/cmsis_os2.o
                0x000000000800a254                osKernelStart
 .text.osThreadNew
                0x000000000800a2a0      0x124 ./Middlewares/Third_Party/FreeRTOS/Source/CMSIS_RTOS_V2/cmsis_os2.o
                0x000000000800a2a0                osThreadNew
 .text.osDelay  0x000000000800a3c4       0x36 ./Middlewares/Third_Party/FreeRTOS/Source/CMSIS_RTOS_V2/cmsis_os2.o
                0x000000000800a3c4                osDelay
 *fill*         0x000000000800a3fa        0x2 
 .text.vApplicationGetIdleTaskMemory
                0x000000000800a3fc       0x34 ./Middlewares/Third_Party/FreeRTOS/Source/CMSIS_RTOS_V2/cmsis_os2.o
                0x000000000800a3fc                vApplicationGetIdleTaskMemory
 .text.vApplicationGetTimerTaskMemory
                0x000000000800a430       0x34 ./Middlewares/Third_Party/FreeRTOS/Source/CMSIS_RTOS_V2/cmsis_os2.o
                0x000000000800a430                vApplicationGetTimerTaskMemory
 .text.vListInitialise
                0x000000000800a464       0x40 ./Middlewares/Third_Party/FreeRTOS/Source/list.o
                0x000000000800a464                vListInitialise
 .text.vListInitialiseItem
                0x000000000800a4a4       0x1a ./Middlewares/Third_Party/FreeRTOS/Source/list.o
                0x000000000800a4a4                vListInitialiseItem
 .text.vListInsertEnd
                0x000000000800a4be       0x48 ./Middlewares/Third_Party/FreeRTOS/Source/list.o
                0x000000000800a4be                vListInsertEnd
 .text.vListInsert
                0x000000000800a506       0x72 ./Middlewares/Third_Party/FreeRTOS/Source/list.o
                0x000000000800a506                vListInsert
 .text.uxListRemove
                0x000000000800a578       0x54 ./Middlewares/Third_Party/FreeRTOS/Source/list.o
                0x000000000800a578                uxListRemove
 .text.xQueueGenericReset
                0x000000000800a5cc       0xd0 ./Middlewares/Third_Party/FreeRTOS/Source/queue.o
                0x000000000800a5cc                xQueueGenericReset
 .text.xQueueGenericCreateStatic
                0x000000000800a69c       0xf0 ./Middlewares/Third_Party/FreeRTOS/Source/queue.o
                0x000000000800a69c                xQueueGenericCreateStatic
 .text.prvInitialiseNewQueue
                0x000000000800a78c       0x46 ./Middlewares/Third_Party/FreeRTOS/Source/queue.o
 *fill*         0x000000000800a7d2        0x2 
 .text.xQueueGenericSend
                0x000000000800a7d4      0x1fc ./Middlewares/Third_Party/FreeRTOS/Source/queue.o
                0x000000000800a7d4                xQueueGenericSend
 .text.xQueueGenericSendFromISR
                0x000000000800a9d0      0x136 ./Middlewares/Third_Party/FreeRTOS/Source/queue.o
                0x000000000800a9d0                xQueueGenericSendFromISR
 *fill*         0x000000000800ab06        0x2 
 .text.xQueueReceive
                0x000000000800ab08      0x1c0 ./Middlewares/Third_Party/FreeRTOS/Source/queue.o
                0x000000000800ab08                xQueueReceive
 .text.prvCopyDataToQueue
                0x000000000800acc8       0xd4 ./Middlewares/Third_Party/FreeRTOS/Source/queue.o
 .text.prvCopyDataFromQueue
                0x000000000800ad9c       0x4c ./Middlewares/Third_Party/FreeRTOS/Source/queue.o
 .text.prvUnlockQueue
                0x000000000800ade8       0xa4 ./Middlewares/Third_Party/FreeRTOS/Source/queue.o
 .text.prvIsQueueEmpty
                0x000000000800ae8c       0x2c ./Middlewares/Third_Party/FreeRTOS/Source/queue.o
 .text.prvIsQueueFull
                0x000000000800aeb8       0x30 ./Middlewares/Third_Party/FreeRTOS/Source/queue.o
 .text.vQueueAddToRegistry
                0x000000000800aee8       0x54 ./Middlewares/Third_Party/FreeRTOS/Source/queue.o
                0x000000000800aee8                vQueueAddToRegistry
 .text.vQueueWaitForMessageRestricted
                0x000000000800af3c       0x68 ./Middlewares/Third_Party/FreeRTOS/Source/queue.o
                0x000000000800af3c                vQueueWaitForMessageRestricted
 .text.xTaskCreateStatic
                0x000000000800afa4       0xba ./Middlewares/Third_Party/FreeRTOS/Source/tasks.o
                0x000000000800afa4                xTaskCreateStatic
 .text.xTaskCreate
                0x000000000800b05e       0x8a ./Middlewares/Third_Party/FreeRTOS/Source/tasks.o
                0x000000000800b05e                xTaskCreate
 .text.prvInitialiseNewTask
                0x000000000800b0e8      0x11e ./Middlewares/Third_Party/FreeRTOS/Source/tasks.o
 *fill*         0x000000000800b206        0x2 
 .text.prvAddNewTaskToReadyList
                0x000000000800b208       0xe0 ./Middlewares/Third_Party/FreeRTOS/Source/tasks.o
 .text.vTaskDelay
                0x000000000800b2e8       0x68 ./Middlewares/Third_Party/FreeRTOS/Source/tasks.o
                0x000000000800b2e8                vTaskDelay
 .text.vTaskStartScheduler
                0x000000000800b350       0xcc ./Middlewares/Third_Party/FreeRTOS/Source/tasks.o
                0x000000000800b350                vTaskStartScheduler
 .text.vTaskSuspendAll
                0x000000000800b41c       0x1c ./Middlewares/Third_Party/FreeRTOS/Source/tasks.o
                0x000000000800b41c                vTaskSuspendAll
 .text.xTaskResumeAll
                0x000000000800b438      0x13c ./Middlewares/Third_Party/FreeRTOS/Source/tasks.o
                0x000000000800b438                xTaskResumeAll
 .text.xTaskGetTickCount
                0x000000000800b574       0x20 ./Middlewares/Third_Party/FreeRTOS/Source/tasks.o
                0x000000000800b574                xTaskGetTickCount
 .text.xTaskIncrementTick
                0x000000000800b594      0x174 ./Middlewares/Third_Party/FreeRTOS/Source/tasks.o
                0x000000000800b594                xTaskIncrementTick
 .text.vTaskSwitchContext
                0x000000000800b708       0xbc ./Middlewares/Third_Party/FreeRTOS/Source/tasks.o
                0x000000000800b708                vTaskSwitchContext
 .text.vTaskPlaceOnEventList
                0x000000000800b7c4       0x48 ./Middlewares/Third_Party/FreeRTOS/Source/tasks.o
                0x000000000800b7c4                vTaskPlaceOnEventList
 .text.vTaskPlaceOnEventListRestricted
                0x000000000800b80c       0x58 ./Middlewares/Third_Party/FreeRTOS/Source/tasks.o
                0x000000000800b80c                vTaskPlaceOnEventListRestricted
 .text.xTaskRemoveFromEventList
                0x000000000800b864       0xc8 ./Middlewares/Third_Party/FreeRTOS/Source/tasks.o
                0x000000000800b864                xTaskRemoveFromEventList
 .text.vTaskInternalSetTimeOutState
                0x000000000800b92c       0x2c ./Middlewares/Third_Party/FreeRTOS/Source/tasks.o
                0x000000000800b92c                vTaskInternalSetTimeOutState
 .text.xTaskCheckForTimeOut
                0x000000000800b958       0xc4 ./Middlewares/Third_Party/FreeRTOS/Source/tasks.o
                0x000000000800b958                xTaskCheckForTimeOut
 .text.vTaskMissedYield
                0x000000000800ba1c       0x18 ./Middlewares/Third_Party/FreeRTOS/Source/tasks.o
                0x000000000800ba1c                vTaskMissedYield
 .text.prvIdleTask
                0x000000000800ba34       0x30 ./Middlewares/Third_Party/FreeRTOS/Source/tasks.o
 .text.prvInitialiseTaskLists
                0x000000000800ba64       0x80 ./Middlewares/Third_Party/FreeRTOS/Source/tasks.o
 .text.prvCheckTasksWaitingTermination
                0x000000000800bae4       0x5c ./Middlewares/Third_Party/FreeRTOS/Source/tasks.o
 .text.prvDeleteTCB
                0x000000000800bb40       0x5e ./Middlewares/Third_Party/FreeRTOS/Source/tasks.o
 *fill*         0x000000000800bb9e        0x2 
 .text.prvResetNextTaskUnblockTime
                0x000000000800bba0       0x40 ./Middlewares/Third_Party/FreeRTOS/Source/tasks.o
 .text.xTaskGetSchedulerState
                0x000000000800bbe0       0x3c ./Middlewares/Third_Party/FreeRTOS/Source/tasks.o
                0x000000000800bbe0                xTaskGetSchedulerState
 .text.xTaskPriorityDisinherit
                0x000000000800bc1c       0xdc ./Middlewares/Third_Party/FreeRTOS/Source/tasks.o
                0x000000000800bc1c                xTaskPriorityDisinherit
 .text.prvAddCurrentTaskToDelayedList
                0x000000000800bcf8       0xa8 ./Middlewares/Third_Party/FreeRTOS/Source/tasks.o
 .text.xTimerCreateTimerTask
                0x000000000800bda0       0x90 ./Middlewares/Third_Party/FreeRTOS/Source/timers.o
                0x000000000800bda0                xTimerCreateTimerTask
 .text.xTimerGenericCommand
                0x000000000800be30       0x9c ./Middlewares/Third_Party/FreeRTOS/Source/timers.o
                0x000000000800be30                xTimerGenericCommand
 .text.prvProcessExpiredTimer
                0x000000000800becc       0x98 ./Middlewares/Third_Party/FreeRTOS/Source/timers.o
 .text.prvTimerTask
                0x000000000800bf64       0x24 ./Middlewares/Third_Party/FreeRTOS/Source/timers.o
 .text.prvProcessTimerOrBlockTask
                0x000000000800bf88       0x9c ./Middlewares/Third_Party/FreeRTOS/Source/timers.o
 .text.prvGetNextExpireTime
                0x000000000800c024       0x48 ./Middlewares/Third_Party/FreeRTOS/Source/timers.o
 .text.prvSampleTimeNow
                0x000000000800c06c       0x40 ./Middlewares/Third_Party/FreeRTOS/Source/timers.o
 .text.prvInsertTimerInActiveList
                0x000000000800c0ac       0x84 ./Middlewares/Third_Party/FreeRTOS/Source/timers.o
 .text.prvProcessReceivedCommands
                0x000000000800c130      0x1c4 ./Middlewares/Third_Party/FreeRTOS/Source/timers.o
 .text.prvSwitchTimerLists
                0x000000000800c2f4       0xc8 ./Middlewares/Third_Party/FreeRTOS/Source/timers.o
 .text.prvCheckForValidListAndQueue
                0x000000000800c3bc       0x80 ./Middlewares/Third_Party/FreeRTOS/Source/timers.o
 .text.pxPortInitialiseStack
                0x000000000800c43c       0x68 ./Middlewares/Third_Party/FreeRTOS/Source/portable/GCC/ARM_CM4F/port.o
                0x000000000800c43c                pxPortInitialiseStack
 .text.prvTaskExitError
                0x000000000800c4a4       0x58 ./Middlewares/Third_Party/FreeRTOS/Source/portable/GCC/ARM_CM4F/port.o
 *fill*         0x000000000800c4fc        0x4 
 .text.SVC_Handler
                0x000000000800c500       0x28 ./Middlewares/Third_Party/FreeRTOS/Source/portable/GCC/ARM_CM4F/port.o
                0x000000000800c500                SVC_Handler
 .text.prvPortStartFirstTask
                0x000000000800c528       0x28 ./Middlewares/Third_Party/FreeRTOS/Source/portable/GCC/ARM_CM4F/port.o
 .text.xPortStartScheduler
                0x000000000800c550      0x144 ./Middlewares/Third_Party/FreeRTOS/Source/portable/GCC/ARM_CM4F/port.o
                0x000000000800c550                xPortStartScheduler
 .text.vPortEnterCritical
                0x000000000800c694       0x60 ./Middlewares/Third_Party/FreeRTOS/Source/portable/GCC/ARM_CM4F/port.o
                0x000000000800c694                vPortEnterCritical
 .text.vPortExitCritical
                0x000000000800c6f4       0x54 ./Middlewares/Third_Party/FreeRTOS/Source/portable/GCC/ARM_CM4F/port.o
                0x000000000800c6f4                vPortExitCritical
 *fill*         0x000000000800c748        0x8 
 .text.PendSV_Handler
                0x000000000800c750       0x68 ./Middlewares/Third_Party/FreeRTOS/Source/portable/GCC/ARM_CM4F/port.o
                0x000000000800c750                PendSV_Handler
 .text.xPortSysTickHandler
                0x000000000800c7b8       0x44 ./Middlewares/Third_Party/FreeRTOS/Source/portable/GCC/ARM_CM4F/port.o
                0x000000000800c7b8                xPortSysTickHandler
 .text.vPortSetupTimerInterrupt
                0x000000000800c7fc       0x48 ./Middlewares/Third_Party/FreeRTOS/Source/portable/GCC/ARM_CM4F/port.o
                0x000000000800c7fc                vPortSetupTimerInterrupt
 .text.vPortEnableVFP
                0x000000000800c844       0x14 ./Middlewares/Third_Party/FreeRTOS/Source/portable/GCC/ARM_CM4F/port.o
 .text.vPortValidateInterruptPriority
                0x000000000800c858       0x80 ./Middlewares/Third_Party/FreeRTOS/Source/portable/GCC/ARM_CM4F/port.o
                0x000000000800c858                vPortValidateInterruptPriority
 .text.pvPortMalloc
                0x000000000800c8d8      0x198 ./Middlewares/Third_Party/FreeRTOS/Source/portable/MemMang/heap_4.o
                0x000000000800c8d8                pvPortMalloc
 .text.vPortFree
                0x000000000800ca70       0xc4 ./Middlewares/Third_Party/FreeRTOS/Source/portable/MemMang/heap_4.o
                0x000000000800ca70                vPortFree
 .text.prvHeapInit
                0x000000000800cb34       0xc4 ./Middlewares/Third_Party/FreeRTOS/Source/portable/MemMang/heap_4.o
 .text.prvInsertBlockIntoFreeList
                0x000000000800cbf8       0xb4 ./Middlewares/Third_Party/FreeRTOS/Source/portable/MemMang/heap_4.o
 .text._ICM20948_SelectUserBank
                0x000000000800ccac       0x58 ./PeripheralDriver/Src/ICM20948.o
                0x000000000800ccac                _ICM20948_SelectUserBank
 .text._ICM20948_WriteByte
                0x000000000800cd04       0x5a ./PeripheralDriver/Src/ICM20948.o
                0x000000000800cd04                _ICM20948_WriteByte
 .text.ICM20948_init
                0x000000000800cd5e      0x112 ./PeripheralDriver/Src/ICM20948.o
                0x000000000800cd5e                ICM20948_init
 .text._AK09918_WriteByte
                0x000000000800ce70       0x3c ./PeripheralDriver/Src/ICM20948.o
                0x000000000800ce70                _AK09918_WriteByte
 .text.OLED_Refresh_Gram
                0x000000000800ceac       0x70 ./PeripheralDriver/Src/oled.o
                0x000000000800ceac                OLED_Refresh_Gram
 .text.OLED_WR_Byte
                0x000000000800cf1c       0x94 ./PeripheralDriver/Src/oled.o
                0x000000000800cf1c                OLED_WR_Byte
 .text.OLED_Clear
                0x000000000800cfb0       0x4c ./PeripheralDriver/Src/oled.o
                0x000000000800cfb0                OLED_Clear
 .text.OLED_DrawPoint
                0x000000000800cffc       0xb4 ./PeripheralDriver/Src/oled.o
                0x000000000800cffc                OLED_DrawPoint
 .text.OLED_ShowChar
                0x000000000800d0b0       0xe4 ./PeripheralDriver/Src/oled.o
                0x000000000800d0b0                OLED_ShowChar
 .text.OLED_ShowString
                0x000000000800d194       0x64 ./PeripheralDriver/Src/oled.o
                0x000000000800d194                OLED_ShowString
 .text.OLED_Init
                0x000000000800d1f8      0x118 ./PeripheralDriver/Src/oled.o
                0x000000000800d1f8                OLED_Init
 .text.snprintf
                0x000000000800d310       0x68 /Applications/STM32CubeIDE.app/Contents/Eclipse/plugins/com.st.stm32cube.ide.mcu.externaltools.gnu-tools-for-stm32.11.3.rel1.macos64_1.1.0.202305231506/tools/bin/../lib/gcc/arm-none-eabi/11.3.1/../../../../arm-none-eabi/lib/thumb/v7e-m+fp/hard/libc_nano.a(libc_a-snprintf.o)
                0x000000000800d310                snprintf
                0x000000000800d310                sniprintf
 .text.memset   0x000000000800d378       0x10 /Applications/STM32CubeIDE.app/Contents/Eclipse/plugins/com.st.stm32cube.ide.mcu.externaltools.gnu-tools-for-stm32.11.3.rel1.macos64_1.1.0.202305231506/tools/bin/../lib/gcc/arm-none-eabi/11.3.1/../../../../arm-none-eabi/lib/thumb/v7e-m+fp/hard/libc_nano.a(libc_a-memset.o)
                0x000000000800d378                memset
 .text.__errno  0x000000000800d388        0xc /Applications/STM32CubeIDE.app/Contents/Eclipse/plugins/com.st.stm32cube.ide.mcu.externaltools.gnu-tools-for-stm32.11.3.rel1.macos64_1.1.0.202305231506/tools/bin/../lib/gcc/arm-none-eabi/11.3.1/../../../../arm-none-eabi/lib/thumb/v7e-m+fp/hard/libc_nano.a(libc_a-errno.o)
                0x000000000800d388                __errno
 .text.__libc_init_array
                0x000000000800d394       0x48 /Applications/STM32CubeIDE.app/Contents/Eclipse/plugins/com.st.stm32cube.ide.mcu.externaltools.gnu-tools-for-stm32.11.3.rel1.macos64_1.1.0.202305231506/tools/bin/../lib/gcc/arm-none-eabi/11.3.1/../../../../arm-none-eabi/lib/thumb/v7e-m+fp/hard/libc_nano.a(libc_a-init.o)
                0x000000000800d394                __libc_init_array
 .text.__retarget_lock_acquire_recursive
                0x000000000800d3dc        0x2 /Applications/STM32CubeIDE.app/Contents/Eclipse/plugins/com.st.stm32cube.ide.mcu.externaltools.gnu-tools-for-stm32.11.3.rel1.macos64_1.1.0.202305231506/tools/bin/../lib/gcc/arm-none-eabi/11.3.1/../../../../arm-none-eabi/lib/thumb/v7e-m+fp/hard/libc_nano.a(libc_a-lock.o)
                0x000000000800d3dc                __retarget_lock_acquire_recursive
 .text.__retarget_lock_release_recursive
                0x000000000800d3de        0x2 /Applications/STM32CubeIDE.app/Contents/Eclipse/plugins/com.st.stm32cube.ide.mcu.externaltools.gnu-tools-for-stm32.11.3.rel1.macos64_1.1.0.202305231506/tools/bin/../lib/gcc/arm-none-eabi/11.3.1/../../../../arm-none-eabi/lib/thumb/v7e-m+fp/hard/libc_nano.a(libc_a-lock.o)
                0x000000000800d3de                __retarget_lock_release_recursive
 .text.memcpy   0x000000000800d3e0       0x1c /Applications/STM32CubeIDE.app/Contents/Eclipse/plugins/com.st.stm32cube.ide.mcu.externaltools.gnu-tools-for-stm32.11.3.rel1.macos64_1.1.0.202305231506/tools/bin/../lib/gcc/arm-none-eabi/11.3.1/../../../../arm-none-eabi/lib/thumb/v7e-m+fp/hard/libc_nano.a(libc_a-memcpy-stub.o)
                0x000000000800d3e0                memcpy
 .text.__ssputs_r
                0x000000000800d3fc       0xb4 /Applications/STM32CubeIDE.app/Contents/Eclipse/plugins/com.st.stm32cube.ide.mcu.externaltools.gnu-tools-for-stm32.11.3.rel1.macos64_1.1.0.202305231506/tools/bin/../lib/gcc/arm-none-eabi/11.3.1/../../../../arm-none-eabi/lib/thumb/v7e-m+fp/hard/libc_nano.a(libc_a-nano-svfprintf.o)
                0x000000000800d3fc                __ssputs_r
 .text._svfprintf_r
                0x000000000800d4b0      0x1fc /Applications/STM32CubeIDE.app/Contents/Eclipse/plugins/com.st.stm32cube.ide.mcu.externaltools.gnu-tools-for-stm32.11.3.rel1.macos64_1.1.0.202305231506/tools/bin/../lib/gcc/arm-none-eabi/11.3.1/../../../../arm-none-eabi/lib/thumb/v7e-m+fp/hard/libc_nano.a(libc_a-nano-svfprintf.o)
                0x000000000800d4b0                _svfprintf_r
                0x000000000800d4b0                _svfiprintf_r
 .text.sbrk_aligned
                0x000000000800d6ac       0x40 /Applications/STM32CubeIDE.app/Contents/Eclipse/plugins/com.st.stm32cube.ide.mcu.externaltools.gnu-tools-for-stm32.11.3.rel1.macos64_1.1.0.202305231506/tools/bin/../lib/gcc/arm-none-eabi/11.3.1/../../../../arm-none-eabi/lib/thumb/v7e-m+fp/hard/libc_nano.a(libc_a-mallocr.o)
 .text._malloc_r
                0x000000000800d6ec      0x100 /Applications/STM32CubeIDE.app/Contents/Eclipse/plugins/com.st.stm32cube.ide.mcu.externaltools.gnu-tools-for-stm32.11.3.rel1.macos64_1.1.0.202305231506/tools/bin/../lib/gcc/arm-none-eabi/11.3.1/../../../../arm-none-eabi/lib/thumb/v7e-m+fp/hard/libc_nano.a(libc_a-mallocr.o)
                0x000000000800d6ec                _malloc_r
 .text._printf_common
                0x000000000800d7ec       0xda /Applications/STM32CubeIDE.app/Contents/Eclipse/plugins/com.st.stm32cube.ide.mcu.externaltools.gnu-tools-for-stm32.11.3.rel1.macos64_1.1.0.202305231506/tools/bin/../lib/gcc/arm-none-eabi/11.3.1/../../../../arm-none-eabi/lib/thumb/v7e-m+fp/hard/libc_nano.a(libc_a-nano-vfprintf_i.o)
                0x000000000800d7ec                _printf_common
 *fill*         0x000000000800d8c6        0x2 
 .text._printf_i
                0x000000000800d8c8      0x244 /Applications/STM32CubeIDE.app/Contents/Eclipse/plugins/com.st.stm32cube.ide.mcu.externaltools.gnu-tools-for-stm32.11.3.rel1.macos64_1.1.0.202305231506/tools/bin/../lib/gcc/arm-none-eabi/11.3.1/../../../../arm-none-eabi/lib/thumb/v7e-m+fp/hard/libc_nano.a(libc_a-nano-vfprintf_i.o)
                0x000000000800d8c8                _printf_i
 .text.__malloc_lock
                0x000000000800db0c        0xc /Applications/STM32CubeIDE.app/Contents/Eclipse/plugins/com.st.stm32cube.ide.mcu.externaltools.gnu-tools-for-stm32.11.3.rel1.macos64_1.1.0.202305231506/tools/bin/../lib/gcc/arm-none-eabi/11.3.1/../../../../arm-none-eabi/lib/thumb/v7e-m+fp/hard/libc_nano.a(libc_a-mlock.o)
                0x000000000800db0c                __malloc_lock
 .text.__malloc_unlock
                0x000000000800db18        0xc /Applications/STM32CubeIDE.app/Contents/Eclipse/plugins/com.st.stm32cube.ide.mcu.externaltools.gnu-tools-for-stm32.11.3.rel1.macos64_1.1.0.202305231506/tools/bin/../lib/gcc/arm-none-eabi/11.3.1/../../../../arm-none-eabi/lib/thumb/v7e-m+fp/hard/libc_nano.a(libc_a-mlock.o)
                0x000000000800db18                __malloc_unlock
 .text._realloc_r
                0x000000000800db24       0x5e /Applications/STM32CubeIDE.app/Contents/Eclipse/plugins/com.st.stm32cube.ide.mcu.externaltools.gnu-tools-for-stm32.11.3.rel1.macos64_1.1.0.202305231506/tools/bin/../lib/gcc/arm-none-eabi/11.3.1/../../../../arm-none-eabi/lib/thumb/v7e-m+fp/hard/libc_nano.a(libc_a-reallocr.o)
                0x000000000800db24                _realloc_r
 .text.memmove  0x000000000800db82       0x34 /Applications/STM32CubeIDE.app/Contents/Eclipse/plugins/com.st.stm32cube.ide.mcu.externaltools.gnu-tools-for-stm32.11.3.rel1.macos64_1.1.0.202305231506/tools/bin/../lib/gcc/arm-none-eabi/11.3.1/../../../../arm-none-eabi/lib/thumb/v7e-m+fp/hard/libc_nano.a(libc_a-memmove.o)
                0x000000000800db82                memmove
 *fill*         0x000000000800dbb6        0x2 
 .text._sbrk_r  0x000000000800dbb8       0x20 /Applications/STM32CubeIDE.app/Contents/Eclipse/plugins/com.st.stm32cube.ide.mcu.externaltools.gnu-tools-for-stm32.11.3.rel1.macos64_1.1.0.202305231506/tools/bin/../lib/gcc/arm-none-eabi/11.3.1/../../../../arm-none-eabi/lib/thumb/v7e-m+fp/hard/libc_nano.a(libc_a-sbrkr.o)
                0x000000000800dbb8                _sbrk_r
 .text._free_r  0x000000000800dbd8       0x98 /Applications/STM32CubeIDE.app/Contents/Eclipse/plugins/com.st.stm32cube.ide.mcu.externaltools.gnu-tools-for-stm32.11.3.rel1.macos64_1.1.0.202305231506/tools/bin/../lib/gcc/arm-none-eabi/11.3.1/../../../../arm-none-eabi/lib/thumb/v7e-m+fp/hard/libc_nano.a(libc_a-freer.o)
                0x000000000800dbd8                _free_r
 .text._malloc_usable_size_r
                0x000000000800dc70       0x10 /Applications/STM32CubeIDE.app/Contents/Eclipse/plugins/com.st.stm32cube.ide.mcu.externaltools.gnu-tools-for-stm32.11.3.rel1.macos64_1.1.0.202305231506/tools/bin/../lib/gcc/arm-none-eabi/11.3.1/../../../../arm-none-eabi/lib/thumb/v7e-m+fp/hard/libc_nano.a(libc_a-msizer.o)
                0x000000000800dc70                _malloc_usable_size_r
 *(.glue_7)
 .glue_7        0x000000000800dc80        0x0 linker stubs
 *(.glue_7t)
 .glue_7t       0x000000000800dc80        0x0 linker stubs
 *(.eh_frame)
 .eh_frame      0x000000000800dc80        0x0 /Applications/STM32CubeIDE.app/Contents/Eclipse/plugins/com.st.stm32cube.ide.mcu.externaltools.gnu-tools-for-stm32.11.3.rel1.macos64_1.1.0.202305231506/tools/bin/../lib/gcc/arm-none-eabi/11.3.1/thumb/v7e-m+fp/hard/crtbegin.o
 *(.init)
 .init          0x000000000800dc80        0x4 /Applications/STM32CubeIDE.app/Contents/Eclipse/plugins/com.st.stm32cube.ide.mcu.externaltools.gnu-tools-for-stm32.11.3.rel1.macos64_1.1.0.202305231506/tools/bin/../lib/gcc/arm-none-eabi/11.3.1/thumb/v7e-m+fp/hard/crti.o
                0x000000000800dc80                _init
 .init          0x000000000800dc84        0x8 /Applications/STM32CubeIDE.app/Contents/Eclipse/plugins/com.st.stm32cube.ide.mcu.externaltools.gnu-tools-for-stm32.11.3.rel1.macos64_1.1.0.202305231506/tools/bin/../lib/gcc/arm-none-eabi/11.3.1/thumb/v7e-m+fp/hard/crtn.o
 *(.fini)
 .fini          0x000000000800dc8c        0x4 /Applications/STM32CubeIDE.app/Contents/Eclipse/plugins/com.st.stm32cube.ide.mcu.externaltools.gnu-tools-for-stm32.11.3.rel1.macos64_1.1.0.202305231506/tools/bin/../lib/gcc/arm-none-eabi/11.3.1/thumb/v7e-m+fp/hard/crti.o
                0x000000000800dc8c                _fini
 .fini          0x000000000800dc90        0x8 /Applications/STM32CubeIDE.app/Contents/Eclipse/plugins/com.st.stm32cube.ide.mcu.externaltools.gnu-tools-for-stm32.11.3.rel1.macos64_1.1.0.202305231506/tools/bin/../lib/gcc/arm-none-eabi/11.3.1/thumb/v7e-m+fp/hard/crtn.o
                0x000000000800dc98                . = ALIGN (0x4)
                0x000000000800dc98                _etext = .

.vfp11_veneer   0x000000000800dc98        0x0
 .vfp11_veneer  0x000000000800dc98        0x0 linker stubs

.v4_bx          0x000000000800dc98        0x0
 .v4_bx         0x000000000800dc98        0x0 linker stubs

.iplt           0x000000000800dc98        0x0
 .iplt          0x000000000800dc98        0x0 /Applications/STM32CubeIDE.app/Contents/Eclipse/plugins/com.st.stm32cube.ide.mcu.externaltools.gnu-tools-for-stm32.11.3.rel1.macos64_1.1.0.202305231506/tools/bin/../lib/gcc/arm-none-eabi/11.3.1/thumb/v7e-m+fp/hard/crtbegin.o

.rodata         0x000000000800dc98      0xd08
                0x000000000800dc98                . = ALIGN (0x4)
 *(.rodata)
 .rodata        0x000000000800dc98       0x8e ./Core/Src/main.o
 *fill*         0x000000000800dd26        0x2 
 .rodata        0x000000000800dd28        0x5 ./Middlewares/Third_Party/FreeRTOS/Source/tasks.o
 *fill*         0x000000000800dd2d        0x3 
 .rodata        0x000000000800dd30        0xd ./Middlewares/Third_Party/FreeRTOS/Source/timers.o
 *(.rodata*)
 *fill*         0x000000000800dd3d        0x3 
 .rodata.encoderTask_attributes
                0x000000000800dd40       0x24 ./Core/Src/main.o
                0x000000000800dd40                encoderTask_attributes
 .rodata.OledTask_attributes
                0x000000000800dd64       0x24 ./Core/Src/main.o
                0x000000000800dd64                OledTask_attributes
 .rodata.FWTask_attributes
                0x000000000800dd88       0x24 ./Core/Src/main.o
                0x000000000800dd88                FWTask_attributes
 .rodata.BWTask_attributes
                0x000000000800ddac       0x24 ./Core/Src/main.o
                0x000000000800ddac                BWTask_attributes
 .rodata.FLTask_attributes
                0x000000000800ddd0       0x24 ./Core/Src/main.o
                0x000000000800ddd0                FLTask_attributes
 .rodata.FRTask_attributes
                0x000000000800ddf4       0x24 ./Core/Src/main.o
                0x000000000800ddf4                FRTask_attributes
 .rodata.BLTask_attributes
                0x000000000800de18       0x24 ./Core/Src/main.o
                0x000000000800de18                BLTask_attributes
 .rodata.BRTask_attributes
                0x000000000800de3c       0x24 ./Core/Src/main.o
                0x000000000800de3c                BRTask_attributes
 .rodata.ADCTask_attributes
                0x000000000800de60       0x24 ./Core/Src/main.o
                0x000000000800de60                ADCTask_attributes
 .rodata.cmdTask_attributes
                0x000000000800de84       0x24 ./Core/Src/main.o
                0x000000000800de84                cmdTask_attributes
 .rodata.moveDistObsTask_attributes
                0x000000000800dea8       0x24 ./Core/Src/main.o
                0x000000000800dea8                moveDistObsTask_attributes
 .rodata.navArdObsTask_attributes
                0x000000000800decc       0x24 ./Core/Src/main.o
                0x000000000800decc                navArdObsTask_attributes
 .rodata.AHBPrescTable
                0x000000000800def0       0x10 ./Core/Src/system_stm32f4xx.o
                0x000000000800def0                AHBPrescTable
 .rodata.APBPrescTable
                0x000000000800df00        0x8 ./Core/Src/system_stm32f4xx.o
                0x000000000800df00                APBPrescTable
 .rodata.oled_asc2_1206
                0x000000000800df08      0x474 ./PeripheralDriver/Src/oled.o
                0x000000000800df08                oled_asc2_1206
 .rodata.oled_asc2_1608
                0x000000000800e37c      0x5f0 ./PeripheralDriver/Src/oled.o
                0x000000000800e37c                oled_asc2_1608
 .rodata._svfprintf_r.str1.1
                0x000000000800e96c       0x11 /Applications/STM32CubeIDE.app/Contents/Eclipse/plugins/com.st.stm32cube.ide.mcu.externaltools.gnu-tools-for-stm32.11.3.rel1.macos64_1.1.0.202305231506/tools/bin/../lib/gcc/arm-none-eabi/11.3.1/../../../../arm-none-eabi/lib/thumb/v7e-m+fp/hard/libc_nano.a(libc_a-nano-svfprintf.o)
 .rodata._printf_i.str1.1
                0x000000000800e97d       0x22 /Applications/STM32CubeIDE.app/Contents/Eclipse/plugins/com.st.stm32cube.ide.mcu.externaltools.gnu-tools-for-stm32.11.3.rel1.macos64_1.1.0.202305231506/tools/bin/../lib/gcc/arm-none-eabi/11.3.1/../../../../arm-none-eabi/lib/thumb/v7e-m+fp/hard/libc_nano.a(libc_a-nano-vfprintf_i.o)
                0x000000000800e9a0                . = ALIGN (0x4)
 *fill*         0x000000000800e99f        0x1 

.ARM.extab      0x000000000800e9a0        0x0
                0x000000000800e9a0                . = ALIGN (0x4)
 *(.ARM.extab* .gnu.linkonce.armextab.*)
                0x000000000800e9a0                . = ALIGN (0x4)

.ARM            0x000000000800e9a0        0x8
                0x000000000800e9a0                . = ALIGN (0x4)
                0x000000000800e9a0                __exidx_start = .
 *(.ARM.exidx*)
 .ARM.exidx     0x000000000800e9a0        0x8 /Applications/STM32CubeIDE.app/Contents/Eclipse/plugins/com.st.stm32cube.ide.mcu.externaltools.gnu-tools-for-stm32.11.3.rel1.macos64_1.1.0.202305231506/tools/bin/../lib/gcc/arm-none-eabi/11.3.1/thumb/v7e-m+fp/hard/libgcc.a(_udivmoddi4.o)
                0x000000000800e9a8                __exidx_end = .
                0x000000000800e9a8                . = ALIGN (0x4)

.rel.dyn        0x000000000800e9a8        0x0
 .rel.iplt      0x000000000800e9a8        0x0 /Applications/STM32CubeIDE.app/Contents/Eclipse/plugins/com.st.stm32cube.ide.mcu.externaltools.gnu-tools-for-stm32.11.3.rel1.macos64_1.1.0.202305231506/tools/bin/../lib/gcc/arm-none-eabi/11.3.1/thumb/v7e-m+fp/hard/crtbegin.o

.preinit_array  0x000000000800e9a8        0x0
                0x000000000800e9a8                . = ALIGN (0x4)
                0x000000000800e9a8                PROVIDE (__preinit_array_start = .)
 *(.preinit_array*)
                0x000000000800e9a8                PROVIDE (__preinit_array_end = .)
                0x000000000800e9a8                . = ALIGN (0x4)

.init_array     0x000000000800e9a8        0x4
                0x000000000800e9a8                . = ALIGN (0x4)
                0x000000000800e9a8                PROVIDE (__init_array_start = .)
 *(SORT_BY_NAME(.init_array.*))
 *(.init_array*)
 .init_array    0x000000000800e9a8        0x4 /Applications/STM32CubeIDE.app/Contents/Eclipse/plugins/com.st.stm32cube.ide.mcu.externaltools.gnu-tools-for-stm32.11.3.rel1.macos64_1.1.0.202305231506/tools/bin/../lib/gcc/arm-none-eabi/11.3.1/thumb/v7e-m+fp/hard/crtbegin.o
                0x000000000800e9ac                PROVIDE (__init_array_end = .)
                0x000000000800e9ac                . = ALIGN (0x4)

.fini_array     0x000000000800e9ac        0x4
                0x000000000800e9ac                . = ALIGN (0x4)
                [!provide]                        PROVIDE (__fini_array_start = .)
 *(SORT_BY_NAME(.fini_array.*))
 *(.fini_array*)
 .fini_array    0x000000000800e9ac        0x4 /Applications/STM32CubeIDE.app/Contents/Eclipse/plugins/com.st.stm32cube.ide.mcu.externaltools.gnu-tools-for-stm32.11.3.rel1.macos64_1.1.0.202305231506/tools/bin/../lib/gcc/arm-none-eabi/11.3.1/thumb/v7e-m+fp/hard/crtbegin.o
                [!provide]                        PROVIDE (__fini_array_end = .)
                0x000000000800e9b0                . = ALIGN (0x4)
                0x000000000800e9b0                _sidata = LOADADDR (.data)

.data           0x0000000020000000      0x1a0 load address 0x000000000800e9b0
                0x0000000020000000                . = ALIGN (0x4)
                0x0000000020000000                _sdata = .
 *(.data)
 *(.data*)
 .data.RX_BUFFER_SIZE
                0x0000000020000000        0x1 ./Core/Src/main.o
                0x0000000020000000                RX_BUFFER_SIZE
 .data.CMD_BUFFER_SIZE
                0x0000000020000001        0x1 ./Core/Src/main.o
                0x0000000020000001                CMD_BUFFER_SIZE
 *fill*         0x0000000020000002        0x2 
 .data.cfgs     0x0000000020000004      0x130 ./Core/Src/main.o
                0x0000000020000004                cfgs
 .data.curTask  0x0000000020000134        0x1 ./Core/Src/main.o
                0x0000000020000134                curTask
 .data.prevTask
                0x0000000020000135        0x1 ./Core/Src/main.o
                0x0000000020000135                prevTask
 .data.moveMode
                0x0000000020000136        0x1 ./Core/Src/main.o
                0x0000000020000136                moveMode
 *fill*         0x0000000020000137        0x1 
 .data.speedScale
                0x0000000020000138        0x4 ./Core/Src/main.o
                0x0000000020000138                speedScale
 .data.dir      0x000000002000013c        0x1 ./Core/Src/main.o
                0x000000002000013c                dir
 *fill*         0x000000002000013d        0x3 
 .data.SystemCoreClock
                0x0000000020000140        0x4 ./Core/Src/system_stm32f4xx.o
                0x0000000020000140                SystemCoreClock
 .data.uwTickPrio
                0x0000000020000144        0x4 ./Drivers/STM32F4xx_HAL_Driver/Src/stm32f4xx_hal.o
                0x0000000020000144                uwTickPrio
 .data.uwTickFreq
                0x0000000020000148        0x1 ./Drivers/STM32F4xx_HAL_Driver/Src/stm32f4xx_hal.o
                0x0000000020000148                uwTickFreq
 *fill*         0x0000000020000149        0x3 
 .data.uxCriticalNesting
                0x000000002000014c        0x4 ./Middlewares/Third_Party/FreeRTOS/Source/portable/GCC/ARM_CM4F/port.o
 .data._impure_data
                0x0000000020000150       0x4c /Applications/STM32CubeIDE.app/Contents/Eclipse/plugins/com.st.stm32cube.ide.mcu.externaltools.gnu-tools-for-stm32.11.3.rel1.macos64_1.1.0.202305231506/tools/bin/../lib/gcc/arm-none-eabi/11.3.1/../../../../arm-none-eabi/lib/thumb/v7e-m+fp/hard/libc_nano.a(libc_a-impure.o)
                0x0000000020000150                _impure_data
 .data._impure_ptr
                0x000000002000019c        0x4 /Applications/STM32CubeIDE.app/Contents/Eclipse/plugins/com.st.stm32cube.ide.mcu.externaltools.gnu-tools-for-stm32.11.3.rel1.macos64_1.1.0.202305231506/tools/bin/../lib/gcc/arm-none-eabi/11.3.1/../../../../arm-none-eabi/lib/thumb/v7e-m+fp/hard/libc_nano.a(libc_a-impure.o)
                0x000000002000019c                _impure_ptr
 *(.RamFunc)
 *(.RamFunc*)
                0x00000000200001a0                . = ALIGN (0x4)
                0x00000000200001a0                _edata = .
                0x000000000800eb50                _siccmram = LOADADDR (.ccmram)

.igot.plt       0x00000000200001a0        0x0 load address 0x000000000800eb50
 .igot.plt      0x00000000200001a0        0x0 /Applications/STM32CubeIDE.app/Contents/Eclipse/plugins/com.st.stm32cube.ide.mcu.externaltools.gnu-tools-for-stm32.11.3.rel1.macos64_1.1.0.202305231506/tools/bin/../lib/gcc/arm-none-eabi/11.3.1/thumb/v7e-m+fp/hard/crtbegin.o

.ccmram         0x0000000010000000        0x0 load address 0x000000000800eb50
                0x0000000010000000                . = ALIGN (0x4)
                0x0000000010000000                _sccmram = .
 *(.ccmram)
 *(.ccmram*)
                0x0000000010000000                . = ALIGN (0x4)
                0x0000000010000000                _eccmram = .
                0x0000000010000000                . = ALIGN (0x4)

.bss            0x00000000200001a0     0x5200
                0x00000000200001a0                _sbss = .
                0x00000000200001a0                __bss_start__ = _sbss
 *(.bss)
 .bss           0x00000000200001a0       0x1c /Applications/STM32CubeIDE.app/Contents/Eclipse/plugins/com.st.stm32cube.ide.mcu.externaltools.gnu-tools-for-stm32.11.3.rel1.macos64_1.1.0.202305231506/tools/bin/../lib/gcc/arm-none-eabi/11.3.1/thumb/v7e-m+fp/hard/crtbegin.o
 *(.bss*)
 .bss.hi2c1     0x00000000200001bc       0x54 ./Core/Src/main.o
                0x00000000200001bc                hi2c1
 .bss.htim1     0x0000000020000210       0x48 ./Core/Src/main.o
                0x0000000020000210                htim1
 .bss.htim2     0x0000000020000258       0x48 ./Core/Src/main.o
                0x0000000020000258                htim2
 .bss.htim3     0x00000000200002a0       0x48 ./Core/Src/main.o
                0x00000000200002a0                htim3
 .bss.htim6     0x00000000200002e8       0x48 ./Core/Src/main.o
                0x00000000200002e8                htim6
 .bss.htim8     0x0000000020000330       0x48 ./Core/Src/main.o
                0x0000000020000330                htim8
 .bss.huart3    0x0000000020000378       0x44 ./Core/Src/main.o
                0x0000000020000378                huart3
 .bss.encoderTaskHandle
                0x00000000200003bc        0x4 ./Core/Src/main.o
                0x00000000200003bc                encoderTaskHandle
 .bss.OledTaskHandle
                0x00000000200003c0        0x4 ./Core/Src/main.o
                0x00000000200003c0                OledTaskHandle
 .bss.FWTaskHandle
                0x00000000200003c4        0x4 ./Core/Src/main.o
                0x00000000200003c4                FWTaskHandle
 .bss.BWTaskHandle
                0x00000000200003c8        0x4 ./Core/Src/main.o
                0x00000000200003c8                BWTaskHandle
 .bss.FLTaskHandle
                0x00000000200003cc        0x4 ./Core/Src/main.o
                0x00000000200003cc                FLTaskHandle
 .bss.FRTaskHandle
                0x00000000200003d0        0x4 ./Core/Src/main.o
                0x00000000200003d0                FRTaskHandle
 .bss.BLTaskHandle
                0x00000000200003d4        0x4 ./Core/Src/main.o
                0x00000000200003d4                BLTaskHandle
 .bss.BRTaskHandle
                0x00000000200003d8        0x4 ./Core/Src/main.o
                0x00000000200003d8                BRTaskHandle
 .bss.ADCTaskHandle
                0x00000000200003dc        0x4 ./Core/Src/main.o
                0x00000000200003dc                ADCTaskHandle
 .bss.cmdTaskHandle
                0x00000000200003e0        0x4 ./Core/Src/main.o
                0x00000000200003e0                cmdTaskHandle
 .bss.moveDistObsTaskHandle
                0x00000000200003e4        0x4 ./Core/Src/main.o
                0x00000000200003e4                moveDistObsTaskHandle
 .bss.navArdObsTaskHandle
                0x00000000200003e8        0x4 ./Core/Src/main.o
                0x00000000200003e8                navArdObsTaskHandle
 .bss.aRxBuffer
                0x00000000200003ec        0xa ./Core/Src/main.o
                0x00000000200003ec                aRxBuffer
 *fill*         0x00000000200003f6        0x2 
 .bss.cQueue    0x00000000200003f8       0x34 ./Core/Src/main.o
                0x00000000200003f8                cQueue
 .bss.curCmd    0x000000002000042c        0x4 ./Core/Src/main.o
                0x000000002000042c                curCmd
 .bss.rxMsg     0x0000000020000430       0x10 ./Core/Src/main.o
                0x0000000020000430                rxMsg
 .bss.manualMode
                0x0000000020000440        0x1 ./Core/Src/main.o
                0x0000000020000440                manualMode
 *fill*         0x0000000020000441        0x3 
 .bss.targetAngle
                0x0000000020000444        0x4 ./Core/Src/main.o
                0x0000000020000444                targetAngle
 .bss.angleNow  0x0000000020000448        0x4 ./Core/Src/main.o
                0x0000000020000448                angleNow
 .bss.readGyroZData
                0x000000002000044c        0x2 ./Core/Src/main.o
                0x000000002000044c                readGyroZData
 .bss.gyroZ     0x000000002000044e        0x2 ./Core/Src/main.o
                0x000000002000044e                gyroZ
 .bss.newDutyL  0x0000000020000450        0x2 ./Core/Src/main.o
                0x0000000020000450                newDutyL
 .bss.newDutyR  0x0000000020000452        0x2 ./Core/Src/main.o
                0x0000000020000452                newDutyR
 .bss.last_curTask_tick
                0x0000000020000454        0x4 ./Core/Src/main.o
                0x0000000020000454                last_curTask_tick
 .bss.targetDist
                0x0000000020000458        0x4 ./Core/Src/main.o
                0x0000000020000458                targetDist
 .bss.curDistTick
                0x000000002000045c        0x2 ./Core/Src/main.o
                0x000000002000045c                curDistTick
 .bss.targetDistTick
                0x000000002000045e        0x2 ./Core/Src/main.o
                0x000000002000045e                targetDistTick
 .bss.dist_dL   0x0000000020000460        0x2 ./Core/Src/main.o
                0x0000000020000460                dist_dL
 .bss.lastDistTick_L
                0x0000000020000462        0x2 ./Core/Src/main.o
                0x0000000020000462                lastDistTick_L
 .bss.pidSlow   0x0000000020000464       0x14 ./Core/Src/main.o
                0x0000000020000464                pidSlow
 .bss.pidTSlow  0x0000000020000478       0x14 ./Core/Src/main.o
                0x0000000020000478                pidTSlow
 .bss.pidFast   0x000000002000048c       0x14 ./Core/Src/main.o
                0x000000002000048c                pidFast
 .bss.obsDist_US
                0x00000000200004a0        0x4 ./Core/Src/main.o
                0x00000000200004a0                obsDist_US
 .bss.IC_Val1   0x00000000200004a4        0x4 ./Core/Src/main.o
                0x00000000200004a4                IC_Val1
 .bss.IC_Val2   0x00000000200004a8        0x4 ./Core/Src/main.o
                0x00000000200004a8                IC_Val2
 .bss.Is_First_Captured
                0x00000000200004ac        0x1 ./Core/Src/main.o
                0x00000000200004ac                Is_First_Captured
 *fill*         0x00000000200004ad        0x3 
 .bss.clickOnce
                0x00000000200004b0        0x4 ./Core/Src/main.o
                0x00000000200004b0                clickOnce
 .bss.correction
                0x00000000200004b4        0x4 ./Core/Src/main.o
                0x00000000200004b4                correction
 .bss.htim4     0x00000000200004b8       0x48 ./Core/Src/stm32f4xx_hal_timebase_tim.o
                0x00000000200004b8                htim4
 .bss.__sbrk_heap_end
                0x0000000020000500        0x4 ./Core/Src/sysmem.o
 .bss.uwTick    0x0000000020000504        0x4 ./Drivers/STM32F4xx_HAL_Driver/Src/stm32f4xx_hal.o
                0x0000000020000504                uwTick
 .bss.KernelState
                0x0000000020000508        0x4 ./Middlewares/Third_Party/FreeRTOS/Source/CMSIS_RTOS_V2/cmsis_os2.o
 .bss.Idle_TCB.3
                0x000000002000050c       0x5c ./Middlewares/Third_Party/FreeRTOS/Source/CMSIS_RTOS_V2/cmsis_os2.o
 .bss.Idle_Stack.2
                0x0000000020000568      0x200 ./Middlewares/Third_Party/FreeRTOS/Source/CMSIS_RTOS_V2/cmsis_os2.o
 .bss.Timer_TCB.1
                0x0000000020000768       0x5c ./Middlewares/Third_Party/FreeRTOS/Source/CMSIS_RTOS_V2/cmsis_os2.o
 .bss.Timer_Stack.0
                0x00000000200007c4      0x400 ./Middlewares/Third_Party/FreeRTOS/Source/CMSIS_RTOS_V2/cmsis_os2.o
 .bss.xQueueRegistry
                0x0000000020000bc4       0x40 ./Middlewares/Third_Party/FreeRTOS/Source/queue.o
                0x0000000020000bc4                xQueueRegistry
 .bss.pxCurrentTCB
                0x0000000020000c04        0x4 ./Middlewares/Third_Party/FreeRTOS/Source/tasks.o
                0x0000000020000c04                pxCurrentTCB
 .bss.pxReadyTasksLists
                0x0000000020000c08      0x460 ./Middlewares/Third_Party/FreeRTOS/Source/tasks.o
 .bss.xDelayedTaskList1
                0x0000000020001068       0x14 ./Middlewares/Third_Party/FreeRTOS/Source/tasks.o
 .bss.xDelayedTaskList2
                0x000000002000107c       0x14 ./Middlewares/Third_Party/FreeRTOS/Source/tasks.o
 .bss.pxDelayedTaskList
                0x0000000020001090        0x4 ./Middlewares/Third_Party/FreeRTOS/Source/tasks.o
 .bss.pxOverflowDelayedTaskList
                0x0000000020001094        0x4 ./Middlewares/Third_Party/FreeRTOS/Source/tasks.o
 .bss.xPendingReadyList
                0x0000000020001098       0x14 ./Middlewares/Third_Party/FreeRTOS/Source/tasks.o
 .bss.xTasksWaitingTermination
                0x00000000200010ac       0x14 ./Middlewares/Third_Party/FreeRTOS/Source/tasks.o
 .bss.uxDeletedTasksWaitingCleanUp
                0x00000000200010c0        0x4 ./Middlewares/Third_Party/FreeRTOS/Source/tasks.o
 .bss.xSuspendedTaskList
                0x00000000200010c4       0x14 ./Middlewares/Third_Party/FreeRTOS/Source/tasks.o
 .bss.uxCurrentNumberOfTasks
                0x00000000200010d8        0x4 ./Middlewares/Third_Party/FreeRTOS/Source/tasks.o
 .bss.xTickCount
                0x00000000200010dc        0x4 ./Middlewares/Third_Party/FreeRTOS/Source/tasks.o
 .bss.uxTopReadyPriority
                0x00000000200010e0        0x4 ./Middlewares/Third_Party/FreeRTOS/Source/tasks.o
 .bss.xSchedulerRunning
                0x00000000200010e4        0x4 ./Middlewares/Third_Party/FreeRTOS/Source/tasks.o
 .bss.xPendedTicks
                0x00000000200010e8        0x4 ./Middlewares/Third_Party/FreeRTOS/Source/tasks.o
 .bss.xYieldPending
                0x00000000200010ec        0x4 ./Middlewares/Third_Party/FreeRTOS/Source/tasks.o
 .bss.xNumOfOverflows
                0x00000000200010f0        0x4 ./Middlewares/Third_Party/FreeRTOS/Source/tasks.o
 .bss.uxTaskNumber
                0x00000000200010f4        0x4 ./Middlewares/Third_Party/FreeRTOS/Source/tasks.o
 .bss.xNextTaskUnblockTime
                0x00000000200010f8        0x4 ./Middlewares/Third_Party/FreeRTOS/Source/tasks.o
 .bss.xIdleTaskHandle
                0x00000000200010fc        0x4 ./Middlewares/Third_Party/FreeRTOS/Source/tasks.o
 .bss.uxSchedulerSuspended
                0x0000000020001100        0x4 ./Middlewares/Third_Party/FreeRTOS/Source/tasks.o
 .bss.xActiveTimerList1
                0x0000000020001104       0x14 ./Middlewares/Third_Party/FreeRTOS/Source/timers.o
 .bss.xActiveTimerList2
                0x0000000020001118       0x14 ./Middlewares/Third_Party/FreeRTOS/Source/timers.o
 .bss.pxCurrentTimerList
                0x000000002000112c        0x4 ./Middlewares/Third_Party/FreeRTOS/Source/timers.o
 .bss.pxOverflowTimerList
                0x0000000020001130        0x4 ./Middlewares/Third_Party/FreeRTOS/Source/timers.o
 .bss.xTimerQueue
                0x0000000020001134        0x4 ./Middlewares/Third_Party/FreeRTOS/Source/timers.o
 .bss.xTimerTaskHandle
                0x0000000020001138        0x4 ./Middlewares/Third_Party/FreeRTOS/Source/timers.o
 .bss.xLastTime.2
                0x000000002000113c        0x4 ./Middlewares/Third_Party/FreeRTOS/Source/timers.o
 .bss.ucStaticTimerQueueStorage.1
                0x0000000020001140       0xa0 ./Middlewares/Third_Party/FreeRTOS/Source/timers.o
 .bss.xStaticTimerQueue.0
                0x00000000200011e0       0x50 ./Middlewares/Third_Party/FreeRTOS/Source/timers.o
 .bss.ucMaxSysCallPriority
                0x0000000020001230        0x1 ./Middlewares/Third_Party/FreeRTOS/Source/portable/GCC/ARM_CM4F/port.o
 *fill*         0x0000000020001231        0x3 
 .bss.ulMaxPRIGROUPValue
                0x0000000020001234        0x4 ./Middlewares/Third_Party/FreeRTOS/Source/portable/GCC/ARM_CM4F/port.o
 .bss.ucHeap    0x0000000020001238     0x3c00 ./Middlewares/Third_Party/FreeRTOS/Source/portable/MemMang/heap_4.o
 .bss.xStart    0x0000000020004e38        0x8 ./Middlewares/Third_Party/FreeRTOS/Source/portable/MemMang/heap_4.o
 .bss.pxEnd     0x0000000020004e40        0x4 ./Middlewares/Third_Party/FreeRTOS/Source/portable/MemMang/heap_4.o
 .bss.xFreeBytesRemaining
                0x0000000020004e44        0x4 ./Middlewares/Third_Party/FreeRTOS/Source/portable/MemMang/heap_4.o
 .bss.xMinimumEverFreeBytesRemaining
                0x0000000020004e48        0x4 ./Middlewares/Third_Party/FreeRTOS/Source/portable/MemMang/heap_4.o
 .bss.xNumberOfSuccessfulAllocations
                0x0000000020004e4c        0x4 ./Middlewares/Third_Party/FreeRTOS/Source/portable/MemMang/heap_4.o
 .bss.xNumberOfSuccessfulFrees
                0x0000000020004e50        0x4 ./Middlewares/Third_Party/FreeRTOS/Source/portable/MemMang/heap_4.o
 .bss.xBlockAllocatedBit
                0x0000000020004e54        0x4 ./Middlewares/Third_Party/FreeRTOS/Source/portable/MemMang/heap_4.o
 .bss.OLED_GRAM
                0x0000000020004e58      0x400 ./PeripheralDriver/Src/oled.o
                0x0000000020004e58                OLED_GRAM
 .bss.__sf      0x0000000020005258      0x138 /Applications/STM32CubeIDE.app/Contents/Eclipse/plugins/com.st.stm32cube.ide.mcu.externaltools.gnu-tools-for-stm32.11.3.rel1.macos64_1.1.0.202305231506/tools/bin/../lib/gcc/arm-none-eabi/11.3.1/../../../../arm-none-eabi/lib/thumb/v7e-m+fp/hard/libc_nano.a(libc_a-findfp.o)
                0x0000000020005258                __sf
 .bss.__lock___malloc_recursive_mutex
                0x0000000020005390        0x1 /Applications/STM32CubeIDE.app/Contents/Eclipse/plugins/com.st.stm32cube.ide.mcu.externaltools.gnu-tools-for-stm32.11.3.rel1.macos64_1.1.0.202305231506/tools/bin/../lib/gcc/arm-none-eabi/11.3.1/../../../../arm-none-eabi/lib/thumb/v7e-m+fp/hard/libc_nano.a(libc_a-lock.o)
                0x0000000020005390                __lock___malloc_recursive_mutex
 *fill*         0x0000000020005391        0x3 
 .bss.__malloc_free_list
                0x0000000020005394        0x4 /Applications/STM32CubeIDE.app/Contents/Eclipse/plugins/com.st.stm32cube.ide.mcu.externaltools.gnu-tools-for-stm32.11.3.rel1.macos64_1.1.0.202305231506/tools/bin/../lib/gcc/arm-none-eabi/11.3.1/../../../../arm-none-eabi/lib/thumb/v7e-m+fp/hard/libc_nano.a(libc_a-mallocr.o)
                0x0000000020005394                __malloc_free_list
 .bss.__malloc_sbrk_start
                0x0000000020005398        0x4 /Applications/STM32CubeIDE.app/Contents/Eclipse/plugins/com.st.stm32cube.ide.mcu.externaltools.gnu-tools-for-stm32.11.3.rel1.macos64_1.1.0.202305231506/tools/bin/../lib/gcc/arm-none-eabi/11.3.1/../../../../arm-none-eabi/lib/thumb/v7e-m+fp/hard/libc_nano.a(libc_a-mallocr.o)
                0x0000000020005398                __malloc_sbrk_start
 .bss.errno     0x000000002000539c        0x4 /Applications/STM32CubeIDE.app/Contents/Eclipse/plugins/com.st.stm32cube.ide.mcu.externaltools.gnu-tools-for-stm32.11.3.rel1.macos64_1.1.0.202305231506/tools/bin/../lib/gcc/arm-none-eabi/11.3.1/../../../../arm-none-eabi/lib/thumb/v7e-m+fp/hard/libc_nano.a(libc_a-reent.o)
                0x000000002000539c                errno
 *(COMMON)
                0x00000000200053a0                . = ALIGN (0x4)
                0x00000000200053a0                _ebss = .
                0x00000000200053a0                __bss_end__ = _ebss

._user_heap_stack
                0x00000000200053a0      0x600