Archive member included to satisfy reference by file (symbol)

/Applications/STM32CubeIDE.app/Contents/Eclipse/plugins/com.st.stm32cube.ide.mcu.externaltools.gnu-tools-for-stm32.11.3.rel1.macos64_1.1.0.202305231506/tools/bin/../lib/gcc/arm-none-eabi/11.3.1/../../../../arm-none-eabi/lib/thumb/v7e-m+fp/hard/libc_nano.a(libc_a-exit.o)
                              /Applications/STM32CubeIDE.app/Contents/Eclipse/plugins/com.st.stm32cube.ide.mcu.externaltools.gnu-tools-for-stm32.11.3.rel1.macos64_1.1.0.202305231506/tools/bin/../lib/gcc/arm-none-eabi/11.3.1/../../../../arm-none-eabi/lib/thumb/v7e-m+fp/hard/crt0.o (exit)
/Applications/STM32CubeIDE.app/Contents/Eclipse/plugins/com.st.stm32cube.ide.mcu.externaltools.gnu-tools-for-stm32.11.3.rel1.macos64_1.1.0.202305231506/tools/bin/../lib/gcc/arm-none-eabi/11.3.1/../../../../arm-none-eabi/lib/thumb/v7e-m+fp/hard/libc_nano.a(libc_a-snprintf.o)
                              ./Core/Src/main.o (snprintf)
/Applications/STM32CubeIDE.app/Contents/Eclipse/plugins/com.st.stm32cube.ide.mcu.externaltools.gnu-tools-for-stm32.11.3.rel1.macos64_1.1.0.202305231506/tools/bin/../lib/gcc/arm-none-eabi/11.3.1/../../../../arm-none-eabi/lib/thumb/v7e-m+fp/hard/libc_nano.a(libc_a-findfp.o)
                              /Applications/STM32CubeIDE.app/Contents/Eclipse/plugins/com.st.stm32cube.ide.mcu.externaltools.gnu-tools-for-stm32.11.3.rel1.macos64_1.1.0.202305231506/tools/bin/../lib/gcc/arm-none-eabi/11.3.1/../../../../arm-none-eabi/lib/thumb/v7e-m+fp/hard/libc_nano.a(libc_a-exit.o) (__stdio_exit_handler)
/Applications/STM32CubeIDE.app/Contents/Eclipse/plugins/com.st.stm32cube.ide.mcu.externaltools.gnu-tools-for-stm32.11.3.rel1.macos64_1.1.0.202305231506/tools/bin/../lib/gcc/arm-none-eabi/11.3.1/../../../../arm-none-eabi/lib/thumb/v7e-m+fp/hard/libc_nano.a(libc_a-fwalk.o)
                              /Applications/STM32CubeIDE.app/Contents/Eclipse/plugins/com.st.stm32cube.ide.mcu.externaltools.gnu-tools-for-stm32.11.3.rel1.macos64_1.1.0.202305231506/tools/bin/../lib/gcc/arm-none-eabi/11.3.1/../../../../arm-none-eabi/lib/thumb/v7e-m+fp/hard/libc_nano.a(libc_a-findfp.o) (_fwalk_sglue)
/Applications/STM32CubeIDE.app/Contents/Eclipse/plugins/com.st.stm32cube.ide.mcu.externaltools.gnu-tools-for-stm32.11.3.rel1.macos64_1.1.0.202305231506/tools/bin/../lib/gcc/arm-none-eabi/11.3.1/../../../../arm-none-eabi/lib/thumb/v7e-m+fp/hard/libc_nano.a(libc_a-memset.o)
                              /Applications/STM32CubeIDE.app/Contents/Eclipse/plugins/com.st.stm32cube.ide.mcu.externaltools.gnu-tools-for-stm32.11.3.rel1.macos64_1.1.0.202305231506/tools/bin/../lib/gcc/arm-none-eabi/11.3.1/../../../../arm-none-eabi/lib/thumb/v7e-m+fp/hard/crt0.o (memset)
/Applications/STM32CubeIDE.app/Contents/Eclipse/plugins/com.st.stm32cube.ide.mcu.externaltools.gnu-tools-for-stm32.11.3.rel1.macos64_1.1.0.202305231506/tools/bin/../lib/gcc/arm-none-eabi/11.3.1/../../../../arm-none-eabi/lib/thumb/v7e-m+fp/hard/libc_nano.a(libc_a-impure.o)
                              /Applications/STM32CubeIDE.app/Contents/Eclipse/plugins/com.st.stm32cube.ide.mcu.externaltools.gnu-tools-for-stm32.11.3.rel1.macos64_1.1.0.202305231506/tools/bin/../lib/gcc/arm-none-eabi/11.3.1/../../../../arm-none-eabi/lib/thumb/v7e-m+fp/hard/libc_nano.a(libc_a-snprintf.o) (_impure_ptr)
/Applications/STM32CubeIDE.app/Contents/Eclipse/plugins/com.st.stm32cube.ide.mcu.externaltools.gnu-tools-for-stm32.11.3.rel1.macos64_1.1.0.202305231506/tools/bin/../lib/gcc/arm-none-eabi/11.3.1/../../../../arm-none-eabi/lib/thumb/v7e-m+fp/hard/libc_nano.a(libc_a-errno.o)
                              ./Core/Src/syscalls.o (__errno)
/Applications/STM32CubeIDE.app/Contents/Eclipse/plugins/com.st.stm32cube.ide.mcu.externaltools.gnu-tools-for-stm32.11.3.rel1.macos64_1.1.0.202305231506/tools/bin/../lib/gcc/arm-none-eabi/11.3.1/../../../../arm-none-eabi/lib/thumb/v7e-m+fp/hard/libc_nano.a(libc_a-init.o)
                              /Applications/STM32CubeIDE.app/Contents/Eclipse/plugins/com.st.stm32cube.ide.mcu.externaltools.gnu-tools-for-stm32.11.3.rel1.macos64_1.1.0.202305231506/tools/bin/../lib/gcc/arm-none-eabi/11.3.1/../../../../arm-none-eabi/lib/thumb/v7e-m+fp/hard/crt0.o (__libc_init_array)
/Applications/STM32CubeIDE.app/Contents/Eclipse/plugins/com.st.stm32cube.ide.mcu.externaltools.gnu-tools-for-stm32.11.3.rel1.macos64_1.1.0.202305231506/tools/bin/../lib/gcc/arm-none-eabi/11.3.1/../../../../arm-none-eabi/lib/thumb/v7e-m+fp/hard/libc_nano.a(libc_a-lock.o)
                              /Applications/STM32CubeIDE.app/Contents/Eclipse/plugins/com.st.stm32cube.ide.mcu.externaltools.gnu-tools-for-stm32.11.3.rel1.macos64_1.1.0.202305231506/tools/bin/../lib/gcc/arm-none-eabi/11.3.1/../../../../arm-none-eabi/lib/thumb/v7e-m+fp/hard/libc_nano.a(libc_a-findfp.o) (__retarget_lock_init_recursive)
[...]
Memory Configuration

Name             Origin             Length             Attributes
CCMRAM           0x0000000010000000 0x0000000000010000 xrw
RAM              0x0000000020000000 0x0000000000020000 xrw
FLASH            0x0000000008000000 0x0000000000080000 xr
*default*        0x0000000000000000 0xffffffffffffffff

Linker script and memory map

LOAD /Applications/STM32CubeIDE.app/Contents/Eclipse/plugins/com.st.stm32cube.ide.mcu.externaltools.gnu-tools-for-stm32.11.3.rel1.macos64_1.1.0.202305231506/tools/bin/../lib/gcc/arm-none-eabi/11.3.1/thumb/v7e-m+fp/hard/crti.o
LOAD /Applications/STM32CubeIDE.app/Contents/Eclipse/plugins/com.st.stm32cube.ide.mcu.externaltools.gnu-tools-for-stm32.11.3.rel1.macos64_1.1.0.202305231506/tools/bin/../lib/gcc/arm-none-eabi/11.3.1/thumb/v7e-m+fp/hard/crtbegin.o
LOAD /Applications/STM32CubeIDE.app/Contents/Eclipse/plugins/com.st.stm32cube.ide.mcu.externaltools.gnu-tools-for-stm32.11.3.rel1.macos64_1.1.0.202305231506/tools/bin/../lib/gcc/arm-none-eabi/11.3.1/../../../../arm-none-eabi/lib/thumb/v7e-m+fp/hard/crt0.o
LOAD ./Core/Src/freertos.o
LOAD ./Core/Src/main.o
LOAD ./Core/Src/stm32f4xx_hal_msp.o
LOAD ./Core/Src/stm32f4xx_hal_timebase_tim.o
LOAD ./Core/Src/stm32f4xx_it.o
LOAD ./Core/Src/syscalls.o
LOAD ./Core/Src/sysmem.o
LOAD ./Core/Src/system_stm32f4xx.o
LOAD ./Core/Startup/startup_stm32f407vetx.o
LOAD ./Drivers/STM32F4xx_HAL_Driver/Src/stm32f4xx_hal.o
LOAD ./Drivers/STM32F4xx_HAL_Driver/Src/stm32f4xx_hal_adc.o
LOAD ./Drivers/STM32F4xx_HAL_Driver/Src/stm32f4xx_hal_adc_ex.o
LOAD ./Drivers/STM32F4xx_HAL_Driver/Src/stm32f4xx_hal_cortex.o
LOAD ./Drivers/STM32F4xx_HAL_Driver/Src/stm32f4xx_hal_dma.o
LOAD ./Drivers/STM32F4xx_HAL_Driver/Src/stm32f4xx_hal_dma_ex.o
LOAD ./Drivers/STM32F4xx_HAL_Driver/Src/stm32f4xx_hal_exti.o
LOAD ./Drivers/STM32F4xx_HAL_Driver/Src/stm32f4xx_hal_flash.o
LOAD ./Drivers/STM32F4xx_HAL_Driver/Src/stm32f4xx_hal_flash_ex.o
LOAD ./Drivers/STM32F4xx_HAL_Driver/Src/stm32f4xx_hal_flash_ramfunc.o
LOAD ./Drivers/STM32F4xx_HAL_Driver/Src/stm32f4xx_hal_gpio.o
LOAD ./Drivers/STM32F4xx_HAL_Driver/Src/stm32f4xx_hal_i2c.o
LOAD ./Drivers/STM32F4xx_HAL_Driver/Src/stm32f4xx_hal_i2c_ex.o
LOAD ./Drivers/STM32F4xx_HAL_Driver/Src/stm32f4xx_hal_pwr.o
LOAD ./Drivers/STM32F4xx_HAL_Driver/Src/stm32f4xx_hal_pwr_ex.o
LOAD ./Drivers/STM32F4xx_HAL_Driver/Src/stm32f4xx_hal_rcc.o
LOAD ./Drivers/STM32F4xx_HAL_Driver/Src/stm32f4xx_hal_rcc_ex.o
LOAD ./Drivers/STM32F4xx_HAL_Driver/Src/stm32f4xx_hal_tim.o
LOAD ./Drivers/STM32F4xx_HAL_Driver/Src/stm32f4xx_hal_tim_ex.o
LOAD ./Drivers/STM32F4xx_HAL_Driver/Src/stm32f4xx_hal_uart.o
LOAD ./Drivers/STM32F4xx_HAL_Driver/Src/stm32f4xx_ll_adc.o
LOAD ./Middlewares/Third_Party/FreeRTOS/Source/CMSIS_RTOS_V2/cmsis_os2.o
LOAD ./Middlewares/Third_Party/FreeRTOS/Source/croutine.o
LOAD ./Middlewares/Third_Party/FreeRTOS/Source/event_groups.o
LOAD ./Middlewares/Third_Party/FreeRTOS/Source/list.o
LOAD ./Middlewares/Third_Party/FreeRTOS/Source/queue.o
LOAD ./Middlewares/Third_Party/FreeRTOS/Source/stream_buffer.o
LOAD ./Middlewares/Third_Party/FreeRTOS/Source/tasks.o
LOAD ./Middlewares/Third_Party/FreeRTOS/Source/timers.o
LOAD ./Middlewares/Third_Party/FreeRTOS/Source/portable/GCC/ARM_CM4F/port.o
LOAD ./Middlewares/Third_Party/FreeRTOS/Source/portable/MemMang/heap_4.o
LOAD ./PeripheralDriver/Src/ICM20948.o
LOAD ./PeripheralDriver/Src/oled.o
START GROUP
LOAD /Applications/STM32CubeIDE.app/Contents/Eclipse/plugins/com.st.stm32cube.ide.mcu.externaltools.gnu-tools-for-stm32.11.3.rel1.macos64_1.1.0.202305231506/tools/bin/../lib/gcc/arm-none-eabi/11.3.1/../../../../arm-none-eabi/lib/thumb/v7e-m+fp/hard/libc_nano.a
LOAD /Applications/STM32CubeIDE.app/Contents/Eclipse/plugins/com.st.stm32cube.ide.mcu.externaltools.gnu-tools-for-stm32.11.3.rel1.macos64_1.1.0.202305231506/tools/bin/../lib/gcc/arm-none-eabi/11.3.1/../../../../arm-none-eabi/lib/thumb/v7e-m+fp/hard/libm.a
END GROUP
START GROUP
LOAD /Applications/STM32CubeIDE.app/Contents/Eclipse/plugins/com.st.stm32cube.ide.mcu.externaltools.gnu-tools-for-stm32.11.3.rel1.macos64_1.1.0.202305231506/tools/bin/../lib/gcc/arm-none-eabi/11.3.1/thumb/v7e-m+fp/hard/libgcc.a
LOAD /Applications/STM32CubeIDE.app/Contents/Eclipse/plugins/com.st.stm32cube.ide.mcu.externaltools.gnu-tools-for-stm32.11.3.rel1.macos64_1.1.0.202305231506/tools/bin/../lib/gcc/arm-none-eabi/11.3.1/../../../../arm-none-eabi/lib/thumb/v7e-m+fp/hard/libc_nano.a
END GROUP
START GROUP
LOAD /Applications/STM32CubeIDE.app/Contents/Eclipse/plugins/com.st.stm32cube.ide.mcu.externaltools.gnu-tools-for-stm32.11.3.rel1.macos64_1.1.0.202305231506/tools/bin/../lib/gcc/arm-none-eabi/11.3.1/thumb/v7e-m+fp/hard/libgcc.a
LOAD /Applications/STM32CubeIDE.app/Contents/Eclipse/plugins/com.st.stm32cube.ide.mcu.externaltools.gnu-tools-for-stm32.11.3.rel1.macos64_1.1.0.202305231506/tools/bin/../lib/gcc/arm-none-eabi/11.3.1/../../../../arm-none-eabi/lib/thumb/v7e-m+fp/hard/libc_nano.a
LOAD /Applications/STM32CubeIDE.app/Contents/Eclipse/plugins/com.st.stm32cube.ide.mcu.externaltools.gnu-tools-for-stm32.11.3.rel1.macos64_1.1.0.202305231506/tools/bin/../lib/gcc/arm-none-eabi/11.3.1/../../../../arm-none-eabi/lib/thumb/v7e-m+fp/hard/libnosys.a
END GROUP
START GROUP
LOAD /Applications/STM32CubeIDE.app/Contents/Eclipse/plugins/com.st.stm32cube.ide.mcu.externaltools.gnu-tools-for-stm32.11.3.rel1.macos64_1.1.0.202305231506/tools/bin/../lib/gcc/arm-none-eabi/11.3.1/thumb/v7e-m+fp/hard/libgcc.a
LOAD /Applications/STM32CubeIDE.app/Contents/Eclipse/plugins/com.st.stm32cube.ide.mcu.externaltools.gnu-tools-for-stm32.11.3.rel1.macos64_1.1.0.202305231506/tools/bin/../lib/gcc/arm-none-eabi/11.3.1/../../../../arm-none-eabi/lib/thumb/v7e-m+fp/hard/libc_nano.a
LOAD /Applications/STM32CubeIDE.app/Contents/Eclipse/plugins/com.st.stm32cube.ide.mcu.externaltools.gnu-tools-for-stm32.11.3.rel1.macos64_1.1.0.202305231506/tools/bin/../lib/gcc/arm-none-eabi/11.3.1/../../../../arm-none-eabi/lib/thumb/v7e-m+fp/hard/libnosys.a
END GROUP
LOAD /Applications/STM32CubeIDE.app/Contents/Eclipse/plugins/com.st.stm32cube.ide.mcu.externaltools.gnu-tools-for-stm32.11.3.rel1.macos64_1.1.0.202305231506/tools/bin/../lib/gcc/arm-none-eabi/11.3.1/thumb/v7e-m+fp/hard/crtend.o
LOAD /Applications/STM32CubeIDE.app/Contents/Eclipse/plugins/com.st.stm32cube.ide.mcu.externaltools.gnu-tools-for-stm32.11.3.rel1.macos64_1.1.0.202305231506/tools/bin/../lib/gcc/arm-none-eabi/11.3.1/thumb/v7e-m+fp/hard/crtn.o
                0x0000000020020000                _estack = (ORIGIN (RAM) + LENGTH (RAM))
                0x0000000000000200                _Min_Heap_Size = 0x200
                0x0000000000000400                _Min_Stack_Size = 0x400

.isr_vector     0x0000000008000000      0x188
                0x0000000008000000                . = ALIGN (0x4)
 *(.isr_vector)
 .isr_vector    0x0000000008000000      0x188 ./Core/Startup/startup_stm32f407vetx.o
                0x0000000008000000                g_pfnVectors
                0x0000000008000188                . = ALIGN (0x4)

.text           0x0000000008000190     0xe278
                0x0000000008000190                . = ALIGN (0x4)
 *(.text)
 .text          0x0000000008000190       0x40 /Applications/STM32CubeIDE.app/Contents/Eclipse/plugins/com.st.stm32cube.ide.mcu.externaltools.gnu-tools-for-stm32.11.3.rel1.macos64_1.1.0.202305231506/tools/bin/../lib/gcc/arm-none-eabi/11.3.1/thumb/v7e-m+fp/hard/crtbegin.o
 .text          0x00000000080001d0       0xa0 /Applications/STM32CubeIDE.app/Contents/Eclipse/plugins/com.st.stm32cube.ide.mcu.externaltools.gnu-tools-for-stm32.11.3.rel1.macos64_1.1.0.202305231506/tools/bin/../lib/gcc/arm-none-eabi/11.3.1/../../../../arm-none-eabi/lib/thumb/v7e-m+fp/hard/libc_nano.a(libc_a-memchr.o)
                0x00000000080001d0                memchr
 .text          0x0000000008000270      0x378 /Applications/STM32CubeIDE.app/Contents/Eclipse/plugins/com.st.stm32cube.ide.mcu.externaltools.gnu-tools-for-stm32.11.3.rel1.macos64_1.1.0.202305231506/tools/bin/../lib/gcc/arm-none-eabi/11.3.1/thumb/v7e-m+fp/hard/libgcc.a(_arm_addsubdf3.o)
                0x0000000008000270                __aeabi_drsub
                0x0000000008000278                __subdf3
                0x0000000008000278                __aeabi_dsub
                0x000000000800027c                __aeabi_dadd
                0x000000000800027c                __adddf3
                0x00000000080004f4                __aeabi_ui2d
                0x00000000080004f4                __floatunsidf
                0x0000000008000514                __floatsidf
                0x0000000008000514                __aeabi_i2d
                0x0000000008000538                __extendsfdf2
                0x0000000008000538                __aeabi_f2d
                0x000000000800057c                __aeabi_ul2d
                0x000000000800057c                __floatundidf
                0x000000000800058c                __aeabi_l2d
                0x000000000800058c                __floatdidf
 .text          0x00000000080005e8      0x424 /Applications/STM32CubeIDE.app/Contents/Eclipse/plugins/com.st.stm32cube.ide.mcu.externaltools.gnu-tools-for-stm32.11.3.rel1.macos64_1.1.0.202305231506/tools/bin/../lib/gcc/arm-none-eabi/11.3.1/thumb/v7e-m+fp/hard/libgcc.a(_arm_muldivdf3.o)
                0x00000000080005e8                __aeabi_dmul
                0x00000000080005e8                __muldf3
                0x000000000800083c                __aeabi_ddiv
                0x000000000800083c                __divdf3
 .text          0x0000000008000a0c      0x110 /Applications/STM32CubeIDE.app/Contents/Eclipse/plugins/com.st.stm32cube.ide.mcu.externaltools.gnu-tools-for-stm32.11.3.rel1.macos64_1.1.0.202305231506/tools/bin/../lib/gcc/arm-none-eabi/11.3.1/thumb/v7e-m+fp/hard/libgcc.a(_arm_cmpdf2.o)
                0x0000000008000a0c                __gedf2
                0x0000000008000a0c                __gtdf2
                0x0000000008000a14                __ledf2
                0x0000000008000a14                __ltdf2
                0x0000000008000a1c                __cmpdf2
                0x0000000008000a1c                __eqdf2
                0x0000000008000a1c                __nedf2
                0x0000000008000a98                __aeabi_cdrcmple
                0x0000000008000aa8                __aeabi_cdcmple
                0x0000000008000aa8                __aeabi_cdcmpeq
                0x0000000008000ab8                __aeabi_dcmpeq
                0x0000000008000acc                __aeabi_dcmplt
                0x0000000008000ae0                __aeabi_dcmple
                0x0000000008000af4                __aeabi_dcmpge
                0x0000000008000b08                __aeabi_dcmpgt
 .text          0x0000000008000b1c       0x40 /Applications/STM32CubeIDE.app/Contents/Eclipse/plugins/com.st.stm32cube.ide.mcu.externaltools.gnu-tools-for-stm32.11.3.rel1.macos64_1.1.0.202305231506/tools/bin/../lib/gcc/arm-none-eabi/11.3.1/thumb/v7e-m+fp/hard/libgcc.a(_arm_fixunsdfsi.o)
                0x0000000008000b1c                __fixunsdfsi
                0x0000000008000b1c                __aeabi_d2uiz
 .text          0x0000000008000b5c       0xa0 /Applications/STM32CubeIDE.app/Contents/Eclipse/plugins/com.st.stm32cube.ide.mcu.externaltools.gnu-tools-for-stm32.11.3.rel1.macos64_1.1.0.202305231506/tools/bin/../lib/gcc/arm-none-eabi/11.3.1/thumb/v7e-m+fp/hard/libgcc.a(_arm_truncdfsf2.o)
                0x0000000008000b5c                __aeabi_d2f
                0x0000000008000b5c                __truncdfsf2
 .text          0x0000000008000bfc       0x30 /Applications/STM32CubeIDE.app/Contents/Eclipse/plugins/com.st.stm32cube.ide.mcu.externaltools.gnu-tools-for-stm32.11.3.rel1.macos64_1.1.0.202305231506/tools/bin/../lib/gcc/arm-none-eabi/11.3.1/thumb/v7e-m+fp/hard/libgcc.a(_aeabi_uldivmod.o)
                0x0000000008000bfc                __aeabi_uldivmod
 .text          0x0000000008000c2c      0x2c8 /Applications/STM32CubeIDE.app/Contents/Eclipse/plugins/com.st.stm32cube.ide.mcu.externaltools.gnu-tools-for-stm32.11.3.rel1.macos64_1.1.0.202305231506/tools/bin/../lib/gcc/arm-none-eabi/11.3.1/thumb/v7e-m+fp/hard/libgcc.a(_udivmoddi4.o)
                0x0000000008000c2c                __udivmoddi4
 .text          0x0000000008000ef4        0x4 /Applications/STM32CubeIDE.app/Contents/Eclipse/plugins/com.st.stm32cube.ide.mcu.externaltools.gnu-tools-for-stm32.11.3.rel1.macos64_1.1.0.202305231506/tools/bin/../lib/gcc/arm-none-eabi/11.3.1/thumb/v7e-m+fp/hard/libgcc.a(_dvmd_tls.o)
                0x0000000008000ef4                __aeabi_ldiv0
                0x0000000008000ef4                __aeabi_idiv0
 *(.text*)
 .text.main     0x0000000008000ef8      0x2e4 ./Core/Src/main.o
                0x0000000008000ef8                main
 .text.SystemClock_Config
                0x00000000080011dc       0xbc ./Core/Src/main.o
                0x00000000080011dc                SystemClock_Config
 .text.MX_ADC1_Init
                0x0000000008001298       0xa4 ./Core/Src/main.o
 .text.MX_ADC2_Init
                0x000000000800133c       0xa4 ./Core/Src/main.o
 .text.MX_I2C1_Init
                0x00000000080013e0       0x5c ./Core/Src/main.o
 .text.MX_TIM1_Init
                0x000000000800143c      0x13c ./Core/Src/main.o
 .text.MX_TIM2_Init
                0x0000000008001578       0xa8 ./Core/Src/main.o
 .text.MX_TIM3_Init
                0x0000000008001620       0xe0 ./Core/Src/main.o
 .text.MX_TIM6_Init
                0x0000000008001700       0x6c ./Core/Src/main.o
 .text.MX_TIM8_Init
                0x000000000800176c      0x154 ./Core/Src/main.o
 .text.MX_USART3_UART_Init
                0x00000000080018c0       0x54 ./Core/Src/main.o
 .text.MX_GPIO_Init
                0x0000000008001914      0x108 ./Core/Src/main.o
 *fill*         0x0000000008001a1c        0x4 
 .text.HAL_TIM_IC_CaptureCallback
                0x0000000008001a20      0x154 ./Core/Src/main.o
                0x0000000008001a20                HAL_TIM_IC_CaptureCallback
 .text.HAL_UART_RxCpltCallback
                0x0000000008001b74      0x8dc ./Core/Src/main.o
                0x0000000008001b74                HAL_UART_RxCpltCallback
 .text.PIDConfigInit
                0x0000000008002450       0x42 ./Core/Src/main.o
                0x0000000008002450                PIDConfigInit
 .text.PIDConfigReset
                0x0000000008002492       0x24 ./Core/Src/main.o
                0x0000000008002492                PIDConfigReset
 *fill*         0x00000000080024b6        0x2 
 .text.HCSR04_Read
                0x00000000080024b8       0x80 ./Core/Src/main.o
                0x00000000080024b8                HCSR04_Read
 .text.StraightLineMove
                0x0000000008002538      0x370 ./Core/Src/main.o
                0x0000000008002538                StraightLineMove
 .text.RobotMoveDist
                0x00000000080028a8      0x32c ./Core/Src/main.o
                0x00000000080028a8                RobotMoveDist
 .text.StraightLineMoveSpeedScale
                0x0000000008002bd4      0x2bc ./Core/Src/main.o
                0x0000000008002bd4                StraightLineMoveSpeedScale
 .text.RobotTurn
                0x0000000008002e90      0x154 ./Core/Src/main.o
                0x0000000008002e90                RobotTurn
 *fill*         0x0000000008002fe4        0x4 
 .text.RobotMoveDistObstacle
                0x0000000008002fe8      0x2b8 ./Core/Src/main.o
                0x0000000008002fe8                RobotMoveDistObstacle
 .text.runEncoder
                0x00000000080032a0       0x10 ./Core/Src/main.o
                0x00000000080032a0                runEncoder
 .text.runOledTask
                0x00000000080032b0       0x24 ./Core/Src/main.o
                0x00000000080032b0                runOledTask
 .text.runFWTask
                0x00000000080032d4      0x228 ./Core/Src/main.o
                0x00000000080032d4                runFWTask
 .text.runBWTask
                0x00000000080034fc      0x228 ./Core/Src/main.o
                0x00000000080034fc                runBWTask
 .text.runFLTask
                0x0000000008003724      0x40c ./Core/Src/main.o
                0x0000000008003724                runFLTask
 .text.runFRTask
                0x0000000008003b30      0x418 ./Core/Src/main.o
                0x0000000008003b30                runFRTask
 .text.runBLTask
                0x0000000008003f48      0x3f8 ./Core/Src/main.o
                0x0000000008003f48                runBLTask
 .text.runBRTask
                0x0000000008004340      0x40c ./Core/Src/main.o
                0x0000000008004340                runBRTask
 .text.runADCTask
                0x000000000800474c       0xc4 ./Core/Src/main.o
                0x000000000800474c                runADCTask
 .text.runCmdTask
                0x0000000008004810      0x614 ./Core/Src/main.o
                0x0000000008004810                runCmdTask
 .text.runMoveDistObsTask
                0x0000000008004e24       0xf0 ./Core/Src/main.o
                0x0000000008004e24                runMoveDistObsTask
 .text.runNavArdObsTask
                0x0000000008004f14       0x10 ./Core/Src/main.o
                0x0000000008004f14                runNavArdObsTask
 .text.HAL_TIM_PeriodElapsedCallback
                0x0000000008004f24       0x24 ./Core/Src/main.o
                0x0000000008004f24                HAL_TIM_PeriodElapsedCallback
 .text.Error_Handler
                0x0000000008004f48        0xa ./Core/Src/main.o
                0x0000000008004f48                Error_Handler
 *fill*         0x0000000008004f52        0x2 
 .text.HAL_MspInit
                0x0000000008004f54       0x58 ./Core/Src/stm32f4xx_hal_msp.o
                0x0000000008004f54                HAL_MspInit
 .text.HAL_ADC_MspInit
                0x0000000008004fac       0xe8 ./Core/Src/stm32f4xx_hal_msp.o
                0x0000000008004fac                HAL_ADC_MspInit
 .text.HAL_I2C_MspInit
                0x0000000008005094       0x90 ./Core/Src/stm32f4xx_hal_msp.o
                0x0000000008005094                HAL_I2C_MspInit
 .text.HAL_TIM_Base_MspInit
                0x0000000008005124      0x174 ./Core/Src/stm32f4xx_hal_msp.o
                0x0000000008005124                HAL_TIM_Base_MspInit
 .text.HAL_TIM_Encoder_MspInit
                0x0000000008005298       0xcc ./Core/Src/stm32f4xx_hal_msp.o
                0x0000000008005298                HAL_TIM_Encoder_MspInit
 .text.HAL_TIM_MspPostInit
                0x0000000008005364       0x74 ./Core/Src/stm32f4xx_hal_msp.o
                0x0000000008005364                HAL_TIM_MspPostInit
 .text.HAL_UART_MspInit
                0x00000000080053d8       0xa0 ./Core/Src/stm32f4xx_hal_msp.o
                0x00000000080053d8                HAL_UART_MspInit
 .text.HAL_InitTick
                0x0000000008005478       0xb0 ./Core/Src/stm32f4xx_hal_timebase_tim.o
                0x0000000008005478                HAL_InitTick
 .text.NMI_Handler
                0x0000000008005528        0x6 ./Core/Src/stm32f4xx_it.o
                0x0000000008005528                NMI_Handler
 .text.HardFault_Handler
                0x000000000800552e        0x6 ./Core/Src/stm32f4xx_it.o
                0x000000000800552e                HardFault_Handler
 .text.MemManage_Handler
                0x0000000008005534        0x6 ./Core/Src/stm32f4xx_it.o
                0x0000000008005534                MemManage_Handler
 .text.BusFault_Handler
                0x000000000800553a        0x6 ./Core/Src/stm32f4xx_it.o
                0x000000000800553a                BusFault_Handler
 .text.UsageFault_Handler
                0x0000000008005540        0x6 ./Core/Src/stm32f4xx_it.o
                0x0000000008005540                UsageFault_Handler
 .text.DebugMon_Handler
                0x0000000008005546        0xe ./Core/Src/stm32f4xx_it.o
                0x0000000008005546                DebugMon_Handler
 .text.TIM1_CC_IRQHandler
                0x0000000008005554       0x14 ./Core/Src/stm32f4xx_it.o
                0x0000000008005554                TIM1_CC_IRQHandler
 .text.TIM3_IRQHandler
                0x0000000008005568       0x14 ./Core/Src/stm32f4xx_it.o
                0x0000000008005568                TIM3_IRQHandler
 .text.TIM4_IRQHandler
                0x000000000800557c       0x14 ./Core/Src/stm32f4xx_it.o
                0x000000000800557c                TIM4_IRQHandler
 .text.USART3_IRQHandler
                0x0000000008005590       0x14 ./Core/Src/stm32f4xx_it.o
                0x0000000008005590                USART3_IRQHandler
 .text._sbrk    0x00000000080055a4       0x6c ./Core/Src/sysmem.o
                0x00000000080055a4                _sbrk
 .text.SystemInit
                0x0000000008005610       0x24 ./Core/Src/system_stm32f4xx.o
                0x0000000008005610                SystemInit
 .text.Reset_Handler
                0x0000000008005634       0x50 ./Core/Startup/startup_stm32f407vetx.o
                0x0000000008005634                Reset_Handler
 .text.Default_Handler
                0x0000000008005684        0x2 ./Core/Startup/startup_stm32f407vetx.o
                0x0000000008005684                DMA1_Stream3_IRQHandler
                0x0000000008005684                HASH_RNG_IRQHandler
                0x0000000008005684                EXTI2_IRQHandler
                0x0000000008005684                TIM8_CC_IRQHandler
                0x0000000008005684                DMA2_Stream5_IRQHandler
                0x0000000008005684                DMA1_Stream5_IRQHandler
                0x0000000008005684                PVD_IRQHandler
                0x0000000008005684                SDIO_IRQHandler
                0x0000000008005684                TAMP_STAMP_IRQHandler
                0x0000000008005684                CAN2_RX1_IRQHandler
                0x0000000008005684                EXTI3_IRQHandler
                0x0000000008005684                TIM8_TRG_COM_TIM14_IRQHandler
                0x0000000008005684                TIM1_UP_TIM10_IRQHandler
                0x0000000008005684                TIM8_UP_TIM13_IRQHandler
                0x0000000008005684                I2C3_ER_IRQHandler
                0x0000000008005684                EXTI0_IRQHandler
                0x0000000008005684                I2C2_EV_IRQHandler
                0x0000000008005684                DMA1_Stream2_IRQHandler
                0x0000000008005684                CAN1_RX0_IRQHandler
                0x0000000008005684                FPU_IRQHandler
                0x0000000008005684                OTG_HS_WKUP_IRQHandler
                0x0000000008005684                CAN2_SCE_IRQHandler
                0x0000000008005684                DMA2_Stream2_IRQHandler
                0x0000000008005684                SPI1_IRQHandler
                0x0000000008005684                TIM6_DAC_IRQHandler
                0x0000000008005684                TIM1_BRK_TIM9_IRQHandler
                0x0000000008005684                DCMI_IRQHandler
                0x0000000008005684                CAN2_RX0_IRQHandler
                0x0000000008005684                DMA2_Stream3_IRQHandler
                0x0000000008005684                USART6_IRQHandler
                0x0000000008005684                CAN1_RX1_IRQHandler
                0x0000000008005684                UART5_IRQHandler
                0x0000000008005684                DMA2_Stream0_IRQHandler
                0x0000000008005684                I2C1_EV_IRQHandler
                0x0000000008005684                DMA1_Stream6_IRQHandler
                0x0000000008005684                DMA1_Stream1_IRQHandler
                0x0000000008005684                UART4_IRQHandler
                0x0000000008005684                RCC_IRQHandler
                0x0000000008005684                TIM8_BRK_TIM12_IRQHandler
                0x0000000008005684                Default_Handler
                0x0000000008005684                EXTI15_10_IRQHandler
                0x0000000008005684                ADC_IRQHandler
                0x0000000008005684                DMA1_Stream7_IRQHandler
                0x0000000008005684                TIM7_IRQHandler
                0x0000000008005684                CAN2_TX_IRQHandler
                0x0000000008005684                TIM5_IRQHandler
                0x0000000008005684                DMA2_Stream7_IRQHandler
                0x0000000008005684                I2C3_EV_IRQHandler
                0x0000000008005684                EXTI9_5_IRQHandler
                0x0000000008005684                RTC_WKUP_IRQHandler
                0x0000000008005684                ETH_WKUP_IRQHandler
                0x0000000008005684                SPI2_IRQHandler
                0x0000000008005684                OTG_HS_EP1_IN_IRQHandler
                0x0000000008005684                DMA1_Stream0_IRQHandler
                0x0000000008005684                CAN1_TX_IRQHandler
                0x0000000008005684                EXTI4_IRQHandler
                0x0000000008005684                FSMC_IRQHandler
                0x0000000008005684                ETH_IRQHandler
                0x0000000008005684                OTG_HS_EP1_OUT_IRQHandler
                0x0000000008005684                WWDG_IRQHandler
                0x0000000008005684                TIM2_IRQHandler
                0x0000000008005684                OTG_FS_WKUP_IRQHandler
                0x0000000008005684                TIM1_TRG_COM_TIM11_IRQHandler
                0x0000000008005684                OTG_HS_IRQHandler
                0x0000000008005684                EXTI1_IRQHandler
                0x0000000008005684                USART2_IRQHandler
                0x0000000008005684                I2C2_ER_IRQHandler
                0x0000000008005684                DMA2_Stream1_IRQHandler
                0x0000000008005684                CAN1_SCE_IRQHandler
                0x0000000008005684                FLASH_IRQHandler
                0x0000000008005684                DMA2_Stream4_IRQHandler
                0x0000000008005684                USART1_IRQHandler
                0x0000000008005684                OTG_FS_IRQHandler
                0x0000000008005684                SPI3_IRQHandler
                0x0000000008005684                DMA1_Stream4_IRQHandler
                0x0000000008005684                I2C1_ER_IRQHandler
                0x0000000008005684                DMA2_Stream6_IRQHandler
                0x0000000008005684                RTC_Alarm_IRQHandler
 *fill*         0x0000000008005686        0x2 
 .text.HAL_Init
                0x0000000008005688       0x44 ./Drivers/STM32F4xx_HAL_Driver/Src/stm32f4xx_hal.o
                0x0000000008005688                HAL_Init
 .text.HAL_IncTick
                0x00000000080056cc       0x28 ./Drivers/STM32F4xx_HAL_Driver/Src/stm32f4xx_hal.o
                0x00000000080056cc                HAL_IncTick
 .text.HAL_GetTick
                0x00000000080056f4       0x18 ./Drivers/STM32F4xx_HAL_Driver/Src/stm32f4xx_hal.o
                0x00000000080056f4                HAL_GetTick
 .text.HAL_Delay
                0x000000000800570c       0x48 ./Drivers/STM32F4xx_HAL_Driver/Src/stm32f4xx_hal.o
                0x000000000800570c                HAL_Delay
 .text.HAL_ADC_Init
                0x0000000008005754       0x86 ./Drivers/STM32F4xx_HAL_Driver/Src/stm32f4xx_hal_adc.o
                0x0000000008005754                HAL_ADC_Init
 *fill*         0x00000000080057da        0x2 
 .text.HAL_ADC_ConfigChannel
                0x00000000080057dc      0x244 ./Drivers/STM32F4xx_HAL_Driver/Src/stm32f4xx_hal_adc.o
                0x00000000080057dc                HAL_ADC_ConfigChannel
 .text.ADC_Init
                0x0000000008005a20      0x1f8 ./Drivers/STM32F4xx_HAL_Driver/Src/stm32f4xx_hal_adc.o
 .text.__NVIC_SetPriorityGrouping
                0x0000000008005c18       0x48 ./Drivers/STM32F4xx_HAL_Driver/Src/stm32f4xx_hal_cortex.o
 .text.__NVIC_GetPriorityGrouping
                0x0000000008005c60       0x1c ./Drivers/STM32F4xx_HAL_Driver/Src/stm32f4xx_hal_cortex.o
 .text.__NVIC_EnableIRQ
                0x0000000008005c7c       0x3c ./Drivers/STM32F4xx_HAL_Driver/Src/stm32f4xx_hal_cortex.o
 .text.__NVIC_SetPriority
                0x0000000008005cb8       0x54 ./Drivers/STM32F4xx_HAL_Driver/Src/stm32f4xx_hal_cortex.o
 .text.NVIC_EncodePriority
                0x0000000008005d0c       0x66 ./Drivers/STM32F4xx_HAL_Driver/Src/stm32f4xx_hal_cortex.o
 .text.HAL_NVIC_SetPriorityGrouping
                0x0000000008005d72       0x16 ./Drivers/STM32F4xx_HAL_Driver/Src/stm32f4xx_hal_cortex.o
                0x0000000008005d72                HAL_NVIC_SetPriorityGrouping
 .text.HAL_NVIC_SetPriority
                0x0000000008005d88       0x38 ./Drivers/STM32F4xx_HAL_Driver/Src/stm32f4xx_hal_cortex.o
                0x0000000008005d88                HAL_NVIC_SetPriority
 .text.HAL_NVIC_EnableIRQ
                0x0000000008005dc0       0x1c ./Drivers/STM32F4xx_HAL_Driver/Src/stm32f4xx_hal_cortex.o
                0x0000000008005dc0                HAL_NVIC_EnableIRQ
 .text.HAL_DMA_Abort
                0x0000000008005ddc       0xe0 ./Drivers/STM32F4xx_HAL_Driver/Src/stm32f4xx_hal_dma.o
                0x0000000008005ddc                HAL_DMA_Abort
 .text.HAL_DMA_Abort_IT
                0x0000000008005ebc       0x44 ./Drivers/STM32F4xx_HAL_Driver/Src/stm32f4xx_hal_dma.o
                0x0000000008005ebc                HAL_DMA_Abort_IT
 .text.HAL_GPIO_Init
                0x0000000008005f00      0x338 ./Drivers/STM32F4xx_HAL_Driver/Src/stm32f4xx_hal_gpio.o
                0x0000000008005f00                HAL_GPIO_Init
 .text.HAL_GPIO_WritePin
                0x0000000008006238       0x32 ./Drivers/STM32F4xx_HAL_Driver/Src/stm32f4xx_hal_gpio.o
                0x0000000008006238                HAL_GPIO_WritePin
 *fill*         0x000000000800626a        0x2 
 .text.HAL_I2C_Init
                0x000000000800626c      0x288 ./Drivers/STM32F4xx_HAL_Driver/Src/stm32f4xx_hal_i2c.o
                0x000000000800626c                HAL_I2C_Init
 .text.HAL_I2C_Mem_Write
                0x00000000080064f4      0x1f4 ./Drivers/STM32F4xx_HAL_Driver/Src/stm32f4xx_hal_i2c.o
                0x00000000080064f4                HAL_I2C_Mem_Write
 .text.HAL_I2C_Mem_Read
                0x00000000080066e8      0x44c ./Drivers/STM32F4xx_HAL_Driver/Src/stm32f4xx_hal_i2c.o
                0x00000000080066e8                HAL_I2C_Mem_Read
 .text.I2C_RequestMemoryWrite
                0x0000000008006b34      0x12c ./Drivers/STM32F4xx_HAL_Driver/Src/stm32f4xx_hal_i2c.o
 .text.I2C_RequestMemoryRead
                0x0000000008006c60      0x1d0 ./Drivers/STM32F4xx_HAL_Driver/Src/stm32f4xx_hal_i2c.o
 .text.I2C_WaitOnFlagUntilTimeout
                0x0000000008006e30       0xae ./Drivers/STM32F4xx_HAL_Driver/Src/stm32f4xx_hal_i2c.o
 .text.I2C_WaitOnMasterAddressFlagUntilTimeout
                0x0000000008006ede       0xfe ./Drivers/STM32F4xx_HAL_Driver/Src/stm32f4xx_hal_i2c.o
 .text.I2C_WaitOnTXEFlagUntilTimeout
                0x0000000008006fdc       0x82 ./Drivers/STM32F4xx_HAL_Driver/Src/stm32f4xx_hal_i2c.o
 .text.I2C_WaitOnBTFFlagUntilTimeout
                0x000000000800705e       0x82 ./Drivers/STM32F4xx_HAL_Driver/Src/stm32f4xx_hal_i2c.o
 .text.I2C_WaitOnRXNEFlagUntilTimeout
                0x00000000080070e0       0xac ./Drivers/STM32F4xx_HAL_Driver/Src/stm32f4xx_hal_i2c.o
 .text.I2C_IsAcknowledgeFailed
                0x000000000800718c       0x5e ./Drivers/STM32F4xx_HAL_Driver/Src/stm32f4xx_hal_i2c.o
 *fill*         0x00000000080071ea        0x2 
 .text.HAL_PWR_EnableBkUpAccess
                0x00000000080071ec       0x28 ./Drivers/STM32F4xx_HAL_Driver/Src/stm32f4xx_hal_pwr.o
                0x00000000080071ec                HAL_PWR_EnableBkUpAccess
 .text.HAL_PWR_DisableBkUpAccess
                0x0000000008007214       0x28 ./Drivers/STM32F4xx_HAL_Driver/Src/stm32f4xx_hal_pwr.o
                0x0000000008007214                HAL_PWR_DisableBkUpAccess
 .text.HAL_RCC_OscConfig
                0x000000000800723c      0x4f0 ./Drivers/STM32F4xx_HAL_Driver/Src/stm32f4xx_hal_rcc.o
                0x000000000800723c                HAL_RCC_OscConfig
 .text.HAL_RCC_ClockConfig
                0x000000000800772c      0x1cc ./Drivers/STM32F4xx_HAL_Driver/Src/stm32f4xx_hal_rcc.o
                0x000000000800772c                HAL_RCC_ClockConfig
 .text.HAL_RCC_GetSysClockFreq
                0x00000000080078f8      0x18c ./Drivers/STM32F4xx_HAL_Driver/Src/stm32f4xx_hal_rcc.o
                0x00000000080078f8                HAL_RCC_GetSysClockFreq
 .text.HAL_RCC_GetHCLKFreq
                0x0000000008007a84       0x18 ./Drivers/STM32F4xx_HAL_Driver/Src/stm32f4xx_hal_rcc.o
                0x0000000008007a84                HAL_RCC_GetHCLKFreq
 .text.HAL_RCC_GetPCLK1Freq
                0x0000000008007a9c       0x28 ./Drivers/STM32F4xx_HAL_Driver/Src/stm32f4xx_hal_rcc.o
                0x0000000008007a9c                HAL_RCC_GetPCLK1Freq
 .text.HAL_RCC_GetPCLK2Freq
                0x0000000008007ac4       0x28 ./Drivers/STM32F4xx_HAL_Driver/Src/stm32f4xx_hal_rcc.o
                0x0000000008007ac4                HAL_RCC_GetPCLK2Freq
 .text.HAL_RCC_GetClockConfig
                0x0000000008007aec       0x64 ./Drivers/STM32F4xx_HAL_Driver/Src/stm32f4xx_hal_rcc.o
                0x0000000008007aec                HAL_RCC_GetClockConfig
 .text.HAL_TIM_Base_Init
                0x0000000008007b50       0x9e ./Drivers/STM32F4xx_HAL_Driver/Src/stm32f4xx_hal_tim.o
                0x0000000008007b50                HAL_TIM_Base_Init
 *fill*         0x0000000008007bee        0x2 
 .text.HAL_TIM_Base_Start
                0x0000000008007bf0       0xd0 ./Drivers/STM32F4xx_HAL_Driver/Src/stm32f4xx_hal_tim.o
                0x0000000008007bf0                HAL_TIM_Base_Start
 .text.HAL_TIM_Base_Start_IT
                0x0000000008007cc0       0xe0 ./Drivers/STM32F4xx_HAL_Driver/Src/stm32f4xx_hal_tim.o
                0x0000000008007cc0                HAL_TIM_Base_Start_IT
 .text.HAL_TIM_PWM_Init
                0x0000000008007da0       0x9e ./Drivers/STM32F4xx_HAL_Driver/Src/stm32f4xx_hal_tim.o
                0x0000000008007da0                HAL_TIM_PWM_Init
 .text.HAL_TIM_PWM_MspInit
                0x0000000008007e3e       0x14 ./Drivers/STM32F4xx_HAL_Driver/Src/stm32f4xx_hal_tim.o
                0x0000000008007e3e                HAL_TIM_PWM_MspInit
 *fill*         0x0000000008007e52        0x2 
 .text.HAL_TIM_PWM_Start
                0x0000000008007e54      0x190 ./Drivers/STM32F4xx_HAL_Driver/Src/stm32f4xx_hal_tim.o
                0x0000000008007e54                HAL_TIM_PWM_Start
 .text.HAL_TIM_IC_Init
                0x0000000008007fe4       0x9e ./Drivers/STM32F4xx_HAL_Driver/Src/stm32f4xx_hal_tim.o
                0x0000000008007fe4                HAL_TIM_IC_Init
 .text.HAL_TIM_IC_MspInit
                0x0000000008008082       0x14 ./Drivers/STM32F4xx_HAL_Driver/Src/stm32f4xx_hal_tim.o
                0x0000000008008082                HAL_TIM_IC_MspInit
 *fill*         0x0000000008008096        0x2 
 .text.HAL_TIM_IC_Start_IT
                0x0000000008008098      0x250 ./Drivers/STM32F4xx_HAL_Driver/Src/stm32f4xx_hal_tim.o
                0x0000000008008098                HAL_TIM_IC_Start_IT
 .text.HAL_TIM_IC_Stop_IT
                0x00000000080082e8      0x15c ./Drivers/STM32F4xx_HAL_Driver/Src/stm32f4xx_hal_tim.o
                0x00000000080082e8                HAL_TIM_IC_Stop_IT
 .text.HAL_TIM_Encoder_Init
                0x0000000008008444      0x14c ./Drivers/STM32F4xx_HAL_Driver/Src/stm32f4xx_hal_tim.o
                0x0000000008008444                HAL_TIM_Encoder_Init
 .text.HAL_TIM_Encoder_Start
                0x0000000008008590      0x11c ./Drivers/STM32F4xx_HAL_Driver/Src/stm32f4xx_hal_tim.o
                0x0000000008008590                HAL_TIM_Encoder_Start
 .text.HAL_TIM_IRQHandler
                0x00000000080086ac      0x210 ./Drivers/STM32F4xx_HAL_Driver/Src/stm32f4xx_hal_tim.o
                0x00000000080086ac                HAL_TIM_IRQHandler
 .text.HAL_TIM_IC_ConfigChannel
                0x00000000080088bc      0x138 ./Drivers/STM32F4xx_HAL_Driver/Src/stm32f4xx_hal_tim.o
                0x00000000080088bc                HAL_TIM_IC_ConfigChannel
 .text.HAL_TIM_PWM_ConfigChannel
                0x00000000080089f4      0x184 ./Drivers/STM32F4xx_HAL_Driver/Src/stm32f4xx_hal_tim.o
                0x00000000080089f4                HAL_TIM_PWM_ConfigChannel
 .text.HAL_TIM_ConfigClockSource
                0x0000000008008b78      0x18e ./Drivers/STM32F4xx_HAL_Driver/Src/stm32f4xx_hal_tim.o
                0x0000000008008b78                HAL_TIM_ConfigClockSource
 *fill*         0x0000000008008d06        0x2 
 .text.HAL_TIM_ReadCapturedValue
                0x0000000008008d08       0x88 ./Drivers/STM32F4xx_HAL_Driver/Src/stm32f4xx_hal_tim.o
                0x0000000008008d08                HAL_TIM_ReadCapturedValue
 .text.HAL_TIM_OC_DelayElapsedCallback
                0x0000000008008d90       0x14 ./Drivers/STM32F4xx_HAL_Driver/Src/stm32f4xx_hal_tim.o
                0x0000000008008d90                HAL_TIM_OC_DelayElapsedCallback
 .text.HAL_TIM_PWM_PulseFinishedCallback
                0x0000000008008da4       0x14 ./Drivers/STM32F4xx_HAL_Driver/Src/stm32f4xx_hal_tim.o
                0x0000000008008da4                HAL_TIM_PWM_PulseFinishedCallback
 .text.HAL_TIM_TriggerCallback
                0x0000000008008db8       0x14 ./Drivers/STM32F4xx_HAL_Driver/Src/stm32f4xx_hal_tim.o
                0x0000000008008db8                HAL_TIM_TriggerCallback
 .text.TIM_Base_SetConfig
                0x0000000008008dcc      0x140 ./Drivers/STM32F4xx_HAL_Driver/Src/stm32f4xx_hal_tim.o
                0x0000000008008dcc                TIM_Base_SetConfig
 .text.TIM_OC1_SetConfig
                0x0000000008008f0c       0xe0 ./Drivers/STM32F4xx_HAL_Driver/Src/stm32f4xx_hal_tim.o
 .text.TIM_OC2_SetConfig
                0x0000000008008fec       0xec ./Drivers/STM32F4xx_HAL_Driver/Src/stm32f4xx_hal_tim.o
                0x0000000008008fec                TIM_OC2_SetConfig
 .text.TIM_OC3_SetConfig
                0x00000000080090d8       0xe8 ./Drivers/STM32F4xx_HAL_Driver/Src/stm32f4xx_hal_tim.o
 .text.TIM_OC4_SetConfig
                0x00000000080091c0       0xac ./Drivers/STM32F4xx_HAL_Driver/Src/stm32f4xx_hal_tim.o
 .text.TIM_TI1_SetConfig
                0x000000000800926c       0xe8 ./Drivers/STM32F4xx_HAL_Driver/Src/stm32f4xx_hal_tim.o
                0x000000000800926c                TIM_TI1_SetConfig
 .text.TIM_TI1_ConfigInputStage
                0x0000000008009354       0x5e ./Drivers/STM32F4xx_HAL_Driver/Src/stm32f4xx_hal_tim.o
 .text.TIM_TI2_SetConfig
                0x00000000080093b2       0x7a ./Drivers/STM32F4xx_HAL_Driver/Src/stm32f4xx_hal_tim.o
 .text.TIM_TI2_ConfigInputStage
                0x000000000800942c       0x60 ./Drivers/STM32F4xx_HAL_Driver/Src/stm32f4xx_hal_tim.o
 .text.TIM_TI3_SetConfig
                0x000000000800948c       0x78 ./Drivers/STM32F4xx_HAL_Driver/Src/stm32f4xx_hal_tim.o
 .text.TIM_TI4_SetConfig
                0x0000000008009504       0x7a ./Drivers/STM32F4xx_HAL_Driver/Src/stm32f4xx_hal_tim.o
 .text.TIM_ITRx_SetConfig
                0x000000000800957e       0x36 ./Drivers/STM32F4xx_HAL_Driver/Src/stm32f4xx_hal_tim.o
 .text.TIM_ETR_SetConfig
                0x00000000080095b4       0x40 ./Drivers/STM32F4xx_HAL_Driver/Src/stm32f4xx_hal_tim.o
                0x00000000080095b4                TIM_ETR_SetConfig
 .text.TIM_CCxChannelCmd
                0x00000000080095f4       0x4a ./Drivers/STM32F4xx_HAL_Driver/Src/stm32f4xx_hal_tim.o
                0x00000000080095f4                TIM_CCxChannelCmd
 *fill*         0x000000000800963e        0x2 
 .text.HAL_TIMEx_MasterConfigSynchronization
                0x0000000008009640       0xf8 ./Drivers/STM32F4xx_HAL_Driver/Src/stm32f4xx_hal_tim_ex.o
                0x0000000008009640                HAL_TIMEx_MasterConfigSynchronization
 .text.HAL_TIMEx_ConfigBreakDeadTime
                0x0000000008009738       0xa4 ./Drivers/STM32F4xx_HAL_Driver/Src/stm32f4xx_hal_tim_ex.o
                0x0000000008009738                HAL_TIMEx_ConfigBreakDeadTime
 .text.HAL_TIMEx_CommutCallback
                0x00000000080097dc       0x14 ./Drivers/STM32F4xx_HAL_Driver/Src/stm32f4xx_hal_tim_ex.o
                0x00000000080097dc                HAL_TIMEx_CommutCallback
 .text.HAL_TIMEx_BreakCallback
                0x00000000080097f0       0x14 ./Drivers/STM32F4xx_HAL_Driver/Src/stm32f4xx_hal_tim_ex.o
                0x00000000080097f0                HAL_TIMEx_BreakCallback
 .text.HAL_UART_Init
                0x0000000008009804       0x9a ./Drivers/STM32F4xx_HAL_Driver/Src/stm32f4xx_hal_uart.o
                0x0000000008009804                HAL_UART_Init
 .text.HAL_UART_Transmit
                0x000000000800989e      0x124 ./Drivers/STM32F4xx_HAL_Driver/Src/stm32f4xx_hal_uart.o
                0x000000000800989e                HAL_UART_Transmit
 .text.HAL_UART_Receive_IT
                0x00000000080099c2       0x60 ./Drivers/STM32F4xx_HAL_Driver/Src/stm32f4xx_hal_uart.o
                0x00000000080099c2                HAL_UART_Receive_IT
 *fill*         0x0000000008009a22        0x2 
 .text.HAL_UART_IRQHandler
                0x0000000008009a24      0x51c ./Drivers/STM32F4xx_HAL_Driver/Src/stm32f4xx_hal_uart.o
                0x0000000008009a24                HAL_UART_IRQHandler
 .text.HAL_UART_TxCpltCallback
                0x0000000008009f40       0x14 ./Drivers/STM32F4xx_HAL_Driver/Src/stm32f4xx_hal_uart.o
                0x0000000008009f40                HAL_UART_TxCpltCallback
 .text.HAL_UART_ErrorCallback
                0x0000000008009f54       0x14 ./Drivers/STM32F4xx_HAL_Driver/Src/stm32f4xx_hal_uart.o
                0x0000000008009f54                HAL_UART_ErrorCallback
 .text.HAL_UARTEx_RxEventCallback
                0x0000000008009f68       0x18 ./Drivers/STM32F4xx_HAL_Driver/Src/stm32f4xx_hal_uart.o
                0x0000000008009f68                HAL_UARTEx_RxEventCallback
 .text.UART_WaitOnFlagUntilTimeout
                0x0000000008009f80       0xdc ./Drivers/STM32F4xx_HAL_Driver/Src/stm32f4xx_hal_uart.o
 .text.UART_Start_Receive_IT
                0x000000000800a05c       0x7c ./Drivers/STM32F4xx_HAL_Driver/Src/stm32f4xx_hal_uart.o
                0x000000000800a05c                UART_Start_Receive_IT
 .text.UART_EndRxTransfer
                0x000000000800a0d8       0xc6 ./Drivers/STM32F4xx_HAL_Driver/Src/stm32f4xx_hal_uart.o
 .text.UART_DMAAbortOnError
                0x000000000800a19e       0x28 ./Drivers/STM32F4xx_HAL_Driver/Src/stm32f4xx_hal_uart.o
 .text.UART_Transmit_IT
                0x000000000800a1c6       0xa0 ./Drivers/STM32F4xx_HAL_Driver/Src/stm32f4xx_hal_uart.o
 .text.UART_EndTransmit_IT
                0x000000000800a266       0x30 ./Drivers/STM32F4xx_HAL_Driver/Src/stm32f4xx_hal_uart.o
 .text.UART_Receive_IT
                0x000000000800a296      0x176 ./Drivers/STM32F4xx_HAL_Driver/Src/stm32f4xx_hal_uart.o
 .text.UART_SetConfig
                0x000000000800a40c      0x4e8 ./Drivers/STM32F4xx_HAL_Driver/Src/stm32f4xx_hal_uart.o
 .text.__NVIC_SetPriority
                0x000000000800a8f4       0x54 ./Middlewares/Third_Party/FreeRTOS/Source/CMSIS_RTOS_V2/cmsis_os2.o
 .text.SysTick_Handler
                0x000000000800a948       0x20 ./Middlewares/Third_Party/FreeRTOS/Source/CMSIS_RTOS_V2/cmsis_os2.o
                0x000000000800a948                SysTick_Handler
 .text.SVC_Setup
                0x000000000800a968       0x12 ./Middlewares/Third_Party/FreeRTOS/Source/CMSIS_RTOS_V2/cmsis_os2.o
 *fill*         0x000000000800a97a        0x2 
 .text.osKernelInitialize
                0x000000000800a97c       0x48 ./Middlewares/Third_Party/FreeRTOS/Source/CMSIS_RTOS_V2/cmsis_os2.o
                0x000000000800a97c                osKernelInitialize
 .text.osKernelStart
                0x000000000800a9c4       0x4c ./Middlewares/Third_Party/FreeRTOS/Source/CMSIS_RTOS_V2/cmsis_os2.o
                0x000000000800a9c4                osKernelStart
 .text.osThreadNew
                0x000000000800aa10      0x124 ./Middlewares/Third_Party/FreeRTOS/Source/CMSIS_RTOS_V2/cmsis_os2.o
                0x000000000800aa10                osThreadNew
 .text.osDelay  0x000000000800ab34       0x36 ./Middlewares/Third_Party/FreeRTOS/Source/CMSIS_RTOS_V2/cmsis_os2.o
                0x000000000800ab34                osDelay
 *fill*         0x000000000800ab6a        0x2 
 .text.vApplicationGetIdleTaskMemory
                0x000000000800ab6c       0x34 ./Middlewares/Third_Party/FreeRTOS/Source/CMSIS_RTOS_V2/cmsis_os2.o
                0x000000000800ab6c                vApplicationGetIdleTaskMemory
 .text.vApplicationGetTimerTaskMemory
                0x000000000800aba0       0x34 ./Middlewares/Third_Party/FreeRTOS/Source/CMSIS_RTOS_V2/cmsis_os2.o
                0x000000000800aba0                vApplicationGetTimerTaskMemory
 .text.vListInitialise
                0x000000000800abd4       0x40 ./Middlewares/Third_Party/FreeRTOS/Source/list.o
                0x000000000800abd4                vListInitialise
 .text.vListInitialiseItem
                0x000000000800ac14       0x1a ./Middlewares/Third_Party/FreeRTOS/Source/list.o
                0x000000000800ac14                vListInitialiseItem
 .text.vListInsertEnd
                0x000000000800ac2e       0x48 ./Middlewares/Third_Party/FreeRTOS/Source/list.o
                0x000000000800ac2e                vListInsertEnd
 .text.vListInsert
                0x000000000800ac76       0x72 ./Middlewares/Third_Party/FreeRTOS/Source/list.o
                0x000000000800ac76                vListInsert
 .text.uxListRemove
                0x000000000800ace8       0x54 ./Middlewares/Third_Party/FreeRTOS/Source/list.o
                0x000000000800ace8                uxListRemove
 .text.xQueueGenericReset
                0x000000000800ad3c       0xd0 ./Middlewares/Third_Party/FreeRTOS/Source/queue.o
                0x000000000800ad3c                xQueueGenericReset
 .text.xQueueGenericCreateStatic
                0x000000000800ae0c       0xf0 ./Middlewares/Third_Party/FreeRTOS/Source/queue.o
                0x000000000800ae0c                xQueueGenericCreateStatic
 .text.prvInitialiseNewQueue
                0x000000000800aefc       0x46 ./Middlewares/Third_Party/FreeRTOS/Source/queue.o
 *fill*         0x000000000800af42        0x2 
 .text.xQueueGenericSend
                0x000000000800af44      0x1fc ./Middlewares/Third_Party/FreeRTOS/Source/queue.o
                0x000000000800af44                xQueueGenericSend
 .text.xQueueGenericSendFromISR
                0x000000000800b140      0x136 ./Middlewares/Third_Party/FreeRTOS/Source/queue.o
                0x000000000800b140                xQueueGenericSendFromISR
 *fill*         0x000000000800b276        0x2 
 .text.xQueueReceive
                0x000000000800b278      0x1c0 ./Middlewares/Third_Party/FreeRTOS/Source/queue.o
                0x000000000800b278                xQueueReceive
 .text.prvCopyDataToQueue
                0x000000000800b438       0xd4 ./Middlewares/Third_Party/FreeRTOS/Source/queue.o
 .text.prvCopyDataFromQueue
                0x000000000800b50c       0x4c ./Middlewares/Third_Party/FreeRTOS/Source/queue.o
 .text.prvUnlockQueue
                0x000000000800b558       0xa4 ./Middlewares/Third_Party/FreeRTOS/Source/queue.o
 .text.prvIsQueueEmpty
                0x000000000800b5fc       0x2c ./Middlewares/Third_Party/FreeRTOS/Source/queue.o
 .text.prvIsQueueFull
                0x000000000800b628       0x30 ./Middlewares/Third_Party/FreeRTOS/Source/queue.o
 .text.vQueueAddToRegistry
                0x000000000800b658       0x54 ./Middlewares/Third_Party/FreeRTOS/Source/queue.o
                0x000000000800b658                vQueueAddToRegistry
 .text.vQueueWaitForMessageRestricted
                0x000000000800b6ac       0x68 ./Middlewares/Third_Party/FreeRTOS/Source/queue.o
                0x000000000800b6ac                vQueueWaitForMessageRestricted
 .text.xTaskCreateStatic
                0x000000000800b714       0xba ./Middlewares/Third_Party/FreeRTOS/Source/tasks.o
                0x000000000800b714                xTaskCreateStatic
 .text.xTaskCreate
                0x000000000800b7ce       0x8a ./Middlewares/Third_Party/FreeRTOS/Source/tasks.o
                0x000000000800b7ce                xTaskCreate
 .text.prvInitialiseNewTask
                0x000000000800b858      0x11e ./Middlewares/Third_Party/FreeRTOS/Source/tasks.o
 *fill*         0x000000000800b976        0x2 
 .text.prvAddNewTaskToReadyList
                0x000000000800b978       0xe0 ./Middlewares/Third_Party/FreeRTOS/Source/tasks.o
 .text.vTaskDelay
                0x000000000800ba58       0x68 ./Middlewares/Third_Party/FreeRTOS/Source/tasks.o
                0x000000000800ba58                vTaskDelay
 .text.vTaskStartScheduler
                0x000000000800bac0       0xcc ./Middlewares/Third_Party/FreeRTOS/Source/tasks.o
                0x000000000800bac0                vTaskStartScheduler
 .text.vTaskSuspendAll
                0x000000000800bb8c       0x1c ./Middlewares/Third_Party/FreeRTOS/Source/tasks.o
                0x000000000800bb8c                vTaskSuspendAll
 .text.xTaskResumeAll
                0x000000000800bba8      0x13c ./Middlewares/Third_Party/FreeRTOS/Source/tasks.o
                0x000000000800bba8                xTaskResumeAll
 .text.xTaskGetTickCount
                0x000000000800bce4       0x20 ./Middlewares/Third_Party/FreeRTOS/Source/tasks.o
                0x000000000800bce4                xTaskGetTickCount
 .text.xTaskIncrementTick
                0x000000000800bd04      0x174 ./Middlewares/Third_Party/FreeRTOS/Source/tasks.o
                0x000000000800bd04                xTaskIncrementTick
 .text.vTaskSwitchContext
                0x000000000800be78       0xbc ./Middlewares/Third_Party/FreeRTOS/Source/tasks.o
                0x000000000800be78                vTaskSwitchContext
 .text.vTaskPlaceOnEventList
                0x000000000800bf34       0x48 ./Middlewares/Third_Party/FreeRTOS/Source/tasks.o
                0x000000000800bf34                vTaskPlaceOnEventList
 .text.vTaskPlaceOnEventListRestricted
                0x000000000800bf7c       0x58 ./Middlewares/Third_Party/FreeRTOS/Source/tasks.o
                0x000000000800bf7c                vTaskPlaceOnEventListRestricted
 .text.xTaskRemoveFromEventList
                0x000000000800bfd4       0xc8 ./Middlewares/Third_Party/FreeRTOS/Source/tasks.o
                0x000000000800bfd4                xTaskRemoveFromEventList
 .text.vTaskInternalSetTimeOutState
                0x000000000800c09c       0x2c ./Middlewares/Third_Party/FreeRTOS/Source/tasks.o
                0x000000000800c09c                vTaskInternalSetTimeOutState
 .text.xTaskCheckForTimeOut
                0x000000000800c0c8       0xc4 ./Middlewares/Third_Party/FreeRTOS/Source/tasks.o
                0x000000000800c0c8                xTaskCheckForTimeOut
 .text.vTaskMissedYield
                0x000000000800c18c       0x18 ./Middlewares/Third_Party/FreeRTOS/Source/tasks.o
                0x000000000800c18c                vTaskMissedYield
 .text.prvIdleTask
                0x000000000800c1a4       0x30 ./Middlewares/Third_Party/FreeRTOS/Source/tasks.o
 .text.prvInitialiseTaskLists
                0x000000000800c1d4       0x80 ./Middlewares/Third_Party/FreeRTOS/Source/tasks.o
 .text.prvCheckTasksWaitingTermination
                0x000000000800c254       0x5c ./Middlewares/Third_Party/FreeRTOS/Source/tasks.o
 .text.prvDeleteTCB
                0x000000000800c2b0       0x5e ./Middlewares/Third_Party/FreeRTOS/Source/tasks.o
 *fill*         0x000000000800c30e        0x2 
 .text.prvResetNextTaskUnblockTime
                0x000000000800c310       0x40 ./Middlewares/Third_Party/FreeRTOS/Source/tasks.o
 .text.xTaskGetSchedulerState
                0x000000000800c350       0x3c ./Middlewares/Third_Party/FreeRTOS/Source/tasks.o
                0x000000000800c350                xTaskGetSchedulerState
 .text.xTaskPriorityDisinherit
                0x000000000800c38c       0xdc ./Middlewares/Third_Party/FreeRTOS/Source/tasks.o
                0x000000000800c38c                xTaskPriorityDisinherit
 .text.prvAddCurrentTaskToDelayedList
                0x000000000800c468       0xa8 ./Middlewares/Third_Party/FreeRTOS/Source/tasks.o
 .text.xTimerCreateTimerTask
                0x000000000800c510       0x90 ./Middlewares/Third_Party/FreeRTOS/Source/timers.o
                0x000000000800c510                xTimerCreateTimerTask
 .text.xTimerGenericCommand
                0x000000000800c5a0       0x9c ./Middlewares/Third_Party/FreeRTOS/Source/timers.o
                0x000000000800c5a0                xTimerGenericCommand
 .text.prvProcessExpiredTimer
                0x000000000800c63c       0x98 ./Middlewares/Third_Party/FreeRTOS/Source/timers.o
 .text.prvTimerTask
                0x000000000800c6d4       0x24 ./Middlewares/Third_Party/FreeRTOS/Source/timers.o
 .text.prvProcessTimerOrBlockTask
                0x000000000800c6f8       0x9c ./Middlewares/Third_Party/FreeRTOS/Source/timers.o
 .text.prvGetNextExpireTime
                0x000000000800c794       0x48 ./Middlewares/Third_Party/FreeRTOS/Source/timers.o
 .text.prvSampleTimeNow
                0x000000000800c7dc       0x40 ./Middlewares/Third_Party/FreeRTOS/Source/timers.o
 .text.prvInsertTimerInActiveList
                0x000000000800c81c       0x84 ./Middlewares/Third_Party/FreeRTOS/Source/timers.o
 .text.prvProcessReceivedCommands
                0x000000000800c8a0      0x1c4 ./Middlewares/Third_Party/FreeRTOS/Source/timers.o
 .text.prvSwitchTimerLists
                0x000000000800ca64       0xc8 ./Middlewares/Third_Party/FreeRTOS/Source/timers.o
 .text.prvCheckForValidListAndQueue
                0x000000000800cb2c       0x80 ./Middlewares/Third_Party/FreeRTOS/Source/timers.o
 .text.pxPortInitialiseStack
                0x000000000800cbac       0x68 ./Middlewares/Third_Party/FreeRTOS/Source/portable/GCC/ARM_CM4F/port.o
                0x000000000800cbac                pxPortInitialiseStack
 .text.prvTaskExitError
                0x000000000800cc14       0x58 ./Middlewares/Third_Party/FreeRTOS/Source/portable/GCC/ARM_CM4F/port.o
 *fill*         0x000000000800cc6c        0x4 
 .text.SVC_Handler
                0x000000000800cc70       0x28 ./Middlewares/Third_Party/FreeRTOS/Source/portable/GCC/ARM_CM4F/port.o
                0x000000000800cc70                SVC_Handler
 .text.prvPortStartFirstTask
                0x000000000800cc98       0x28 ./Middlewares/Third_Party/FreeRTOS/Source/portable/GCC/ARM_CM4F/port.o
 .text.xPortStartScheduler
                0x000000000800ccc0      0x144 ./Middlewares/Third_Party/FreeRTOS/Source/portable/GCC/ARM_CM4F/port.o
                0x000000000800ccc0                xPortStartScheduler
 .text.vPortEnterCritical
                0x000000000800ce04       0x60 ./Middlewares/Third_Party/FreeRTOS/Source/portable/GCC/ARM_CM4F/port.o
                0x000000000800ce04                vPortEnterCritical
 .text.vPortExitCritical
                0x000000000800ce64       0x54 ./Middlewares/Third_Party/FreeRTOS/Source/portable/GCC/ARM_CM4F/port.o
                0x000000000800ce64                vPortExitCritical
 *fill*         0x000000000800ceb8        0x8 
 .text.PendSV_Handler
                0x000000000800cec0       0x68 ./Middlewares/Third_Party/FreeRTOS/Source/portable/GCC/ARM_CM4F/port.o
                0x000000000800cec0                PendSV_Handler
 .text.xPortSysTickHandler
                0x000000000800cf28       0x44 ./Middlewares/Third_Party/FreeRTOS/Source/portable/GCC/ARM_CM4F/port.o
                0x000000000800cf28                xPortSysTickHandler
 .text.vPortSetupTimerInterrupt
                0x000000000800cf6c       0x48 ./Middlewares/Third_Party/FreeRTOS/Source/portable/GCC/ARM_CM4F/port.o
                0x000000000800cf6c                vPortSetupTimerInterrupt
 .text.vPortEnableVFP
                0x000000000800cfb4       0x14 ./Middlewares/Third_Party/FreeRTOS/Source/portable/GCC/ARM_CM4F/port.o
 .text.vPortValidateInterruptPriority
                0x000000000800cfc8       0x80 ./Middlewares/Third_Party/FreeRTOS/Source/portable/GCC/ARM_CM4F/port.o
                0x000000000800cfc8                vPortValidateInterruptPriority
 .text.pvPortMalloc
                0x000000000800d048      0x198 ./Middlewares/Third_Party/FreeRTOS/Source/portable/MemMang/heap_4.o
                0x000000000800d048                pvPortMalloc
 .text.vPortFree
                0x000000000800d1e0       0xc4 ./Middlewares/Third_Party/FreeRTOS/Source/portable/MemMang/heap_4.o
                0x000000000800d1e0                vPortFree
 .text.prvHeapInit
                0x000000000800d2a4       0xc4 ./Middlewares/Third_Party/FreeRTOS/Source/portable/MemMang/heap_4.o
 .text.prvInsertBlockIntoFreeList
                0x000000000800d368       0xb4 ./Middlewares/Third_Party/FreeRTOS/Source/portable/MemMang/heap_4.o
 .text._ICM20948_SelectUserBank
                0x000000000800d41c       0x58 ./PeripheralDriver/Src/ICM20948.o
                0x000000000800d41c                _ICM20948_SelectUserBank
 .text._ICM20948_WriteByte
                0x000000000800d474       0x5a ./PeripheralDriver/Src/ICM20948.o
                0x000000000800d474                _ICM20948_WriteByte
 .text.ICM20948_init
                0x000000000800d4ce      0x112 ./PeripheralDriver/Src/ICM20948.o
                0x000000000800d4ce                ICM20948_init
 .text._AK09918_WriteByte
                0x000000000800d5e0       0x3c ./PeripheralDriver/Src/ICM20948.o
                0x000000000800d5e0                _AK09918_WriteByte
 .text.OLED_Refresh_Gram
                0x000000000800d61c       0x70 ./PeripheralDriver/Src/oled.o
                0x000000000800d61c                OLED_Refresh_Gram
 .text.OLED_WR_Byte
                0x000000000800d68c       0x94 ./PeripheralDriver/Src/oled.o
                0x000000000800d68c                OLED_WR_Byte
 .text.OLED_Clear
                0x000000000800d720       0x4c ./PeripheralDriver/Src/oled.o
                0x000000000800d720                OLED_Clear
 .text.OLED_DrawPoint
                0x000000000800d76c       0xb4 ./PeripheralDriver/Src/oled.o
                0x000000000800d76c                OLED_DrawPoint
 .text.OLED_ShowChar
                0x000000000800d820       0xe4 ./PeripheralDriver/Src/oled.o
                0x000000000800d820                OLED_ShowChar
 .text.OLED_ShowString
                0x000000000800d904       0x64 ./PeripheralDriver/Src/oled.o
                0x000000000800d904                OLED_ShowString
 .text.OLED_Init
                0x000000000800d968      0x118 ./PeripheralDriver/Src/oled.o
                0x000000000800d968                OLED_Init
 .text.snprintf
                0x000000000800da80       0x68 /Applications/STM32CubeIDE.app/Contents/Eclipse/plugins/com.st.stm32cube.ide.mcu.externaltools.gnu-tools-for-stm32.11.3.rel1.macos64_1.1.0.202305231506/tools/bin/../lib/gcc/arm-none-eabi/11.3.1/../../../../arm-none-eabi/lib/thumb/v7e-m+fp/hard/libc_nano.a(libc_a-snprintf.o)
                0x000000000800da80                snprintf
                0x000000000800da80                sniprintf
 .text.memset   0x000000000800dae8       0x10 /Applications/STM32CubeIDE.app/Contents/Eclipse/plugins/com.st.stm32cube.ide.mcu.externaltools.gnu-tools-for-stm32.11.3.rel1.macos64_1.1.0.202305231506/tools/bin/../lib/gcc/arm-none-eabi/11.3.1/../../../../arm-none-eabi/lib/thumb/v7e-m+fp/hard/libc_nano.a(libc_a-memset.o)
                0x000000000800dae8                memset
 .text.__errno  0x000000000800daf8        0xc /Applications/STM32CubeIDE.app/Contents/Eclipse/plugins/com.st.stm32cube.ide.mcu.externaltools.gnu-tools-for-stm32.11.3.rel1.macos64_1.1.0.202305231506/tools/bin/../lib/gcc/arm-none-eabi/11.3.1/../../../../arm-none-eabi/lib/thumb/v7e-m+fp/hard/libc_nano.a(libc_a-errno.o)
                0x000000000800daf8                __errno
 .text.__libc_init_array
                0x000000000800db04       0x48 /Applications/STM32CubeIDE.app/Contents/Eclipse/plugins/com.st.stm32cube.ide.mcu.externaltools.gnu-tools-for-stm32.11.3.rel1.macos64_1.1.0.202305231506/tools/bin/../lib/gcc/arm-none-eabi/11.3.1/../../../../arm-none-eabi/lib/thumb/v7e-m+fp/hard/libc_nano.a(libc_a-init.o)
                0x000000000800db04                __libc_init_array
 .text.__retarget_lock_acquire_recursive
                0x000000000800db4c        0x2 /Applications/STM32CubeIDE.app/Contents/Eclipse/plugins/com.st.stm32cube.ide.mcu.externaltools.gnu-tools-for-stm32.11.3.rel1.macos64_1.1.0.202305231506/tools/bin/../lib/gcc/arm-none-eabi/11.3.1/../../../../arm-none-eabi/lib/thumb/v7e-m+fp/hard/libc_nano.a(libc_a-lock.o)
                0x000000000800db4c                __retarget_lock_acquire_recursive
 .text.__retarget_lock_release_recursive
                0x000000000800db4e        0x2 /Applications/STM32CubeIDE.app/Contents/Eclipse/plugins/com.st.stm32cube.ide.mcu.externaltools.gnu-tools-for-stm32.11.3.rel1.macos64_1.1.0.202305231506/tools/bin/../lib/gcc/arm-none-eabi/11.3.1/../../../../arm-none-eabi/lib/thumb/v7e-m+fp/hard/libc_nano.a(libc_a-lock.o)
                0x000000000800db4e                __retarget_lock_release_recursive
 .text.memcpy   0x000000000800db50       0x1c /Applications/STM32CubeIDE.app/Contents/Eclipse/plugins/com.st.stm32cube.ide.mcu.externaltools.gnu-tools-for-stm32.11.3.rel1.macos64_1.1.0.202305231506/tools/bin/../lib/gcc/arm-none-eabi/11.3.1/../../../../arm-none-eabi/lib/thumb/v7e-m+fp/hard/libc_nano.a(libc_a-memcpy-stub.o)
                0x000000000800db50                memcpy
 .text.__ssputs_r
                0x000000000800db6c       0xb4 /Applications/STM32CubeIDE.app/Contents/Eclipse/plugins/com.st.stm32cube.ide.mcu.externaltools.gnu-tools-for-stm32.11.3.rel1.macos64_1.1.0.202305231506/tools/bin/../lib/gcc/arm-none-eabi/11.3.1/../../../../arm-none-eabi/lib/thumb/v7e-m+fp/hard/libc_nano.a(libc_a-nano-svfprintf.o)
                0x000000000800db6c                __ssputs_r
 .text._svfprintf_r
                0x000000000800dc20      0x1fc /Applications/STM32CubeIDE.app/Contents/Eclipse/plugins/com.st.stm32cube.ide.mcu.externaltools.gnu-tools-for-stm32.11.3.rel1.macos64_1.1.0.202305231506/tools/bin/../lib/gcc/arm-none-eabi/11.3.1/../../../../arm-none-eabi/lib/thumb/v7e-m+fp/hard/libc_nano.a(libc_a-nano-svfprintf.o)
                0x000000000800dc20                _svfprintf_r
                0x000000000800dc20                _svfiprintf_r
 .text.sbrk_aligned
                0x000000000800de1c       0x40 /Applications/STM32CubeIDE.app/Contents/Eclipse/plugins/com.st.stm32cube.ide.mcu.externaltools.gnu-tools-for-stm32.11.3.rel1.macos64_1.1.0.202305231506/tools/bin/../lib/gcc/arm-none-eabi/11.3.1/../../../../arm-none-eabi/lib/thumb/v7e-m+fp/hard/libc_nano.a(libc_a-mallocr.o)
 .text._malloc_r
                0x000000000800de5c      0x100 /Applications/STM32CubeIDE.app/Contents/Eclipse/plugins/com.st.stm32cube.ide.mcu.externaltools.gnu-tools-for-stm32.11.3.rel1.macos64_1.1.0.202305231506/tools/bin/../lib/gcc/arm-none-eabi/11.3.1/../../../../arm-none-eabi/lib/thumb/v7e-m+fp/hard/libc_nano.a(libc_a-mallocr.o)
                0x000000000800de5c                _malloc_r
 .text._printf_common
                0x000000000800df5c       0xda /Applications/STM32CubeIDE.app/Contents/Eclipse/plugins/com.st.stm32cube.ide.mcu.externaltools.gnu-tools-for-stm32.11.3.rel1.macos64_1.1.0.202305231506/tools/bin/../lib/gcc/arm-none-eabi/11.3.1/../../../../arm-none-eabi/lib/thumb/v7e-m+fp/hard/libc_nano.a(libc_a-nano-vfprintf_i.o)
                0x000000000800df5c                _printf_common
 *fill*         0x000000000800e036        0x2 
 .text._printf_i
                0x000000000800e038      0x244 /Applications/STM32CubeIDE.app/Contents/Eclipse/plugins/com.st.stm32cube.ide.mcu.externaltools.gnu-tools-for-stm32.11.3.rel1.macos64_1.1.0.202305231506/tools/bin/../lib/gcc/arm-none-eabi/11.3.1/../../../../arm-none-eabi/lib/thumb/v7e-m+fp/hard/libc_nano.a(libc_a-nano-vfprintf_i.o)
                0x000000000800e038                _printf_i
 .text.__malloc_lock
                0x000000000800e27c        0xc /Applications/STM32CubeIDE.app/Contents/Eclipse/plugins/com.st.stm32cube.ide.mcu.externaltools.gnu-tools-for-stm32.11.3.rel1.macos64_1.1.0.202305231506/tools/bin/../lib/gcc/arm-none-eabi/11.3.1/../../../../arm-none-eabi/lib/thumb/v7e-m+fp/hard/libc_nano.a(libc_a-mlock.o)
                0x000000000800e27c                __malloc_lock
 .text.__malloc_unlock
                0x000000000800e288        0xc /Applications/STM32CubeIDE.app/Contents/Eclipse/plugins/com.st.stm32cube.ide.mcu.externaltools.gnu-tools-for-stm32.11.3.rel1.macos64_1.1.0.202305231506/tools/bin/../lib/gcc/arm-none-eabi/11.3.1/../../../../arm-none-eabi/lib/thumb/v7e-m+fp/hard/libc_nano.a(libc_a-mlock.o)
                0x000000000800e288                __malloc_unlock
 .text._realloc_r
                0x000000000800e294       0x5e /Applications/STM32CubeIDE.app/Contents/Eclipse/plugins/com.st.stm32cube.ide.mcu.externaltools.gnu-tools-for-stm32.11.3.rel1.macos64_1.1.0.202305231506/tools/bin/../lib/gcc/arm-none-eabi/11.3.1/../../../../arm-none-eabi/lib/thumb/v7e-m+fp/hard/libc_nano.a(libc_a-reallocr.o)
                0x000000000800e294                _realloc_r
 .text.memmove  0x000000000800e2f2       0x34 /Applications/STM32CubeIDE.app/Contents/Eclipse/plugins/com.st.stm32cube.ide.mcu.externaltools.gnu-tools-for-stm32.11.3.rel1.macos64_1.1.0.202305231506/tools/bin/../lib/gcc/arm-none-eabi/11.3.1/../../../../arm-none-eabi/lib/thumb/v7e-m+fp/hard/libc_nano.a(libc_a-memmove.o)
                0x000000000800e2f2                memmove
 *fill*         0x000000000800e326        0x2 
 .text._sbrk_r  0x000000000800e328       0x20 /Applications/STM32CubeIDE.app/Contents/Eclipse/plugins/com.st.stm32cube.ide.mcu.externaltools.gnu-tools-for-stm32.11.3.rel1.macos64_1.1.0.202305231506/tools/bin/../lib/gcc/arm-none-eabi/11.3.1/../../../../arm-none-eabi/lib/thumb/v7e-m+fp/hard/libc_nano.a(libc_a-sbrkr.o)
                0x000000000800e328                _sbrk_r
 .text._free_r  0x000000000800e348       0x98 /Applications/STM32CubeIDE.app/Contents/Eclipse/plugins/com.st.stm32cube.ide.mcu.externaltools.gnu-tools-for-stm32.11.3.rel1.macos64_1.1.0.202305231506/tools/bin/../lib/gcc/arm-none-eabi/11.3.1/../../../../arm-none-eabi/lib/thumb/v7e-m+fp/hard/libc_nano.a(libc_a-freer.o)
                0x000000000800e348                _free_r
 .text._malloc_usable_size_r
                0x000000000800e3e0       0x10 /Applications/STM32CubeIDE.app/Contents/Eclipse/plugins/com.st.stm32cube.ide.mcu.externaltools.gnu-tools-for-stm32.11.3.rel1.macos64_1.1.0.202305231506/tools/bin/../lib/gcc/arm-none-eabi/11.3.1/../../../../arm-none-eabi/lib/thumb/v7e-m+fp/hard/libc_nano.a(libc_a-msizer.o)
                0x000000000800e3e0                _malloc_usable_size_r
 *(.glue_7)
 .glue_7        0x000000000800e3f0        0x0 linker stubs
 *(.glue_7t)
 .glue_7t       0x000000000800e3f0        0x0 linker stubs
 *(.eh_frame)
 .eh_frame      0x000000000800e3f0        0x0 /Applications/STM32CubeIDE.app/Contents/Eclipse/plugins/com.st.stm32cube.ide.mcu.externaltools.gnu-tools-for-stm32.11.3.rel1.macos64_1.1.0.202305231506/tools/bin/../lib/gcc/arm-none-eabi/11.3.1/thumb/v7e-m+fp/hard/crtbegin.o
 *(.init)
 .init          0x000000000800e3f0        0x4 /Applications/STM32CubeIDE.app/Contents/Eclipse/plugins/com.st.stm32cube.ide.mcu.externaltools.gnu-tools-for-stm32.11.3.rel1.macos64_1.1.0.202305231506/tools/bin/../lib/gcc/arm-none-eabi/11.3.1/thumb/v7e-m+fp/hard/crti.o
                0x000000000800e3f0                _init
 .init          0x000000000800e3f4        0x8 /Applications/STM32CubeIDE.app/Contents/Eclipse/plugins/com.st.stm32cube.ide.mcu.externaltools.gnu-tools-for-stm32.11.3.rel1.macos64_1.1.0.202305231506/tools/bin/../lib/gcc/arm-none-eabi/11.3.1/thumb/v7e-m+fp/hard/crtn.o
 *(.fini)
 .fini          0x000000000800e3fc        0x4 /Applications/STM32CubeIDE.app/Contents/Eclipse/plugins/com.st.stm32cube.ide.mcu.externaltools.gnu-tools-for-stm32.11.3.rel1.macos64_1.1.0.202305231506/tools/bin/../lib/gcc/arm-none-eabi/11.3.1/thumb/v7e-m+fp/hard/crti.o
                0x000000000800e3fc                _fini
 .fini          0x000000000800e400        0x8 /Applications/STM32CubeIDE.app/Contents/Eclipse/plugins/com.st.stm32cube.ide.mcu.externaltools.gnu-tools-for-stm32.11.3.rel1.macos64_1.1.0.202305231506/tools/bin/../lib/gcc/arm-none-eabi/11.3.1/thumb/v7e-m+fp/hard/crtn.o
                0x000000000800e408                . = ALIGN (0x4)
                0x000000000800e408                _etext = .

.vfp11_veneer   0x000000000800e408        0x0
 .vfp11_veneer  0x000000000800e408        0x0 linker stubs

.v4_bx          0x000000000800e408        0x0
 .v4_bx         0x000000000800e408        0x0 linker stubs

.iplt           0x000000000800e408        0x0
 .iplt          0x000000000800e408        0x0 /Applications/STM32CubeIDE.app/Contents/Eclipse/plugins/com.st.stm32cube.ide.mcu.externaltools.gnu-tools-for-stm32.11.3.rel1.macos64_1.1.0.202305231506/tools/bin/../lib/gcc/arm-none-eabi/11.3.1/thumb/v7e-m+fp/hard/crtbegin.o

.rodata         0x000000000800e408      0xd08
                0x000000000800e408                . = ALIGN (0x4)
 *(.rodata)
 .rodata        0x000000000800e408       0x8e ./Core/Src/main.o
 *fill*         0x000000000800e496        0x2 
 .rodata        0x000000000800e498        0x5 ./Middlewares/Third_Party/FreeRTOS/Source/tasks.o
 *fill*         0x000000000800e49d        0x3 
 .rodata        0x000000000800e4a0        0xd ./Middlewares/Third_Party/FreeRTOS/Source/timers.o
 *(.rodata*)
 *fill*         0x000000000800e4ad        0x3 
 .rodata.encoderTask_attributes
                0x000000000800e4b0       0x24 ./Core/Src/main.o
                0x000000000800e4b0                encoderTask_attributes
 .rodata.OledTask_attributes
                0x000000000800e4d4       0x24 ./Core/Src/main.o
                0x000000000800e4d4                OledTask_attributes
 .rodata.FWTask_attributes
                0x000000000800e4f8       0x24 ./Core/Src/main.o
                0x000000000800e4f8                FWTask_attributes
 .rodata.BWTask_attributes
                0x000000000800e51c       0x24 ./Core/Src/main.o
                0x000000000800e51c                BWTask_attributes
 .rodata.FLTask_attributes
                0x000000000800e540       0x24 ./Core/Src/main.o
                0x000000000800e540                FLTask_attributes
 .rodata.FRTask_attributes
                0x000000000800e564       0x24 ./Core/Src/main.o
                0x000000000800e564                FRTask_attributes
 .rodata.BLTask_attributes
                0x000000000800e588       0x24 ./Core/Src/main.o
                0x000000000800e588                BLTask_attributes
 .rodata.BRTask_attributes
                0x000000000800e5ac       0x24 ./Core/Src/main.o
                0x000000000800e5ac                BRTask_attributes
 .rodata.ADCTask_attributes
                0x000000000800e5d0       0x24 ./Core/Src/main.o
                0x000000000800e5d0                ADCTask_attributes
 .rodata.cmdTask_attributes
                0x000000000800e5f4       0x24 ./Core/Src/main.o
                0x000000000800e5f4                cmdTask_attributes
 .rodata.moveDistObsTask_attributes
                0x000000000800e618       0x24 ./Core/Src/main.o
                0x000000000800e618                moveDistObsTask_attributes
 .rodata.navArdObsTask_attributes
                0x000000000800e63c       0x24 ./Core/Src/main.o
                0x000000000800e63c                navArdObsTask_attributes
 .rodata.AHBPrescTable
                0x000000000800e660       0x10 ./Core/Src/system_stm32f4xx.o
                0x000000000800e660                AHBPrescTable
 .rodata.APBPrescTable
                0x000000000800e670        0x8 ./Core/Src/system_stm32f4xx.o
                0x000000000800e670                APBPrescTable
 .rodata.oled_asc2_1206
                0x000000000800e678      0x474 ./PeripheralDriver/Src/oled.o
                0x000000000800e678                oled_asc2_1206
 .rodata.oled_asc2_1608
                0x000000000800eaec      0x5f0 ./PeripheralDriver/Src/oled.o
                0x000000000800eaec                oled_asc2_1608
 .rodata._svfprintf_r.str1.1
                0x000000000800f0dc       0x11 /Applications/STM32CubeIDE.app/Contents/Eclipse/plugins/com.st.stm32cube.ide.mcu.externaltools.gnu-tools-for-stm32.11.3.rel1.macos64_1.1.0.202305231506/tools/bin/../lib/gcc/arm-none-eabi/11.3.1/../../../../arm-none-eabi/lib/thumb/v7e-m+fp/hard/libc_nano.a(libc_a-nano-svfprintf.o)
 .rodata._printf_i.str1.1
                0x000000000800f0ed       0x22 /Applications/STM32CubeIDE.app/Contents/Eclipse/plugins/com.st.stm32cube.ide.mcu.externaltools.gnu-tools-for-stm32.11.3.rel1.macos64_1.1.0.202305231506/tools/bin/../lib/gcc/arm-none-eabi/11.3.1/../../../../arm-none-eabi/lib/thumb/v7e-m+fp/hard/libc_nano.a(libc_a-nano-vfprintf_i.o)
                0x000000000800f110                . = ALIGN (0x4)
 *fill*         0x000000000800f10f        0x1 

.ARM.extab      0x000000000800f110        0x0
                0x000000000800f110                . = ALIGN (0x4)
 *(.ARM.extab* .gnu.linkonce.armextab.*)
                0x000000000800f110                . = ALIGN (0x4)

.ARM            0x000000000800f110        0x8
                0x000000000800f110                . = ALIGN (0x4)
                0x000000000800f110                __exidx_start = .
 *(.ARM.exidx*)
 .ARM.exidx     0x000000000800f110        0x8 /Applications/STM32CubeIDE.app/Contents/Eclipse/plugins/com.st.stm32cube.ide.mcu.externaltools.gnu-tools-for-stm32.11.3.rel1.macos64_1.1.0.202305231506/tools/bin/../lib/gcc/arm-none-eabi/11.3.1/thumb/v7e-m+fp/hard/libgcc.a(_udivmoddi4.o)
                0x000000000800f118                __exidx_end = .
                0x000000000800f118                . = ALIGN (0x4)

.rel.dyn        0x000000000800f118        0x0
 .rel.iplt      0x000000000800f118        0x0 /Applications/STM32CubeIDE.app/Contents/Eclipse/plugins/com.st.stm32cube.ide.mcu.externaltools.gnu-tools-for-stm32.11.3.rel1.macos64_1.1.0.202305231506/tools/bin/../lib/gcc/arm-none-eabi/11.3.1/thumb/v7e-m+fp/hard/crtbegin.o

.preinit_array  0x000000000800f118        0x0
                0x000000000800f118                . = ALIGN (0x4)
                0x000000000800f118                PROVIDE (__preinit_array_start = .)
 *(.preinit_array*)
                0x000000000800f118                PROVIDE (__preinit_array_end = .)
                0x000000000800f118                . = ALIGN (0x4)

.init_array     0x000000000800f118        0x4
                0x000000000800f118                . = ALIGN (0x4)
                0x000000000800f118                PROVIDE (__init_array_start = .)
 *(SORT_BY_NAME(.init_array.*))
 *(.init_array*)
 .init_array    0x000000000800f118        0x4 /Applications/STM32CubeIDE.app/Contents/Eclipse/plugins/com.st.stm32cube.ide.mcu.externaltools.gnu-tools-for-stm32.11.3.rel1.macos64_1.1.0.202305231506/tools/bin/../lib/gcc/arm-none-eabi/11.3.1/thumb/v7e-m+fp/hard/crtbegin.o
                0x000000000800f11c                PROVIDE (__init_array_end = .)
                0x000000000800f11c                . = ALIGN (0x4)

.fini_array     0x000000000800f11c        0x4
                0x000000000800f11c                . = ALIGN (0x4)
                [!provide]                        PROVIDE (__fini_array_start = .)
 *(SORT_BY_NAME(.fini_array.*))
 *(.fini_array*)
 .fini_array    0x000000000800f11c        0x4 /Applications/STM32CubeIDE.app/Contents/Eclipse/plugins/com.st.stm32cube.ide.mcu.externaltools.gnu-tools-for-stm32.11.3.rel1.macos64_1.1.0.202305231506/tools/bin/../lib/gcc/arm-none-eabi/11.3.1/thumb/v7e-m+fp/hard/crtbegin.o
                [!provide]                        PROVIDE (__fini_array_end = .)
                0x000000000800f120                . = ALIGN (0x4)
                0x000000000800f120                _sidata = LOADADDR (.data)

.data           0x0000000020000000      0x1a0 load address 0x000000000800f120
                0x0000000020000000                . = ALIGN (0x4)
                0x0000000020000000                _sdata = .
 *(.data)
 *(.data*)
 .data.RX_BUFFER_SIZE
                0x0000000020000000        0x1 ./Core/Src/main.o
                0x0000000020000000                RX_BUFFER_SIZE
 .data.CMD_BUFFER_SIZE
                0x0000000020000001        0x1 ./Core/Src/main.o
                0x0000000020000001                CMD_BUFFER_SIZE
 *fill*         0x0000000020000002        0x2 
 .data.cfgs     0x0000000020000004      0x130 ./Core/Src/main.o
                0x0000000020000004                cfgs
 .data.curTask  0x0000000020000134        0x1 ./Core/Src/main.o
                0x0000000020000134                curTask
 .data.prevTask
                0x0000000020000135        0x1 ./Core/Src/main.o
                0x0000000020000135                prevTask
 .data.moveMode
                0x0000000020000136        0x1 ./Core/Src/main.o
                0x0000000020000136                moveMode
 *fill*         0x0000000020000137        0x1 
 .data.speedScale
                0x0000000020000138        0x4 ./Core/Src/main.o
                0x0000000020000138                speedScale
 .data.dir      0x000000002000013c        0x1 ./Core/Src/main.o
                0x000000002000013c                dir
 *fill*         0x000000002000013d        0x3 
 .data.SystemCoreClock
                0x0000000020000140        0x4 ./Core/Src/system_stm32f4xx.o
                0x0000000020000140                SystemCoreClock
 .data.uwTickPrio
                0x0000000020000144        0x4 ./Drivers/STM32F4xx_HAL_Driver/Src/stm32f4xx_hal.o
                0x0000000020000144                uwTickPrio
 .data.uwTickFreq
                0x0000000020000148        0x1 ./Drivers/STM32F4xx_HAL_Driver/Src/stm32f4xx_hal.o
                0x0000000020000148                uwTickFreq
 *fill*         0x0000000020000149        0x3 
 .data.uxCriticalNesting
                0x000000002000014c        0x4 ./Middlewares/Third_Party/FreeRTOS/Source/portable/GCC/ARM_CM4F/port.o
 .data._impure_data
                0x0000000020000150       0x4c /Applications/STM32CubeIDE.app/Contents/Eclipse/plugins/com.st.stm32cube.ide.mcu.externaltools.gnu-tools-for-stm32.11.3.rel1.macos64_1.1.0.202305231506/tools/bin/../lib/gcc/arm-none-eabi/11.3.1/../../../../arm-none-eabi/lib/thumb/v7e-m+fp/hard/libc_nano.a(libc_a-impure.o)
                0x0000000020000150                _impure_data
 .data._impure_ptr
                0x000000002000019c        0x4 /Applications/STM32CubeIDE.app/Contents/Eclipse/plugins/com.st.stm32cube.ide.mcu.externaltools.gnu-tools-for-stm32.11.3.rel1.macos64_1.1.0.202305231506/tools/bin/../lib/gcc/arm-none-eabi/11.3.1/../../../../arm-none-eabi/lib/thumb/v7e-m+fp/hard/libc_nano.a(libc_a-impure.o)
                0x000000002000019c                _impure_ptr
 *(.RamFunc)
 *(.RamFunc*)
                0x00000000200001a0                . = ALIGN (0x4)
                0x00000000200001a0                _edata = .
                0x000000000800f2c0                _siccmram = LOADADDR (.ccmram)

.igot.plt       0x00000000200001a0        0x0 load address 0x000000000800f2c0
 .igot.plt      0x00000000200001a0        0x0 /Applications/STM32CubeIDE.app/Contents/Eclipse/plugins/com.st.stm32cube.ide.mcu.externaltools.gnu-tools-for-stm32.11.3.rel1.macos64_1.1.0.202305231506/tools/bin/../lib/gcc/arm-none-eabi/11.3.1/thumb/v7e-m+fp/hard/crtbegin.o

.ccmram         0x0000000010000000        0x0 load address 0x000000000800f2c0
                0x0000000010000000                . = ALIGN (0x4)
                0x0000000010000000                _sccmram = .
 *(.ccmram)
 *(.ccmram*)
                0x0000000010000000                . = ALIGN (0x4)
                0x0000000010000000                _eccmram = .
                0x0000000010000000                . = ALIGN (0x4)

.bss            0x00000000200001a0     0x5290
                0x00000000200001a0                _sbss = .
                0x00000000200001a0                __bss_start__ = _sbss
 *(.bss)
 .bss           0x00000000200001a0       0x1c /Applications/STM32CubeIDE.app/Contents/Eclipse/plugins/com.st.stm32cube.ide.mcu.externaltools.gnu-tools-for-stm32.11.3.rel1.macos64_1.1.0.202305231506/tools/bin/../lib/gcc/arm-none-eabi/11.3.1/thumb/v7e-m+fp/hard/crtbegin.o
 *(.bss*)
 .bss.hadc1     0x00000000200001bc       0x48 ./Core/Src/main.o
                0x00000000200001bc                hadc1
 .bss.hadc2     0x0000000020000204       0x48 ./Core/Src/main.o
                0x0000000020000204                hadc2
 .bss.hi2c1     0x000000002000024c       0x54 ./Core/Src/main.o
                0x000000002000024c                hi2c1
 .bss.htim1     0x00000000200002a0       0x48 ./Core/Src/main.o
                0x00000000200002a0                htim1
 .bss.htim2     0x00000000200002e8       0x48 ./Core/Src/main.o
                0x00000000200002e8                htim2
 .bss.htim3     0x0000000020000330       0x48 ./Core/Src/main.o
                0x0000000020000330                htim3
 .bss.htim6     0x0000000020000378       0x48 ./Core/Src/main.o
                0x0000000020000378                htim6
 .bss.htim8     0x00000000200003c0       0x48 ./Core/Src/main.o
                0x00000000200003c0                htim8
 .bss.huart3    0x0000000020000408       0x44 ./Core/Src/main.o
                0x0000000020000408                huart3
 .bss.encoderTaskHandle
                0x000000002000044c        0x4 ./Core/Src/main.o
                0x000000002000044c                encoderTaskHandle
 .bss.OledTaskHandle
                0x0000000020000450        0x4 ./Core/Src/main.o
                0x0000000020000450                OledTaskHandle
 .bss.FWTaskHandle
                0x0000000020000454        0x4 ./Core/Src/main.o
                0x0000000020000454                FWTaskHandle
 .bss.BWTaskHandle
                0x0000000020000458        0x4 ./Core/Src/main.o
                0x0000000020000458                BWTaskHandle
 .bss.FLTaskHandle
                0x000000002000045c        0x4 ./Core/Src/main.o
                0x000000002000045c                FLTaskHandle
 .bss.FRTaskHandle
                0x0000000020000460        0x4 ./Core/Src/main.o
                0x0000000020000460                FRTaskHandle
 .bss.BLTaskHandle
                0x0000000020000464        0x4 ./Core/Src/main.o
                0x0000000020000464                BLTaskHandle
 .bss.BRTaskHandle
                0x0000000020000468        0x4 ./Core/Src/main.o
                0x0000000020000468                BRTaskHandle
 .bss.ADCTaskHandle
                0x000000002000046c        0x4 ./Core/Src/main.o
                0x000000002000046c                ADCTaskHandle
 .bss.cmdTaskHandle
                0x0000000020000470        0x4 ./Core/Src/main.o
                0x0000000020000470                cmdTaskHandle
 .bss.moveDistObsTaskHandle
                0x0000000020000474        0x4 ./Core/Src/main.o
                0x0000000020000474                moveDistObsTaskHandle
 .bss.navArdObsTaskHandle
                0x0000000020000478        0x4 ./Core/Src/main.o
                0x0000000020000478                navArdObsTaskHandle
 .bss.aRxBuffer
                0x000000002000047c        0xa ./Core/Src/main.o
                0x000000002000047c                aRxBuffer
 *fill*         0x0000000020000486        0x2 
 .bss.cQueue    0x0000000020000488       0x34 ./Core/Src/main.o
                0x0000000020000488                cQueue
 .bss.curCmd    0x00000000200004bc        0x4 ./Core/Src/main.o
                0x00000000200004bc                curCmd
 .bss.rxMsg     0x00000000200004c0       0x10 ./Core/Src/main.o
                0x00000000200004c0                rxMsg
 .bss.manualMode
                0x00000000200004d0        0x1 ./Core/Src/main.o
                0x00000000200004d0                manualMode
 *fill*         0x00000000200004d1        0x3 
 .bss.targetAngle
                0x00000000200004d4        0x4 ./Core/Src/main.o
                0x00000000200004d4                targetAngle
 .bss.angleNow  0x00000000200004d8        0x4 ./Core/Src/main.o
                0x00000000200004d8                angleNow
 .bss.readGyroZData
                0x00000000200004dc        0x2 ./Core/Src/main.o
                0x00000000200004dc                readGyroZData
 .bss.gyroZ     0x00000000200004de        0x2 ./Core/Src/main.o
                0x00000000200004de                gyroZ
 .bss.newDutyL  0x00000000200004e0        0x2 ./Core/Src/main.o
                0x00000000200004e0                newDutyL
 .bss.newDutyR  0x00000000200004e2        0x2 ./Core/Src/main.o
                0x00000000200004e2                newDutyR
 .bss.last_curTask_tick
                0x00000000200004e4        0x4 ./Core/Src/main.o
                0x00000000200004e4                last_curTask_tick
 .bss.targetDist
                0x00000000200004e8        0x4 ./Core/Src/main.o
                0x00000000200004e8                targetDist
 .bss.curDistTick
                0x00000000200004ec        0x2 ./Core/Src/main.o
                0x00000000200004ec                curDistTick
 .bss.targetDistTick
                0x00000000200004ee        0x2 ./Core/Src/main.o
                0x00000000200004ee                targetDistTick
 .bss.dist_dL   0x00000000200004f0        0x2 ./Core/Src/main.o
                0x00000000200004f0                dist_dL
 .bss.lastDistTick_L
                0x00000000200004f2        0x2 ./Core/Src/main.o
                0x00000000200004f2                lastDistTick_L
 .bss.pidSlow   0x00000000200004f4       0x14 ./Core/Src/main.o
                0x00000000200004f4                pidSlow
 .bss.pidTSlow  0x0000000020000508       0x14 ./Core/Src/main.o
                0x0000000020000508                pidTSlow
 .bss.pidFast   0x000000002000051c       0x14 ./Core/Src/main.o
                0x000000002000051c                pidFast
 .bss.obsDist_US
                0x0000000020000530        0x4 ./Core/Src/main.o
                0x0000000020000530                obsDist_US
 .bss.IC_Val1   0x0000000020000534        0x4 ./Core/Src/main.o
                0x0000000020000534                IC_Val1
 .bss.IC_Val2   0x0000000020000538        0x4 ./Core/Src/main.o
                0x0000000020000538                IC_Val2
 .bss.Is_First_Captured
                0x000000002000053c        0x1 ./Core/Src/main.o
                0x000000002000053c                Is_First_Captured
 *fill*         0x000000002000053d        0x3 
 .bss.clickOnce
                0x0000000020000540        0x4 ./Core/Src/main.o
                0x0000000020000540                clickOnce
 .bss.correction
                0x0000000020000544        0x4 ./Core/Src/main.o
                0x0000000020000544                correction
 .bss.htim4     0x0000000020000548       0x48 ./Core/Src/stm32f4xx_hal_timebase_tim.o
                0x0000000020000548                htim4
 .bss.__sbrk_heap_end
                0x0000000020000590        0x4 ./Core/Src/sysmem.o
 .bss.uwTick    0x0000000020000594        0x4 ./Drivers/STM32F4xx_HAL_Driver/Src/stm32f4xx_hal.o
                0x0000000020000594                uwTick
 .bss.KernelState
                0x0000000020000598        0x4 ./Middlewares/Third_Party/FreeRTOS/Source/CMSIS_RTOS_V2/cmsis_os2.o
 .bss.Idle_TCB.3
                0x000000002000059c       0x5c ./Middlewares/Third_Party/FreeRTOS/Source/CMSIS_RTOS_V2/cmsis_os2.o
 .bss.Idle_Stack.2
                0x00000000200005f8      0x200 ./Middlewares/Third_Party/FreeRTOS/Source/CMSIS_RTOS_V2/cmsis_os2.o
 .bss.Timer_TCB.1
                0x00000000200007f8       0x5c ./Middlewares/Third_Party/FreeRTOS/Source/CMSIS_RTOS_V2/cmsis_os2.o
 .bss.Timer_Stack.0
                0x0000000020000854      0x400 ./Middlewares/Third_Party/FreeRTOS/Source/CMSIS_RTOS_V2/cmsis_os2.o
 .bss.xQueueRegistry
                0x0000000020000c54       0x40 ./Middlewares/Third_Party/FreeRTOS/Source/queue.o
                0x0000000020000c54                xQueueRegistry
 .bss.pxCurrentTCB
                0x0000000020000c94        0x4 ./Middlewares/Third_Party/FreeRTOS/Source/tasks.o
                0x0000000020000c94                pxCurrentTCB
 .bss.pxReadyTasksLists
                0x0000000020000c98      0x460 ./Middlewares/Third_Party/FreeRTOS/Source/tasks.o
 .bss.xDelayedTaskList1
                0x00000000200010f8       0x14 ./Middlewares/Third_Party/FreeRTOS/Source/tasks.o
 .bss.xDelayedTaskList2
                0x000000002000110c       0x14 ./Middlewares/Third_Party/FreeRTOS/Source/tasks.o
 .bss.pxDelayedTaskList
                0x0000000020001120        0x4 ./Middlewares/Third_Party/FreeRTOS/Source/tasks.o
 .bss.pxOverflowDelayedTaskList
                0x0000000020001124        0x4 ./Middlewares/Third_Party/FreeRTOS/Source/tasks.o
 .bss.xPendingReadyList
                0x0000000020001128       0x14 ./Middlewares/Third_Party/FreeRTOS/Source/tasks.o
 .bss.xTasksWaitingTermination
                0x000000002000113c       0x14 ./Middlewares/Third_Party/FreeRTOS/Source/tasks.o
 .bss.uxDeletedTasksWaitingCleanUp
                0x0000000020001150        0x4 ./Middlewares/Third_Party/FreeRTOS/Source/tasks.o
 .bss.xSuspendedTaskList
                0x0000000020001154       0x14 ./Middlewares/Third_Party/FreeRTOS/Source/tasks.o
 .bss.uxCurrentNumberOfTasks
                0x0000000020001168        0x4 ./Middlewares/Third_Party/FreeRTOS/Source/tasks.o
 .bss.xTickCount
                0x000000002000116c        0x4 ./Middlewares/Third_Party/FreeRTOS/Source/tasks.o
 .bss.uxTopReadyPriority
                0x0000000020001170        0x4 ./Middlewares/Third_Party/FreeRTOS/Source/tasks.o
 .bss.xSchedulerRunning
                0x0000000020001174        0x4 ./Middlewares/Third_Party/FreeRTOS/Source/tasks.o
 .bss.xPendedTicks
                0x0000000020001178        0x4 ./Middlewares/Third_Party/FreeRTOS/Source/tasks.o
 .bss.xYieldPending
                0x000000002000117c        0x4 ./Middlewares/Third_Party/FreeRTOS/Source/tasks.o
 .bss.xNumOfOverflows
                0x0000000020001180        0x4 ./Middlewares/Third_Party/FreeRTOS/Source/tasks.o
 .bss.uxTaskNumber
                0x0000000020001184        0x4 ./Middlewares/Third_Party/FreeRTOS/Source/tasks.o
 .bss.xNextTaskUnblockTime
                0x0000000020001188        0x4 ./Middlewares/Third_Party/FreeRTOS/Source/tasks.o
 .bss.xIdleTaskHandle
                0x000000002000118c        0x4 ./Middlewares/Third_Party/FreeRTOS/Source/tasks.o
 .bss.uxSchedulerSuspended
                0x0000000020001190        0x4 ./Middlewares/Third_Party/FreeRTOS/Source/tasks.o
 .bss.xActiveTimerList1
                0x0000000020001194       0x14 ./Middlewares/Third_Party/FreeRTOS/Source/timers.o
 .bss.xActiveTimerList2
                0x00000000200011a8       0x14 ./Middlewares/Third_Party/FreeRTOS/Source/timers.o
 .bss.pxCurrentTimerList
                0x00000000200011bc        0x4 ./Middlewares/Third_Party/FreeRTOS/Source/timers.o
 .bss.pxOverflowTimerList
                0x00000000200011c0        0x4 ./Middlewares/Third_Party/FreeRTOS/Source/timers.o
 .bss.xTimerQueue
                0x00000000200011c4        0x4 ./Middlewares/Third_Party/FreeRTOS/Source/timers.o
 .bss.xTimerTaskHandle
                0x00000000200011c8        0x4 ./Middlewares/Third_Party/FreeRTOS/Source/timers.o
 .bss.xLastTime.2
                0x00000000200011cc        0x4 ./Middlewares/Third_Party/FreeRTOS/Source/timers.o
 .bss.ucStaticTimerQueueStorage.1
                0x00000000200011d0       0xa0 ./Middlewares/Third_Party/FreeRTOS/Source/timers.o
 .bss.xStaticTimerQueue.0
                0x0000000020001270       0x50 ./Middlewares/Third_Party/FreeRTOS/Source/timers.o
 .bss.ucMaxSysCallPriority
                0x00000000200012c0        0x1 ./Middlewares/Third_Party/FreeRTOS/Source/portable/GCC/ARM_CM4F/port.o
 *fill*         0x00000000200012c1        0x3 
 .bss.ulMaxPRIGROUPValue
                0x00000000200012c4        0x4 ./Middlewares/Third_Party/FreeRTOS/Source/portable/GCC/ARM_CM4F/port.o
 .bss.ucHeap    0x00000000200012c8     0x3c00 ./Middlewares/Third_Party/FreeRTOS/Source/portable/MemMang/heap_4.o
 .bss.xStart    0x0000000020004ec8        0x8 ./Middlewares/Third_Party/FreeRTOS/Source/portable/MemMang/heap_4.o
 .bss.pxEnd     0x0000000020004ed0        0x4 ./Middlewares/Third_Party/FreeRTOS/Source/portable/MemMang/heap_4.o
 .bss.xFreeBytesRemaining
                0x0000000020004ed4        0x4 ./Middlewares/Third_Party/FreeRTOS/Source/portable/MemMang/heap_4.o
 .bss.xMinimumEverFreeBytesRemaining
                0x0000000020004ed8        0x4 ./Middlewares/Third_Party/FreeRTOS/Source/portable/MemMang/heap_4.o
 .bss.xNumberOfSuccessfulAllocations
                0x0000000020004edc        0x4 ./Middlewares/Third_Party/FreeRTOS/Source/portable/MemMang/heap_4.o
 .bss.xNumberOfSuccessfulFrees
                0x0000000020004ee0        0x4 ./Middlewares/Third_Party/FreeRTOS/Source/portable/MemMang/heap_4.o
 .bss.xBlockAllocatedBit
                0x0000000020004ee4        0x4 ./Middlewares/Third_Party/FreeRTOS/Source/portable/MemMang/heap_4.o
 .bss.OLED_GRAM
                0x0000000020004ee8      0x400 ./PeripheralDriver/Src/oled.o
                0x0000000020004ee8                OLED_GRAM
 .bss.__sf      0x00000000200052e8      0x138 /Applications/STM32CubeIDE.app/Contents/Eclipse/plugins/com.st.stm32cube.ide.mcu.externaltools.gnu-tools-for-stm32.11.3.rel1.macos64_1.1.0.202305231506/tools/bin/../lib/gcc/arm-none-eabi/11.3.1/../../../../arm-none-eabi/lib/thumb/v7e-m+fp/hard/libc_nano.a(libc_a-findfp.o)
                0x00000000200052e8                __sf
 .bss.__lock___malloc_recursive_mutex
                0x0000000020005420        0x1 /Applications/STM32CubeIDE.app/Contents/Eclipse/plugins/com.st.stm32cube.ide.mcu.externaltools.gnu-tools-for-stm32.11.3.rel1.macos64_1.1.0.202305231506/tools/bin/../lib/gcc/arm-none-eabi/11.3.1/../../../../arm-none-eabi/lib/thumb/v7e-m+fp/hard/libc_nano.a(libc_a-lock.o)
                0x0000000020005420                __lock___malloc_recursive_mutex
 *fill*         0x0000000020005421        0x3 
 .bss.__malloc_free_list