../Core/Src/main.c:392:5:main	16	static
../Core/Src/main.c:577:6:SystemClock_Config	88	static
../Core/Src/main.c:618:13:MX_ADC1_Init	24	static
../Core/Src/main.c:669:13:MX_ADC2_Init	24	static
../Core/Src/main.c:720:13:MX_I2C1_Init	8	static
../Core/Src/main.c:753:13:MX_TIM1_Init	96	static
../Core/Src/main.c:826:13:MX_TIM2_Init	56	static
../Core/Src/main.c:874:13:MX_TIM3_Init	48	static
../Core/Src/main.c:931:13:MX_TIM6_Init	16	static
../Core/Src/main.c:968:13:MX_TIM8_Init	96	static
../Core/Src/main.c:1045:13:MX_USART3_UART_Init	8	static
../Core/Src/main.c:1077:13:MX_GPIO_Init	48	static
../Core/Src/main.c:1123:6:HAL_TIM_IC_CaptureCallback	16	static
../Core/Src/main.c:1165:6:HAL_UART_RxCpltCallback	24	static
../Core/Src/main.c:1286:6:PIDConfigInit	24	static
../Core/Src/main.c:1295:6:PIDConfigReset	16	static
../Core/Src/main.c:1301:6:HCSR04_Read	8	static
../Core/Src/main.c:1315:6:StraightLineMove	32	static
../Core/Src/main.c:1339:6:RobotMoveDist	24	static
../Core/Src/main.c:1390:6:RobotMoveTick	24	static
../Core/Src/main.c:1434:6:StraightLineMoveSpeedScale	32	static
../Core/Src/main.c:1447:6:RobotTurn	40	static
../Core/Src/main.c:1467:6:RobotTurnFastest	40	static
../Core/Src/main.c:1489:6:RobotMoveDistObstacle	16	static
../Core/Src/main.c:1538:6:RobotMoveDistObstacleMem	24	static
../Core/Src/main.c:1589:6:RobotMoveUntilIROvershoot	24	static
../Core/Src/main.c:1648:6:RobotMoveUntilIRCloseDist	24	static
../Core/Src/main.c:1711:6:runEncoder	16	static
../Core/Src/main.c:1767:6:runOledTask	24	static
../Core/Src/main.c:1834:6:runFWTask	16	static
../Core/Src/main.c:1921:6:runBWTask	16	static
../Core/Src/main.c:2003:6:runFLTask	16	static
../Core/Src/main.c:2062:6:runFRTask	16	static
../Core/Src/main.c:2123:6:runBLTask	16	static
../Core/Src/main.c:2193:6:runBRTask	16	static
../Core/Src/main.c:2263:6:runCmdTask	16	static
../Core/Src/main.c:2401:6:runMoveDistObsTask	16	static
../Core/Src/main.c:2438:6:runTurnATask	24	static
../Core/Src/main.c:2556:6:runTurnIRTask	16	static
../Core/Src/main.c:2599:6:runTurnIRClose	16	static
../Core/Src/main.c:2642:6:runTDTask	24	static
../Core/Src/main.c:2683:6:HAL_TIM_PeriodElapsedCallback	16	static
../Core/Src/main.c:2701:6:Error_Handler	4	static,ignoring_inline_asm
