../Core/Src/main.c:392:5:main	16	static
../Core/Src/main.c:576:6:SystemClock_Config	88	static
../Core/Src/main.c:617:13:MX_ADC1_Init	24	static
../Core/Src/main.c:668:13:MX_ADC2_Init	24	static
../Core/Src/main.c:719:13:MX_I2C1_Init	8	static
../Core/Src/main.c:752:13:MX_TIM1_Init	96	static
../Core/Src/main.c:825:13:MX_TIM2_Init	56	static
../Core/Src/main.c:873:13:MX_TIM3_Init	48	static
../Core/Src/main.c:930:13:MX_TIM6_Init	16	static
../Core/Src/main.c:967:13:MX_TIM8_Init	96	static
../Core/Src/main.c:1044:13:MX_USART3_UART_Init	8	static
../Core/Src/main.c:1076:13:MX_GPIO_Init	48	static
../Core/Src/main.c:1122:6:HAL_TIM_IC_CaptureCallback	16	static
../Core/Src/main.c:1159:6:HAL_UART_RxCpltCallback	24	static
../Core/Src/main.c:1286:6:PIDConfigInit	24	static
../Core/Src/main.c:1295:6:PIDConfigReset	16	static
../Core/Src/main.c:1301:6:HCSR04_Read	8	static
../Core/Src/main.c:1315:6:StraightMovement	32	static
../Core/Src/main.c:1341:6:RobotMoveDistance	24	static
../Core/Src/main.c:1393:6:RobotMoveTick	24	static
../Core/Src/main.c:1438:6:StraightMovementWithSpeedScale	32	static
../Core/Src/main.c:1453:6:RobotTurn	40	static
../Core/Src/main.c:1475:6:RobotMoveDistanceObstacle	24	static
../Core/Src/main.c:1555:6:RobotMoveUntilIROvershoot	24	static
../Core/Src/main.c:1615:6:RobotMoveUntilIRCloseDist	16	static
../Core/Src/main.c:1664:6:RobotTurnFC45	8	static
../Core/Src/main.c:1674:6:RobotTurnFC90	8	static
../Core/Src/main.c:1684:6:RobotTurnFC180	8	static
../Core/Src/main.c:1695:6:RobotTurnFA45	8	static
../Core/Src/main.c:1705:6:RobotTurnFA90	8	static
../Core/Src/main.c:1715:6:RobotTurnFA180	8	static
../Core/Src/main.c:1727:6:RobotTurnFR30	8	static
../Core/Src/main.c:1736:6:RobotTurnFL30	8	static
../Core/Src/main.c:1747:6:RobotTurnFL00	8	static
../Core/Src/main.c:1757:6:RobotTurnFR00	8	static
../Core/Src/main.c:1776:6:runEncoder	16	static
../Core/Src/main.c:1795:6:runOledTask	24	static
../Core/Src/main.c:1862:6:runFWTask	16	static
../Core/Src/main.c:1948:6:runBWTask	16	static
../Core/Src/main.c:2029:6:runFLTask	16	static
../Core/Src/main.c:2080:6:runFRTask	16	static
../Core/Src/main.c:2131:6:runBLTask	16	static
../Core/Src/main.c:2183:6:runBRTask	16	static
../Core/Src/main.c:2235:6:runCmdTask	16	static
../Core/Src/main.c:2387:6:runMoveDistObsTask	16	static
../Core/Src/main.c:2423:6:runTurnATask	16	static
../Core/Src/main.c:2518:6:runTurnBTask	16	static
../Core/Src/main.c:2717:6:runGHTask	16	static
../Core/Src/main.c:2812:6:runAMTask	24	static
../Core/Src/main.c:2928:6:runDZTask	16	static
../Core/Src/main.c:2963:6:HAL_TIM_PeriodElapsedCallback	16	static
../Core/Src/main.c:2981:6:Error_Handler	4	static,ignoring_inline_asm
