../Core/Src/main.c:338:5:main	16	static
../Core/Src/main.c:499:6:SystemClock_Config	88	static
../Core/Src/main.c:540:13:MX_I2C1_Init	8	static
../Core/Src/main.c:573:13:MX_TIM1_Init	96	static
../Core/Src/main.c:646:13:MX_TIM2_Init	56	static
../Core/Src/main.c:694:13:MX_TIM8_Init	96	static
../Core/Src/main.c:771:13:MX_USART3_UART_Init	8	static
../Core/Src/main.c:803:13:MX_GPIO_Init	48	static
../Core/Src/main.c:843:6:HAL_UART_RxCpltCallback	16	static
../Core/Src/main.c:850:6:PIDConfigInit	24	static
../Core/Src/main.c:859:6:PIDConfigReset	16	static
../Core/Src/main.c:868:6:StraightLineMove	32	static
../Core/Src/main.c:883:6:StraightLineMoveDist	24	static
../Core/Src/main.c:891:6:RobotMoveDist	24	static
../Core/Src/main.c:935:6:StraightLineMoveSpeedScale	32	static
../Core/Src/main.c:948:6:getAngle	64	static
../Core/Src/main.c:991:6:runEncoder	64	static
../Core/Src/main.c:1057:6:runOledTask	16	static
../Core/Src/main.c:1084:6:runFWTask	24	static
../Core/Src/main.c:1135:6:runBWTask	24	static
../Core/Src/main.c:1168:6:runFLTask	24	static
../Core/Src/main.c:1200:6:runFRTask	24	static
../Core/Src/main.c:1232:6:runBLTask	24	static
../Core/Src/main.c:1264:6:runBRTask	24	static
../Core/Src/main.c:1296:6:runADCTask	16	static
../Core/Src/main.c:1314:6:runMoveDistTask	16	static
../Core/Src/main.c:1373:6:runCmdTask	16	static
../Core/Src/main.c:1481:6:HAL_TIM_PeriodElapsedCallback	16	static
../Core/Src/main.c:1499:6:Error_Handler	4	static,ignoring_inline_asm
