../Core/Src/main.c:390:5:main	16	static
../Core/Src/main.c:575:6:SystemClock_Config	88	static
../Core/Src/main.c:616:13:MX_ADC1_Init	24	static
../Core/Src/main.c:667:13:MX_ADC2_Init	24	static
../Core/Src/main.c:718:13:MX_I2C1_Init	8	static
../Core/Src/main.c:751:13:MX_TIM1_Init	96	static
../Core/Src/main.c:824:13:MX_TIM2_Init	56	static
../Core/Src/main.c:872:13:MX_TIM3_Init	48	static
../Core/Src/main.c:929:13:MX_TIM6_Init	16	static
../Core/Src/main.c:966:13:MX_TIM8_Init	96	static
../Core/Src/main.c:1043:13:MX_USART3_UART_Init	8	static
../Core/Src/main.c:1075:13:MX_GPIO_Init	48	static
../Core/Src/main.c:1121:6:HAL_TIM_IC_CaptureCallback	16	static
../Core/Src/main.c:1163:6:HAL_UART_RxCpltCallback	24	static
../Core/Src/main.c:1284:6:PIDConfigInit	24	static
../Core/Src/main.c:1293:6:PIDConfigReset	16	static
../Core/Src/main.c:1299:6:HCSR04_Read	8	static
../Core/Src/main.c:1313:6:StraightLineMove	32	static
../Core/Src/main.c:1337:6:RobotMoveDist	24	static
../Core/Src/main.c:1388:6:RobotMoveTick	24	static
../Core/Src/main.c:1432:6:StraightLineMoveSpeedScale	32	static
../Core/Src/main.c:1445:6:RobotTurn	40	static
../Core/Src/main.c:1465:6:RobotTurnFastest	40	static
../Core/Src/main.c:1487:6:RobotMoveDistObstacle	16	static
../Core/Src/main.c:1536:6:RobotMoveDistObstacleMem	24	static
../Core/Src/main.c:1587:6:RobotMoveUntilIROvershoot	24	static
../Core/Src/main.c:1646:6:RobotMoveUntilIRCloseDist	24	static
../Core/Src/main.c:1709:6:runEncoder	16	static
../Core/Src/main.c:1765:6:runOledTask	24	static
../Core/Src/main.c:1832:6:runFWTask	16	static
../Core/Src/main.c:1919:6:runBWTask	16	static
../Core/Src/main.c:2001:6:runFLTask	16	static
../Core/Src/main.c:2060:6:runFRTask	16	static
../Core/Src/main.c:2121:6:runBLTask	16	static
../Core/Src/main.c:2191:6:runBRTask	16	static
../Core/Src/main.c:2261:6:runCmdTask	16	static
../Core/Src/main.c:2399:6:runMoveDistObsTask	16	static
../Core/Src/main.c:2436:6:runTurnATask	16	static
../Core/Src/main.c:2536:6:runTurnIRTask	16	static
../Core/Src/main.c:2579:6:runTurnIRClose	16	static
../Core/Src/main.c:2622:6:runTDTask	24	static
../Core/Src/main.c:2663:6:HAL_TIM_PeriodElapsedCallback	16	static
../Core/Src/main.c:2681:6:Error_Handler	4	static,ignoring_inline_asm
