../Core/Src/main.c:339:5:main	16	static
../Core/Src/main.c:502:6:SystemClock_Config	88	static
../Core/Src/main.c:543:13:MX_I2C1_Init	8	static
../Core/Src/main.c:576:13:MX_TIM1_Init	96	static
../Core/Src/main.c:649:13:MX_TIM2_Init	56	static
../Core/Src/main.c:697:13:MX_TIM8_Init	96	static
../Core/Src/main.c:774:13:MX_USART3_UART_Init	8	static
../Core/Src/main.c:806:13:MX_GPIO_Init	48	static
../Core/Src/main.c:846:6:HAL_UART_RxCpltCallback	16	static
../Core/Src/main.c:855:6:PIDConfigInit	24	static
../Core/Src/main.c:864:6:PIDConfigReset	16	static
../Core/Src/main.c:873:6:StraightLineMove	32	static
../Core/Src/main.c:890:6:RobotMoveDist	24	static
../Core/Src/main.c:941:6:StraightLineMoveSpeedScale	32	static
../Core/Src/main.c:954:6:RobotTurn	40	static
../Core/Src/main.c:974:6:getAngle	64	static
../Core/Src/main.c:1017:6:runEncoder	64	static
../Core/Src/main.c:1083:6:runOledTask	16	static
../Core/Src/main.c:1113:6:runFWTask	24	static
../Core/Src/main.c:1159:6:runBWTask	24	static
../Core/Src/main.c:1188:6:runFLTask	16	static
../Core/Src/main.c:1251:6:runFRTask	24	static
../Core/Src/main.c:1280:6:runBLTask	24	static
../Core/Src/main.c:1309:6:runBRTask	24	static
../Core/Src/main.c:1341:6:runADCTask	16	static
../Core/Src/main.c:1359:6:runMoveDistTask	16	static
../Core/Src/main.c:1418:6:runCmdTask	16	static
../Core/Src/main.c:1526:6:HAL_TIM_PeriodElapsedCallback	16	static
../Core/Src/main.c:1544:6:Error_Handler	4	static,ignoring_inline_asm
