../Core/Src/main.c:419:5:main	16	static
../Core/Src/main.c:607:6:SystemClock_Config	88	static
../Core/Src/main.c:648:13:MX_ADC1_Init	24	static
../Core/Src/main.c:699:13:MX_ADC2_Init	24	static
../Core/Src/main.c:750:13:MX_I2C1_Init	8	static
../Core/Src/main.c:783:13:MX_TIM1_Init	96	static
../Core/Src/main.c:856:13:MX_TIM2_Init	56	static
../Core/Src/main.c:904:13:MX_TIM3_Init	48	static
../Core/Src/main.c:961:13:MX_TIM6_Init	16	static
../Core/Src/main.c:998:13:MX_TIM8_Init	96	static
../Core/Src/main.c:1075:13:MX_USART3_UART_Init	8	static
../Core/Src/main.c:1107:13:MX_GPIO_Init	48	static
../Core/Src/main.c:1153:6:HAL_TIM_IC_CaptureCallback	16	static
../Core/Src/main.c:1195:6:HAL_UART_RxCpltCallback	24	static
../Core/Src/main.c:1322:6:PIDConfigInit	24	static
../Core/Src/main.c:1331:6:PIDConfigReset	16	static
../Core/Src/main.c:1337:6:HCSR04_Read	8	static
../Core/Src/main.c:1351:6:StraightLineMove	32	static
../Core/Src/main.c:1375:6:RobotMoveDist	24	static
../Core/Src/main.c:1426:6:RobotMoveTick	24	static
../Core/Src/main.c:1470:6:StraightLineMoveSpeedScale	32	static
../Core/Src/main.c:1483:6:RobotTurn	40	static
../Core/Src/main.c:1503:6:RobotTurnFastest	40	static
../Core/Src/main.c:1525:6:RobotMoveDistObstacle	24	static
../Core/Src/main.c:1587:6:RobotMoveDistObstacleMem	24	static
../Core/Src/main.c:1638:6:RobotMoveUntilIROvershoot	24	static
../Core/Src/main.c:1697:6:RobotMoveUntilIRCloseDist	24	static
../Core/Src/main.c:1752:6:RobotTurnFC45	8	static
../Core/Src/main.c:1762:6:RobotTurnFC90	8	static
../Core/Src/main.c:1772:6:RobotTurnFC180	8	static
../Core/Src/main.c:1783:6:RobotTurnFA45	8	static
../Core/Src/main.c:1793:6:RobotTurnFA90	8	static
../Core/Src/main.c:1803:6:RobotTurnFA180	8	static
../Core/Src/main.c:1815:6:RobotTurnFR30	8	static
../Core/Src/main.c:1824:6:RobotTurnFL30	8	static
../Core/Src/main.c:1843:6:runEncoder	16	static
../Core/Src/main.c:1899:6:runOledTask	24	static
../Core/Src/main.c:1966:6:runFWTask	16	static
../Core/Src/main.c:2053:6:runBWTask	16	static
../Core/Src/main.c:2135:6:runFLTask	16	static
../Core/Src/main.c:2194:6:runFRTask	16	static
../Core/Src/main.c:2255:6:runBLTask	16	static
../Core/Src/main.c:2325:6:runBRTask	16	static
../Core/Src/main.c:2395:6:runCmdTask	16	static
../Core/Src/main.c:2550:6:runMoveDistObsTask	16	static
../Core/Src/main.c:2587:6:runTurnATask	16	static
../Core/Src/main.c:2655:6:runTDTask	24	static
../Core/Src/main.c:2695:6:runTurnBTask	16	static
../Core/Src/main.c:2812:6:runGHTask	16	static
../Core/Src/main.c:2878:6:runAMTask	24	static
../Core/Src/main.c:2955:6:HAL_TIM_PeriodElapsedCallback	16	static
../Core/Src/main.c:2973:6:Error_Handler	4	static,ignoring_inline_asm
