../Core/Src/main.c:357:5:main	16	static
../Core/Src/main.c:536:6:SystemClock_Config	88	static
../Core/Src/main.c:577:13:MX_ADC1_Init	24	static
../Core/Src/main.c:628:13:MX_ADC2_Init	24	static
../Core/Src/main.c:679:13:MX_I2C1_Init	8	static
../Core/Src/main.c:712:13:MX_TIM1_Init	96	static
../Core/Src/main.c:785:13:MX_TIM2_Init	56	static
../Core/Src/main.c:833:13:MX_TIM3_Init	48	static
../Core/Src/main.c:890:13:MX_TIM6_Init	16	static
../Core/Src/main.c:927:13:MX_TIM8_Init	96	static
../Core/Src/main.c:1004:13:MX_USART3_UART_Init	8	static
../Core/Src/main.c:1036:13:MX_GPIO_Init	48	static
../Core/Src/main.c:1082:6:HAL_TIM_IC_CaptureCallback	16	static
../Core/Src/main.c:1124:6:HAL_UART_RxCpltCallback	24	static
../Core/Src/main.c:1245:6:PIDConfigInit	24	static
../Core/Src/main.c:1254:6:PIDConfigReset	16	static
../Core/Src/main.c:1260:6:HCSR04_Read	8	static
../Core/Src/main.c:1274:6:StraightLineMove	32	static
../Core/Src/main.c:1291:6:RobotMoveDist	24	static
../Core/Src/main.c:1344:6:StraightLineMoveSpeedScale	32	static
../Core/Src/main.c:1357:6:RobotTurn	40	static
../Core/Src/main.c:1377:6:RobotTurnFastest	40	static
../Core/Src/main.c:1399:6:RobotMoveDistObstacle	16	static
../Core/Src/main.c:1457:6:runEncoder	16	static
../Core/Src/main.c:1527:6:runOledTask	16	static
../Core/Src/main.c:1579:6:runFWTask	16	static
../Core/Src/main.c:1667:6:runBWTask	16	static
../Core/Src/main.c:1756:6:runFLTask	16	static
../Core/Src/main.c:1829:6:runFRTask	16	static
../Core/Src/main.c:1898:6:runBLTask	16	static
../Core/Src/main.c:1968:6:runBRTask	16	static
../Core/Src/main.c:2038:6:runADCTask	16	static
../Core/Src/main.c:2083:6:runCmdTask	16	static
../Core/Src/main.c:2221:6:runMoveDistObsTask	16	static
../Core/Src/main.c:2258:6:runNavArdObsTask	16	static
../Core/Src/main.c:2277:6:HAL_TIM_PeriodElapsedCallback	16	static
../Core/Src/main.c:2295:6:Error_Handler	4	static,ignoring_inline_asm
