../Core/Src/main.c:407:5:main	16	static
../Core/Src/main.c:587:6:SystemClock_Config	88	static
../Core/Src/main.c:628:13:MX_ADC1_Init	24	static
../Core/Src/main.c:679:13:MX_ADC2_Init	24	static
../Core/Src/main.c:730:13:MX_I2C1_Init	8	static
../Core/Src/main.c:763:13:MX_TIM1_Init	96	static
../Core/Src/main.c:836:13:MX_TIM2_Init	56	static
../Core/Src/main.c:884:13:MX_TIM3_Init	48	static
../Core/Src/main.c:941:13:MX_TIM6_Init	16	static
../Core/Src/main.c:978:13:MX_TIM8_Init	96	static
../Core/Src/main.c:1055:13:MX_USART3_UART_Init	8	static
../Core/Src/main.c:1087:13:MX_GPIO_Init	48	static
../Core/Src/main.c:1133:6:HAL_TIM_IC_CaptureCallback	16	static
../Core/Src/main.c:1175:6:HAL_UART_RxCpltCallback	24	static
../Core/Src/main.c:1299:6:PIDConfigInit	24	static
../Core/Src/main.c:1308:6:PIDConfigReset	16	static
../Core/Src/main.c:1314:6:HCSR04_Read	8	static
../Core/Src/main.c:1328:6:StraightLineMove	32	static
../Core/Src/main.c:1352:6:RobotMoveDist	24	static
../Core/Src/main.c:1403:6:RobotMoveTick	24	static
../Core/Src/main.c:1447:6:StraightLineMoveSpeedScale	32	static
../Core/Src/main.c:1460:6:RobotTurn	40	static
../Core/Src/main.c:1482:6:RobotMoveDistObstacle	24	static
../Core/Src/main.c:1547:6:RobotMoveUntilIROvershoot	24	static
../Core/Src/main.c:1606:6:RobotMoveUntilIRCloseDist	16	static
../Core/Src/main.c:1654:6:RobotTurnFC45	8	static
../Core/Src/main.c:1664:6:RobotTurnFC90	8	static
../Core/Src/main.c:1674:6:RobotTurnFC180	8	static
../Core/Src/main.c:1685:6:RobotTurnFA45	8	static
../Core/Src/main.c:1695:6:RobotTurnFA90	8	static
../Core/Src/main.c:1705:6:RobotTurnFA180	8	static
../Core/Src/main.c:1717:6:RobotTurnFR30	8	static
../Core/Src/main.c:1726:6:RobotTurnFL30	8	static
../Core/Src/main.c:1737:6:RobotTurnFL00	8	static
../Core/Src/main.c:1747:6:RobotTurnFR00	8	static
../Core/Src/main.c:1766:6:runEncoder	16	static
../Core/Src/main.c:1785:6:runOledTask	24	static
../Core/Src/main.c:1852:6:runFWTask	16	static
../Core/Src/main.c:1939:6:runBWTask	16	static
../Core/Src/main.c:2021:6:runFLTask	16	static
../Core/Src/main.c:2073:6:runFRTask	16	static
../Core/Src/main.c:2124:6:runBLTask	16	static
../Core/Src/main.c:2177:6:runBRTask	16	static
../Core/Src/main.c:2230:6:runCmdTask	16	static
../Core/Src/main.c:2378:6:runMoveDistObsTask	16	static
../Core/Src/main.c:2415:6:runTurnATask	16	static
../Core/Src/main.c:2515:6:runTurnBTask	16	static
../Core/Src/main.c:2715:6:runGHTask	16	static
../Core/Src/main.c:2810:6:runAMTask	24	static
../Core/Src/main.c:2927:6:HAL_TIM_PeriodElapsedCallback	16	static
../Core/Src/main.c:2945:6:Error_Handler	4	static,ignoring_inline_asm
