../Core/Src/main.c:331:5:main	16	static
../Core/Src/main.c:495:6:SystemClock_Config	88	static
../Core/Src/main.c:537:13:MX_I2C1_Init	8	static
../Core/Src/main.c:571:13:MX_TIM1_Init	112	static
../Core/Src/main.c:658:13:MX_TIM2_Init	56	static
../Core/Src/main.c:707:13:MX_TIM8_Init	96	static
../Core/Src/main.c:785:13:MX_USART3_UART_Init	8	static
../Core/Src/main.c:818:13:MX_GPIO_Init	48	static
../Core/Src/main.c:877:6:HAL_TIM_IC_CaptureCallback	16	static
../Core/Src/main.c:919:6:HAL_UART_RxCpltCallback	24	static
../Core/Src/main.c:1035:6:PIDConfigInit	24	static
../Core/Src/main.c:1044:6:PIDConfigReset	16	static
../Core/Src/main.c:1050:6:HCSR04_Read	8	static
../Core/Src/main.c:1062:6:StraightLineMove	32	static
../Core/Src/main.c:1079:6:RobotMoveDist	24	static
../Core/Src/main.c:1127:6:StraightLineMoveSpeedScale	32	static
../Core/Src/main.c:1140:6:RobotTurn	40	static
../Core/Src/main.c:1169:6:runEncoder	64	static
../Core/Src/main.c:1235:6:runOledTask	24	static
../Core/Src/main.c:1271:6:runFWTask	16	static
../Core/Src/main.c:1356:6:runBWTask	16	static
../Core/Src/main.c:1437:6:runFLTask	16	static
../Core/Src/main.c:1498:6:runFRTask	16	static
../Core/Src/main.c:1516:6:runBLTask	16	static
../Core/Src/main.c:1573:6:runBRTask	16	static
../Core/Src/main.c:1630:6:runADCTask	16	static
../Core/Src/main.c:1673:6:runCmdTask	16	static
../Core/Src/main.c:1781:6:HAL_TIM_PeriodElapsedCallback	16	static
../Core/Src/main.c:1798:6:Error_Handler	4	static,ignoring_inline_asm
