../Core/Src/main.c:350:5:main	16	static
../Core/Src/main.c:526:6:SystemClock_Config	88	static
../Core/Src/main.c:567:13:MX_ADC1_Init	24	static
../Core/Src/main.c:618:13:MX_ADC2_Init	24	static
../Core/Src/main.c:669:13:MX_I2C1_Init	8	static
../Core/Src/main.c:702:13:MX_TIM1_Init	96	static
../Core/Src/main.c:775:13:MX_TIM2_Init	56	static
../Core/Src/main.c:823:13:MX_TIM3_Init	48	static
../Core/Src/main.c:880:13:MX_TIM6_Init	16	static
../Core/Src/main.c:917:13:MX_TIM8_Init	96	static
../Core/Src/main.c:994:13:MX_USART3_UART_Init	8	static
../Core/Src/main.c:1026:13:MX_GPIO_Init	48	static
../Core/Src/main.c:1072:6:HAL_TIM_IC_CaptureCallback	16	static
../Core/Src/main.c:1114:6:HAL_UART_RxCpltCallback	24	static
../Core/Src/main.c:1236:6:PIDConfigInit	24	static
../Core/Src/main.c:1245:6:PIDConfigReset	16	static
../Core/Src/main.c:1251:6:HCSR04_Read	8	static
../Core/Src/main.c:1265:6:StraightLineMove	32	static
../Core/Src/main.c:1282:6:RobotMoveDist	24	static
../Core/Src/main.c:1335:6:StraightLineMoveSpeedScale	32	static
../Core/Src/main.c:1348:6:RobotTurn	40	static
../Core/Src/main.c:1368:6:RobotTurnFastest	40	static
../Core/Src/main.c:1390:6:RobotMoveDistObstacle	16	static
../Core/Src/main.c:1448:6:runEncoder	16	static
../Core/Src/main.c:1518:6:runOledTask	16	static
../Core/Src/main.c:1570:6:runFWTask	16	static
../Core/Src/main.c:1658:6:runBWTask	16	static
../Core/Src/main.c:1747:6:runFLTask	16	static
../Core/Src/main.c:1820:6:runFRTask	16	static
../Core/Src/main.c:1889:6:runBLTask	16	static
../Core/Src/main.c:1959:6:runBRTask	16	static
../Core/Src/main.c:2029:6:runCmdTask	16	static
../Core/Src/main.c:2171:6:runMoveDistObsTask	16	static
../Core/Src/main.c:2208:6:runTurnATask	16	static
../Core/Src/main.c:2333:6:HAL_TIM_PeriodElapsedCallback	16	static
../Core/Src/main.c:2351:6:Error_Handler	4	static,ignoring_inline_asm
