../Core/Src/main.c:352:5:main	16	static
../Core/Src/main.c:527:6:SystemClock_Config	88	static
../Core/Src/main.c:568:13:MX_I2C1_Init	8	static
../Core/Src/main.c:601:13:MX_TIM1_Init	96	static
../Core/Src/main.c:674:13:MX_TIM2_Init	56	static
../Core/Src/main.c:722:13:MX_TIM3_Init	48	static
../Core/Src/main.c:779:13:MX_TIM6_Init	16	static
../Core/Src/main.c:816:13:MX_TIM8_Init	96	static
../Core/Src/main.c:893:13:MX_USART3_UART_Init	8	static
../Core/Src/main.c:925:13:MX_GPIO_Init	48	static
../Core/Src/main.c:971:6:HAL_TIM_IC_CaptureCallback	16	static
../Core/Src/main.c:1013:6:HAL_UART_RxCpltCallback	24	static
../Core/Src/main.c:1134:6:PIDConfigInit	24	static
../Core/Src/main.c:1143:6:PIDConfigReset	16	static
../Core/Src/main.c:1149:6:HCSR04_Read	8	static
../Core/Src/main.c:1163:6:StraightLineMove	32	static
../Core/Src/main.c:1180:6:RobotMoveDist	24	static
../Core/Src/main.c:1233:6:StraightLineMoveSpeedScale	32	static
../Core/Src/main.c:1246:6:RobotTurn	40	static
../Core/Src/main.c:1266:6:RobotTurnFastest	40	static
../Core/Src/main.c:1288:6:RobotMoveDistObstacle	16	static
../Core/Src/main.c:1346:6:runEncoder	16	static
../Core/Src/main.c:1416:6:runOledTask	16	static
../Core/Src/main.c:1450:6:runFWTask	16	static
../Core/Src/main.c:1535:6:runBWTask	16	static
../Core/Src/main.c:1621:6:runFLTask	16	static
../Core/Src/main.c:1694:6:runFRTask	16	static
../Core/Src/main.c:1763:6:runBLTask	16	static
../Core/Src/main.c:1833:6:runBRTask	16	static
../Core/Src/main.c:1903:6:runADCTask	16	static
../Core/Src/main.c:1946:6:runCmdTask	16	static
../Core/Src/main.c:2084:6:runMoveDistObsTask	16	static
../Core/Src/main.c:2121:6:runNavArdObsTask	16	static
../Core/Src/main.c:2140:6:HAL_TIM_PeriodElapsedCallback	16	static
../Core/Src/main.c:2158:6:Error_Handler	4	static,ignoring_inline_asm
