../Core/Src/main.c:335:5:main	16	static
../Core/Src/main.c:504:6:SystemClock_Config	88	static
../Core/Src/main.c:545:13:MX_I2C1_Init	8	static
../Core/Src/main.c:578:13:MX_TIM1_Init	96	static
../Core/Src/main.c:651:13:MX_TIM2_Init	56	static
../Core/Src/main.c:699:13:MX_TIM3_Init	48	static
../Core/Src/main.c:756:13:MX_TIM6_Init	16	static
../Core/Src/main.c:793:13:MX_TIM8_Init	96	static
../Core/Src/main.c:870:13:MX_USART3_UART_Init	8	static
../Core/Src/main.c:902:13:MX_GPIO_Init	48	static
../Core/Src/main.c:948:6:HAL_TIM_IC_CaptureCallback	16	static
../Core/Src/main.c:990:6:HAL_UART_RxCpltCallback	24	static
../Core/Src/main.c:1109:6:PIDConfigInit	24	static
../Core/Src/main.c:1118:6:PIDConfigReset	16	static
../Core/Src/main.c:1124:6:HCSR04_Read	8	static
../Core/Src/main.c:1138:6:StraightLineMove	32	static
../Core/Src/main.c:1155:6:RobotMoveDist	24	static
../Core/Src/main.c:1203:6:StraightLineMoveSpeedScale	32	static
../Core/Src/main.c:1216:6:RobotTurn	40	static
../Core/Src/main.c:1245:6:runEncoder	64	static
../Core/Src/main.c:1311:6:runOledTask	24	static
../Core/Src/main.c:1347:6:runFWTask	16	static
../Core/Src/main.c:1432:6:runBWTask	16	static
../Core/Src/main.c:1513:6:runFLTask	16	static
../Core/Src/main.c:1584:6:runFRTask	16	static
../Core/Src/main.c:1651:6:runBLTask	16	static
../Core/Src/main.c:1718:6:runBRTask	16	static
../Core/Src/main.c:1785:6:runADCTask	16	static
../Core/Src/main.c:1828:6:runCmdTask	16	static
../Core/Src/main.c:1936:6:HAL_TIM_PeriodElapsedCallback	16	static
../Core/Src/main.c:1954:6:Error_Handler	4	static,ignoring_inline_asm
