../Core/Src/main.c:366:5:main	16	static
../Core/Src/main.c:545:6:SystemClock_Config	88	static
../Core/Src/main.c:586:13:MX_ADC1_Init	24	static
../Core/Src/main.c:637:13:MX_ADC2_Init	24	static
../Core/Src/main.c:688:13:MX_I2C1_Init	8	static
../Core/Src/main.c:721:13:MX_TIM1_Init	96	static
../Core/Src/main.c:794:13:MX_TIM2_Init	56	static
../Core/Src/main.c:842:13:MX_TIM3_Init	48	static
../Core/Src/main.c:899:13:MX_TIM6_Init	16	static
../Core/Src/main.c:936:13:MX_TIM8_Init	96	static
../Core/Src/main.c:1013:13:MX_USART3_UART_Init	8	static
../Core/Src/main.c:1045:13:MX_GPIO_Init	48	static
../Core/Src/main.c:1091:6:HAL_TIM_IC_CaptureCallback	16	static
../Core/Src/main.c:1133:6:HAL_UART_RxCpltCallback	24	static
../Core/Src/main.c:1249:6:PIDConfigInit	24	static
../Core/Src/main.c:1258:6:PIDConfigReset	16	static
../Core/Src/main.c:1264:6:HCSR04_Read	8	static
../Core/Src/main.c:1278:6:StraightLineMove	32	static
../Core/Src/main.c:1295:6:RobotMoveDist	24	static
../Core/Src/main.c:1348:6:StraightLineMoveSpeedScale	32	static
../Core/Src/main.c:1361:6:RobotTurn	40	static
../Core/Src/main.c:1381:6:RobotTurnFastest	40	static
../Core/Src/main.c:1403:6:RobotMoveDistObstacle	16	static
../Core/Src/main.c:1445:6:RobotMoveUntilIROvershoot	24	static
../Core/Src/main.c:1504:6:runEncoder	16	static
../Core/Src/main.c:1560:6:runOledTask	16	static
../Core/Src/main.c:1619:6:runFWTask	16	static
../Core/Src/main.c:1706:6:runBWTask	16	static
../Core/Src/main.c:1788:6:runFLTask	16	static
../Core/Src/main.c:1847:6:runFRTask	16	static
../Core/Src/main.c:1908:6:runBLTask	16	static
../Core/Src/main.c:1978:6:runBRTask	16	static
../Core/Src/main.c:2048:6:runCmdTask	16	static
../Core/Src/main.c:2177:6:runMoveDistObsTask	16	static
../Core/Src/main.c:2214:6:runTurnATask	16	static
../Core/Src/main.c:2314:6:runTurnIRTask	16	static
../Core/Src/main.c:2358:6:HAL_TIM_PeriodElapsedCallback	16	static
../Core/Src/main.c:2376:6:Error_Handler	4	static,ignoring_inline_asm
