../Core/Src/main.c:333:5:main	16	static
../Core/Src/main.c:499:6:SystemClock_Config	88	static
../Core/Src/main.c:540:13:MX_I2C1_Init	8	static
../Core/Src/main.c:573:13:MX_TIM1_Init	96	static
../Core/Src/main.c:646:13:MX_TIM2_Init	56	static
../Core/Src/main.c:694:13:MX_TIM3_Init	32	static
../Core/Src/main.c:741:13:MX_TIM8_Init	96	static
../Core/Src/main.c:818:13:MX_USART3_UART_Init	8	static
../Core/Src/main.c:850:13:MX_GPIO_Init	48	static
../Core/Src/main.c:902:6:HAL_TIM_IC_CaptureCallback	16	static
../Core/Src/main.c:944:6:HAL_UART_RxCpltCallback	24	static
../Core/Src/main.c:1060:6:PIDConfigInit	24	static
../Core/Src/main.c:1069:6:PIDConfigReset	16	static
../Core/Src/main.c:1075:6:HCSR04_Read	8	static
../Core/Src/main.c:1087:6:StraightLineMove	32	static
../Core/Src/main.c:1104:6:RobotMoveDist	24	static
../Core/Src/main.c:1152:6:StraightLineMoveSpeedScale	32	static
../Core/Src/main.c:1165:6:RobotTurn	40	static
../Core/Src/main.c:1194:6:runEncoder	64	static
../Core/Src/main.c:1260:6:runOledTask	24	static
../Core/Src/main.c:1296:6:runFWTask	16	static
../Core/Src/main.c:1381:6:runBWTask	16	static
../Core/Src/main.c:1462:6:runFLTask	16	static
../Core/Src/main.c:1523:6:runFRTask	16	static
../Core/Src/main.c:1541:6:runBLTask	16	static
../Core/Src/main.c:1598:6:runBRTask	16	static
../Core/Src/main.c:1655:6:runADCTask	16	static
../Core/Src/main.c:1698:6:runCmdTask	16	static
../Core/Src/main.c:1806:6:HAL_TIM_PeriodElapsedCallback	16	static
../Core/Src/main.c:1824:6:Error_Handler	4	static,ignoring_inline_asm
