../Core/Src/main.c:330:5:main	16	static
../Core/Src/main.c:491:6:SystemClock_Config	88	static
../Core/Src/main.c:532:13:MX_I2C1_Init	8	static
../Core/Src/main.c:565:13:MX_TIM1_Init	96	static
../Core/Src/main.c:638:13:MX_TIM2_Init	56	static
../Core/Src/main.c:686:13:MX_TIM8_Init	96	static
../Core/Src/main.c:763:13:MX_USART3_UART_Init	8	static
../Core/Src/main.c:795:13:MX_GPIO_Init	48	static
../Core/Src/main.c:835:6:HAL_UART_RxCpltCallback	16	static
../Core/Src/main.c:843:6:StraightLineMove	32	static
../Core/Src/main.c:877:6:runEncoder	72	static
../Core/Src/main.c:943:6:runOledTask	32	static
../Core/Src/main.c:970:6:runFWTask	24	static
../Core/Src/main.c:1008:6:runBWTask	24	static
../Core/Src/main.c:1041:6:runFLTask	24	static
../Core/Src/main.c:1073:6:runFRTask	24	static
../Core/Src/main.c:1105:6:runBLTask	24	static
../Core/Src/main.c:1137:6:runBRTask	24	static
../Core/Src/main.c:1169:6:runADCTask	16	static
../Core/Src/main.c:1187:6:runMoveDistTask	16	static
../Core/Src/main.c:1205:6:runCmdTask	16	static
../Core/Src/main.c:1313:6:HAL_TIM_PeriodElapsedCallback	16	static
../Core/Src/main.c:1331:6:Error_Handler	4	static,ignoring_inline_asm
