../Core/Src/main.c:421:5:main	16	static
../Core/Src/main.c:612:6:SystemClock_Config	88	static
../Core/Src/main.c:653:13:MX_ADC1_Init	24	static
../Core/Src/main.c:704:13:MX_ADC2_Init	24	static
../Core/Src/main.c:755:13:MX_I2C1_Init	8	static
../Core/Src/main.c:788:13:MX_TIM1_Init	96	static
../Core/Src/main.c:861:13:MX_TIM2_Init	56	static
../Core/Src/main.c:909:13:MX_TIM3_Init	48	static
../Core/Src/main.c:966:13:MX_TIM6_Init	16	static
../Core/Src/main.c:1003:13:MX_TIM8_Init	96	static
../Core/Src/main.c:1080:13:MX_USART3_UART_Init	8	static
../Core/Src/main.c:1112:13:MX_GPIO_Init	48	static
../Core/Src/main.c:1158:6:HAL_TIM_IC_CaptureCallback	16	static
../Core/Src/main.c:1200:6:HAL_UART_RxCpltCallback	24	static
../Core/Src/main.c:1325:6:PIDConfigInit	24	static
../Core/Src/main.c:1334:6:PIDConfigReset	16	static
../Core/Src/main.c:1340:6:HCSR04_Read	8	static
../Core/Src/main.c:1354:6:StraightLineMove	32	static
../Core/Src/main.c:1378:6:RobotMoveDist	24	static
../Core/Src/main.c:1429:6:RobotMoveTick	24	static
../Core/Src/main.c:1473:6:StraightLineMoveSpeedScale	32	static
../Core/Src/main.c:1486:6:RobotTurn	40	static
../Core/Src/main.c:1506:6:RobotTurnFastest	40	static
../Core/Src/main.c:1528:6:RobotMoveDistObstacle	16	static
../Core/Src/main.c:1577:6:RobotMoveDistObstacleMem	24	static
../Core/Src/main.c:1628:6:RobotMoveUntilIROvershoot	24	static
../Core/Src/main.c:1687:6:RobotMoveUntilIRCloseDist	24	static
../Core/Src/main.c:1742:6:RobotTurnFC45	8	static
../Core/Src/main.c:1752:6:RobotTurnFC90	8	static
../Core/Src/main.c:1762:6:RobotTurnFC180	8	static
../Core/Src/main.c:1773:6:RobotTurnFA45	8	static
../Core/Src/main.c:1783:6:RobotTurnFA90	8	static
../Core/Src/main.c:1793:6:RobotTurnFA180	8	static
../Core/Src/main.c:1805:6:RobotTurnFR30	8	static
../Core/Src/main.c:1814:6:RobotTurnFL30	8	static
../Core/Src/main.c:1833:6:runEncoder	16	static
../Core/Src/main.c:1889:6:runOledTask	24	static
../Core/Src/main.c:1956:6:runFWTask	16	static
../Core/Src/main.c:2043:6:runBWTask	16	static
../Core/Src/main.c:2125:6:runFLTask	16	static
../Core/Src/main.c:2184:6:runFRTask	16	static
../Core/Src/main.c:2245:6:runBLTask	16	static
../Core/Src/main.c:2315:6:runBRTask	16	static
../Core/Src/main.c:2385:6:runCmdTask	16	static
../Core/Src/main.c:2529:6:runMoveDistObsTask	16	static
../Core/Src/main.c:2566:6:runTurnATask	24	static
../Core/Src/main.c:2653:6:runTurnIRTask	16	static
../Core/Src/main.c:2696:6:runTurnIRClose	16	static
../Core/Src/main.c:2739:6:runTDTask	24	static
../Core/Src/main.c:2779:6:runTurnBTask	16	static
../Core/Src/main.c:2836:6:runGHTask	16	static
../Core/Src/main.c:2896:6:HAL_TIM_PeriodElapsedCallback	16	static
../Core/Src/main.c:2914:6:Error_Handler	4	static,ignoring_inline_asm
