../Core/Src/main.c:352:5:main	16	static
../Core/Src/main.c:527:6:SystemClock_Config	88	static
../Core/Src/main.c:568:13:MX_I2C1_Init	8	static
../Core/Src/main.c:601:13:MX_TIM1_Init	96	static
../Core/Src/main.c:674:13:MX_TIM2_Init	56	static
../Core/Src/main.c:722:13:MX_TIM3_Init	48	static
../Core/Src/main.c:779:13:MX_TIM6_Init	16	static
../Core/Src/main.c:816:13:MX_TIM8_Init	96	static
../Core/Src/main.c:893:13:MX_USART3_UART_Init	8	static
../Core/Src/main.c:925:13:MX_GPIO_Init	48	static
../Core/Src/main.c:971:6:HAL_TIM_IC_CaptureCallback	16	static
../Core/Src/main.c:1013:6:HAL_UART_RxCpltCallback	24	static
../Core/Src/main.c:1130:6:PIDConfigInit	24	static
../Core/Src/main.c:1139:6:PIDConfigReset	16	static
../Core/Src/main.c:1145:6:HCSR04_Read	8	static
../Core/Src/main.c:1159:6:StraightLineMove	32	static
../Core/Src/main.c:1176:6:RobotMoveDist	24	static
../Core/Src/main.c:1224:6:StraightLineMoveSpeedScale	32	static
../Core/Src/main.c:1237:6:RobotTurn	40	static
../Core/Src/main.c:1259:6:RobotMoveDistObstacle	16	static
../Core/Src/main.c:1317:6:runEncoder	64	static
../Core/Src/main.c:1383:6:runOledTask	24	static
../Core/Src/main.c:1417:6:runFWTask	16	static
../Core/Src/main.c:1502:6:runBWTask	16	static
../Core/Src/main.c:1583:6:runFLTask	16	static
../Core/Src/main.c:1654:6:runFRTask	16	static
../Core/Src/main.c:1721:6:runBLTask	16	static
../Core/Src/main.c:1788:6:runBRTask	16	static
../Core/Src/main.c:1855:6:runADCTask	16	static
../Core/Src/main.c:1898:6:runCmdTask	16	static
../Core/Src/main.c:2005:6:runMoveDistObsTask	16	static
../Core/Src/main.c:2041:6:runNavArdObsTask	16	static
../Core/Src/main.c:2060:6:HAL_TIM_PeriodElapsedCallback	16	static
../Core/Src/main.c:2078:6:Error_Handler	4	static,ignoring_inline_asm
